Archive member included to satisfy reference by file (symbol)

C:/Users/alvar/Downloads/msys2/msys2/opt/devkitpro/libctru/lib\libcitro2d.a(base.o)
                              main.o (C2D_Init)
C:/Users/alvar/Downloads/msys2/msys2/opt/devkitpro/libctru/lib\libcitro2d.a(text.o)
                              main.o (C2D_TextBufNew)
C:/Users/alvar/Downloads/msys2/msys2/opt/devkitpro/libctru/lib\libcitro2d.a(spritesheet.o)
                              main.o (C2D_SpriteSheetLoad)
C:/Users/alvar/Downloads/msys2/msys2/opt/devkitpro/libctru/lib\libcitro2d.a(font.o)
                              main.o (C2D_FontLoadSystem)
C:/Users/alvar/Downloads/msys2/msys2/opt/devkitpro/libctru/lib\libcitro2d.a(render2d.shbin.o)
                              C:/Users/alvar/Downloads/msys2/msys2/opt/devkitpro/libctru/lib\libcitro2d.a(base.o) (render2d_shbin)
C:/Users/alvar/Downloads/msys2/msys2/opt/devkitpro/libctru/lib\libcitro3d.a(attribs.o)
                              C:/Users/alvar/Downloads/msys2/msys2/opt/devkitpro/libctru/lib\libcitro2d.a(base.o) (AttrInfo_Init)
C:/Users/alvar/Downloads/msys2/msys2/opt/devkitpro/libctru/lib\libcitro3d.a(base.o)
                              C:/Users/alvar/Downloads/msys2/msys2/opt/devkitpro/libctru/lib\libcitro3d.a(attribs.o) (__C3D_Context)
C:/Users/alvar/Downloads/msys2/msys2/opt/devkitpro/libctru/lib\libcitro3d.a(buffers.o)
                              C:/Users/alvar/Downloads/msys2/msys2/opt/devkitpro/libctru/lib\libcitro2d.a(base.o) (BufInfo_Init)
C:/Users/alvar/Downloads/msys2/msys2/opt/devkitpro/libctru/lib\libcitro3d.a(drawElements.o)
                              C:/Users/alvar/Downloads/msys2/msys2/opt/devkitpro/libctru/lib\libcitro2d.a(base.o) (C3D_DrawElements)
C:/Users/alvar/Downloads/msys2/msys2/opt/devkitpro/libctru/lib\libcitro3d.a(effect.o)
                              C:/Users/alvar/Downloads/msys2/msys2/opt/devkitpro/libctru/lib\libcitro3d.a(base.o) (C3D_DepthMap)
C:/Users/alvar/Downloads/msys2/msys2/opt/devkitpro/libctru/lib\libcitro3d.a(framebuffer.o)
                              C:/Users/alvar/Downloads/msys2/msys2/opt/devkitpro/libctru/lib\libcitro3d.a(base.o) (C3Di_FrameBufBind)
C:/Users/alvar/Downloads/msys2/msys2/opt/devkitpro/libctru/lib\libcitro3d.a(immediate.o)
                              C:/Users/alvar/Downloads/msys2/msys2/opt/devkitpro/libctru/lib\libcitro3d.a(base.o) (C3D_ImmSendAttrib)
C:/Users/alvar/Downloads/msys2/msys2/opt/devkitpro/libctru/lib\libcitro3d.a(proctex.o)
                              C:/Users/alvar/Downloads/msys2/msys2/opt/devkitpro/libctru/lib\libcitro2d.a(base.o) (C3D_ProcTexInit)
C:/Users/alvar/Downloads/msys2/msys2/opt/devkitpro/libctru/lib\libcitro3d.a(renderqueue.o)
                              C:/Users/alvar/Downloads/msys2/msys2/opt/devkitpro/libctru/lib\libcitro3d.a(base.o) (C3Di_RenderQueueEnableVBlank)
C:/Users/alvar/Downloads/msys2/msys2/opt/devkitpro/libctru/lib\libcitro3d.a(tex3ds.o)
                              C:/Users/alvar/Downloads/msys2/msys2/opt/devkitpro/libctru/lib\libcitro2d.a(spritesheet.o) (Tex3DS_TextureImport)
C:/Users/alvar/Downloads/msys2/msys2/opt/devkitpro/libctru/lib\libcitro3d.a(texenv.o)
                              C:/Users/alvar/Downloads/msys2/msys2/opt/devkitpro/libctru/lib\libcitro2d.a(base.o) (C3D_GetTexEnv)
C:/Users/alvar/Downloads/msys2/msys2/opt/devkitpro/libctru/lib\libcitro3d.a(texture.o)
                              C:/Users/alvar/Downloads/msys2/msys2/opt/devkitpro/libctru/lib\libcitro3d.a(tex3ds.o) (C3D_TexInitWithParams)
C:/Users/alvar/Downloads/msys2/msys2/opt/devkitpro/libctru/lib\libcitro3d.a(uniforms.o)
                              C:/Users/alvar/Downloads/msys2/msys2/opt/devkitpro/libctru/lib\libcitro3d.a(base.o) (C3D_UpdateUniforms)
C:/Users/alvar/Downloads/msys2/msys2/opt/devkitpro/libctru/lib\libcitro3d.a(mtx_multiply.o)
                              C:/Users/alvar/Downloads/msys2/msys2/opt/devkitpro/libctru/lib\libcitro2d.a(base.o) (Mtx_Multiply)
C:/Users/alvar/Downloads/msys2/msys2/opt/devkitpro/libctru/lib\libcitro3d.a(mtx_ortho.o)
                              C:/Users/alvar/Downloads/msys2/msys2/opt/devkitpro/libctru/lib\libcitro2d.a(base.o) (Mtx_Ortho)
C:/Users/alvar/Downloads/msys2/msys2/opt/devkitpro/libctru/lib\libcitro3d.a(mtx_orthotilt.o)
                              C:/Users/alvar/Downloads/msys2/msys2/opt/devkitpro/libctru/lib\libcitro2d.a(base.o) (Mtx_OrthoTilt)
C:/Users/alvar/Downloads/msys2/msys2/opt/devkitpro/libctru/lib\libcitro3d.a(mtx_rotatez.o)
                              C:/Users/alvar/Downloads/msys2/msys2/opt/devkitpro/libctru/lib\libcitro2d.a(base.o) (Mtx_RotateZ)
C:/Users/alvar/Downloads/msys2/msys2/opt/devkitpro/libctru/lib\libcitro3d.a(mtx_scale.o)
                              C:/Users/alvar/Downloads/msys2/msys2/opt/devkitpro/libctru/lib\libcitro2d.a(base.o) (Mtx_Scale)
C:/Users/alvar/Downloads/msys2/msys2/opt/devkitpro/libctru/lib\libcitro3d.a(mtx_translate.o)
[...]
Memory Configuration

Name             Origin             Length             Attributes
*default*        0x00000000         0xffffffff

Linker script and memory map

                0x00000000                        __sync_synchronize = __sync_synchronize_dmb
                0x00100000                        PROVIDE (__start__ = 0x100000)
                0x00100000                        . = __start__

.text           0x00100000    0x26ce0
 *(.crt0)
 .crt0          0x00100000       0x94 C:/Users/alvar/Downloads/msys2/msys2/opt/devkitpro/devkitARM/bin/../lib/gcc/arm-none-eabi/15.1.0/../../../../arm-none-eabi/lib/armv6k/fpu/3dsx_crt0.o
                0x00100000                _start
                0x00100008                __service_ptr
                0x0010000c                __apt_appid
                0x00100010                __heap_size
                0x00100014                __linear_heap_size
                0x00100018                __system_arglist
                0x0010001c                __system_runflags
 *(.init)
 .init          0x00100094        0xc C:/Users/alvar/Downloads/msys2/msys2/opt/devkitpro/devkitARM/bin/../lib/gcc/arm-none-eabi/15.1.0/armv6k/fpu/crti.o
                0x00100094                _init
 .init          0x001000a0        0xc C:/Users/alvar/Downloads/msys2/msys2/opt/devkitpro/devkitARM/bin/../lib/gcc/arm-none-eabi/15.1.0/armv6k/fpu/crtn.o
                0x001000ac                        . = ALIGN (0x4)
 *(.text)
 .text          0x001000ac      0x20c C:/Users/alvar/Downloads/msys2/msys2/opt/devkitpro/devkitARM/bin/../lib/gcc/arm-none-eabi/15.1.0/armv6k/fpu\libgcc.a(_udivsi3.o)
                0x001000ac                __aeabi_uidiv
                0x001000ac                __udivsi3
                0x00100298                __aeabi_uidivmod
 .text          0x001002b8      0x240 C:/Users/alvar/Downloads/msys2/msys2/opt/devkitpro/devkitARM/bin/../lib/gcc/arm-none-eabi/15.1.0/armv6k/fpu\libgcc.a(_divsi3.o)
                0x001002b8                __divsi3
                0x001002b8                __aeabi_idiv
                0x001004d8                __aeabi_idivmod
 .text          0x001004f8        0x4 C:/Users/alvar/Downloads/msys2/msys2/opt/devkitpro/devkitARM/bin/../lib/gcc/arm-none-eabi/15.1.0/armv6k/fpu\libgcc.a(_dvmd_tls.o)
                0x001004f8                __aeabi_idiv0
                0x001004f8                __aeabi_ldiv0
 .text          0x001004fc      0x3c0 C:/Users/alvar/Downloads/msys2/msys2/opt/devkitpro/devkitARM/bin/../lib/gcc/arm-none-eabi/15.1.0/armv6k/fpu\libgcc.a(_arm_addsubdf3.o)
                0x001004fc                __aeabi_drsub
                0x00100504                __aeabi_dsub
                0x00100504                __subdf3
                0x00100508                __aeabi_dadd
                0x00100508                __adddf3
                0x001007b4                __floatunsidf
                0x001007b4                __aeabi_ui2d
                0x001007d8                __floatsidf
                0x001007d8                __aeabi_i2d
                0x00100800                __aeabi_f2d
                0x00100800                __extendsfdf2
                0x00100848                __floatundidf
                0x00100848                __aeabi_ul2d
                0x0010085c                __floatdidf
                0x0010085c                __aeabi_l2d
 .text          0x001008bc       0xd4 C:/Users/alvar/Downloads/msys2/msys2/opt/devkitpro/devkitARM/bin/../lib/gcc/arm-none-eabi/15.1.0/armv6k/fpu\libgcc.a(_aeabi_ldivmod.o)
                0x001008bc                __aeabi_ldivmod
 .text          0x00100990       0x3c C:/Users/alvar/Downloads/msys2/msys2/opt/devkitpro/devkitARM/bin/../lib/gcc/arm-none-eabi/15.1.0/armv6k/fpu\libgcc.a(_aeabi_uldivmod.o)
                0x00100990                __aeabi_uldivmod
 *fill*         0x001009cc       0x14 
 .text          0x001009e0      0x390 C:/Users/alvar/Downloads/msys2/msys2/opt/devkitpro/devkitARM/bin/../lib/gcc/arm-none-eabi/15.1.0/../../../../arm-none-eabi/lib/armv6k/fpu\libg.a(libc_a-strcmp.o)
                0x001009e8                strcmp
 *(.text.*)
 .text.__do_global_dtors_aux
                0x00100d70       0x50 C:/Users/alvar/Downloads/msys2/msys2/opt/devkitpro/devkitARM/bin/../lib/gcc/arm-none-eabi/15.1.0/armv6k/fpu/crtbegin.o
 .text.frame_dummy
                0x00100dc0       0x2c C:/Users/alvar/Downloads/msys2/msys2/opt/devkitpro/devkitARM/bin/../lib/gcc/arm-none-eabi/15.1.0/armv6k/fpu/crtbegin.o
 .text.startup.main
                0x00100dec      0x798 main.o
                0x00100dec                main
 .text.C2Di_FrameEndHook
                0x00101584       0x44 C:/Users/alvar/Downloads/msys2/msys2/opt/devkitpro/libctru/lib\libcitro2d.a(base.o)
 .text.C2D_Init
                0x001015c8      0x36c C:/Users/alvar/Downloads/msys2/msys2/opt/devkitpro/libctru/lib\libcitro2d.a(base.o)
                0x001015c8                C2D_Init
 .text.C2D_Fini
                0x00101934       0x4c C:/Users/alvar/Downloads/msys2/msys2/opt/devkitpro/libctru/lib\libcitro2d.a(base.o)
                0x00101934                C2D_Fini
 .text.C2D_Prepare
                0x00101980       0xb8 C:/Users/alvar/Downloads/msys2/msys2/opt/devkitpro/libctru/lib\libcitro2d.a(base.o)
                0x00101980                C2D_Prepare
 .text.C2D_Flush
                0x00101a38       0x48 C:/Users/alvar/Downloads/msys2/msys2/opt/devkitpro/libctru/lib\libcitro2d.a(base.o)
                0x00101a38                C2D_Flush
 .text.C2D_SceneSize
                0x00101a80      0x104 C:/Users/alvar/Downloads/msys2/msys2/opt/devkitpro/libctru/lib\libcitro2d.a(base.o)
                0x00101a80                C2D_SceneSize
 .text.C2D_CreateScreenTarget
                0x00101b84       0x58 C:/Users/alvar/Downloads/msys2/msys2/opt/devkitpro/libctru/lib\libcitro2d.a(base.o)
                0x00101b84                C2D_CreateScreenTarget
 .text.C2D_TargetClear
                0x00101bdc       0x64 C:/Users/alvar/Downloads/msys2/msys2/opt/devkitpro/libctru/lib\libcitro2d.a(base.o)
                0x00101bdc                C2D_TargetClear
 .text.C2Di_CalcQuad
                0x00101c40      0x13c C:/Users/alvar/Downloads/msys2/msys2/opt/devkitpro/libctru/lib\libcitro2d.a(base.o)
                0x00101c40                C2Di_CalcQuad
 .text.C2Di_AppendQuad
                0x00101d7c       0x58 C:/Users/alvar/Downloads/msys2/msys2/opt/devkitpro/libctru/lib\libcitro2d.a(base.o)
                0x00101d7c                C2Di_AppendQuad
 .text.C2Di_AppendVtx
                0x00101dd4       0x40 C:/Users/alvar/Downloads/msys2/msys2/opt/devkitpro/libctru/lib\libcitro2d.a(base.o)
                0x00101dd4                C2Di_AppendVtx
 .text.C2Di_Update
                0x00101e14      0x550 C:/Users/alvar/Downloads/msys2/msys2/opt/devkitpro/libctru/lib\libcitro2d.a(base.o)
                0x00101e14                C2Di_Update
 .text.C2D_DrawImage
                0x00102364      0x2b0 C:/Users/alvar/Downloads/msys2/msys2/opt/devkitpro/libctru/lib\libcitro2d.a(base.o)
                0x00102364                C2D_DrawImage
 .text.C2Di_GlyphComp
                0x00102614       0x18 C:/Users/alvar/Downloads/msys2/msys2/opt/devkitpro/libctru/lib\libcitro2d.a(text.o)
 .text.C2Di_CalcLineWidths
                0x0010262c      0x140 C:/Users/alvar/Downloads/msys2/msys2/opt/devkitpro/libctru/lib\libcitro2d.a(text.o)
 .text.C2D_TextBufNew
                0x0010276c      0x1dc C:/Users/alvar/Downloads/msys2/msys2/opt/devkitpro/libctru/lib\libcitro2d.a(text.o)
                0x0010276c                C2D_TextBufNew
 .text.C2D_TextFontParseLine
                0x00102948      0x1c8 C:/Users/alvar/Downloads/msys2/msys2/opt/devkitpro/libctru/lib\libcitro2d.a(text.o)
                0x00102948                C2D_TextFontParseLine
 .text.C2D_TextFontParse
                0x00102b10       0xa8 C:/Users/alvar/Downloads/msys2/msys2/opt/devkitpro/libctru/lib\libcitro2d.a(text.o)
                0x00102b10                C2D_TextFontParse
 .text.C2D_TextOptimize
                0x00102bb8       0x30 C:/Users/alvar/Downloads/msys2/msys2/opt/devkitpro/libctru/lib\libcitro2d.a(text.o)
                0x00102bb8                C2D_TextOptimize
 .text.C2D_TextGetDimensions
                0x00102be8       0xc0 C:/Users/alvar/Downloads/msys2/msys2/opt/devkitpro/libctru/lib\libcitro2d.a(text.o)
                0x00102be8                C2D_TextGetDimensions
 .text.C2D_DrawText
                0x00102ca8      0xf6c C:/Users/alvar/Downloads/msys2/msys2/opt/devkitpro/libctru/lib\libcitro2d.a(text.o)
                0x00102ca8                C2D_DrawText
 .text.C2D_SpriteSheetLoadFromHandle
                0x00103c14       0x6c C:/Users/alvar/Downloads/msys2/msys2/opt/devkitpro/libctru/lib\libcitro2d.a(spritesheet.o)
                0x00103c14                C2D_SpriteSheetLoadFromHandle
 .text.C2D_SpriteSheetLoad
                0x00103c80       0x48 C:/Users/alvar/Downloads/msys2/msys2/opt/devkitpro/libctru/lib\libcitro2d.a(spritesheet.o)
                0x00103c80                C2D_SpriteSheetLoad
 .text.C2D_SpriteSheetFree
                0x00103cc8       0x28 C:/Users/alvar/Downloads/msys2/msys2/opt/devkitpro/libctru/lib\libcitro2d.a(spritesheet.o)
                0x00103cc8                C2D_SpriteSheetFree
 .text.C2D_SpriteSheetGetImage
                0x00103cf0       0x2c C:/Users/alvar/Downloads/msys2/msys2/opt/devkitpro/libctru/lib\libcitro2d.a(spritesheet.o)
                0x00103cf0                C2D_SpriteSheetGetImage
 .text.C2D_FontFree
                0x00103d1c       0x28 C:/Users/alvar/Downloads/msys2/msys2/opt/devkitpro/libctru/lib\libcitro2d.a(font.o)
                0x00103d1c                C2D_FontFree
 .text.C2Di_PostLoadFont
                0x00103d44       0xe8 C:/Users/alvar/Downloads/msys2/msys2/opt/devkitpro/libctru/lib\libcitro2d.a(font.o)
 .text.C2D_FontLoadSystem
                0x00103e2c      0x1c0 C:/Users/alvar/Downloads/msys2/msys2/opt/devkitpro/libctru/lib\libcitro2d.a(font.o)
                0x00103e2c                C2D_FontLoadSystem
 .text.C2D_FontGlyphIndexFromCodePoint
                0x00103fec       0x44 C:/Users/alvar/Downloads/msys2/msys2/opt/devkitpro/libctru/lib\libcitro2d.a(font.o)
                0x00103fec                C2D_FontGlyphIndexFromCodePoint
 .text.C2D_FontCalcGlyphPos
                0x00104030       0x78 C:/Users/alvar/Downloads/msys2/msys2/opt/devkitpro/libctru/lib\libcitro2d.a(font.o)
                0x00104030                C2D_FontCalcGlyphPos
 .text.AttrInfo_Init
                0x001040a8       0x28 C:/Users/alvar/Downloads/msys2/msys2/opt/devkitpro/libctru/lib\libcitro3d.a(attribs.o)
                0x001040a8                AttrInfo_Init
 .text.AttrInfo_AddLoader
                0x001040d0       0x94 C:/Users/alvar/Downloads/msys2/msys2/opt/devkitpro/libctru/lib\libcitro3d.a(attribs.o)
                0x001040d0                AttrInfo_AddLoader
 .text.C3D_SetAttrInfo
                0x00104164       0x54 C:/Users/alvar/Downloads/msys2/msys2/opt/devkitpro/libctru/lib\libcitro3d.a(attribs.o)
                0x00104164                C3D_SetAttrInfo
 .text.C3Di_AttrInfoBind
                0x001041b8       0x80 C:/Users/alvar/Downloads/msys2/msys2/opt/devkitpro/libctru/lib\libcitro3d.a(attribs.o)
                0x001041b8                C3Di_AttrInfoBind
 .text.C3Di_LightEnvUpdate
                0x00104238        0x4 C:/Users/alvar/Downloads/msys2/msys2/opt/devkitpro/libctru/lib\libcitro3d.a(base.o)
                0x00104238                C3Di_LightEnvUpdate
 .text.C3Di_LightEnvDirty
                0x0010423c        0x4 C:/Users/alvar/Downloads/msys2/msys2/opt/devkitpro/libctru/lib\libcitro3d.a(base.o)
                0x0010423c                C3Di_LightEnvDirty
 .text.C3Di_AptEventHook
                0x00104240       0xb4 C:/Users/alvar/Downloads/msys2/msys2/opt/devkitpro/libctru/lib\libcitro3d.a(base.o)
 .text.C3Di_GasUpdate
                0x001042f4        0x4 C:/Users/alvar/Downloads/msys2/msys2/opt/devkitpro/libctru/lib\libcitro3d.a(base.o)
                0x001042f4                C3Di_GasUpdate
 .text.C3D_Init
                0x001042f8      0x1d0 C:/Users/alvar/Downloads/msys2/msys2/opt/devkitpro/libctru/lib\libcitro3d.a(base.o)
                0x001042f8                C3D_Init
 .text.C3D_SetViewport
                0x001044c8       0x98 C:/Users/alvar/Downloads/msys2/msys2/opt/devkitpro/libctru/lib\libcitro3d.a(base.o)
                0x001044c8                C3D_SetViewport
 .text.C3Di_UpdateContext
                0x00104560      0x4e8 C:/Users/alvar/Downloads/msys2/msys2/opt/devkitpro/libctru/lib\libcitro3d.a(base.o)
                0x00104560                C3Di_UpdateContext
 .text.C3Di_SplitFrame
                0x00104a48       0xe0 C:/Users/alvar/Downloads/msys2/msys2/opt/devkitpro/libctru/lib\libcitro3d.a(base.o)
                0x00104a48                C3Di_SplitFrame
 .text.C3D_Fini
                0x00104b28       0x44 C:/Users/alvar/Downloads/msys2/msys2/opt/devkitpro/libctru/lib\libcitro3d.a(base.o)
                0x00104b28                C3D_Fini
 .text.C3D_BindProgram
                0x00104b6c      0x194 C:/Users/alvar/Downloads/msys2/msys2/opt/devkitpro/libctru/lib\libcitro3d.a(base.o)
                0x00104b6c                C3D_BindProgram
 .text.BufInfo_Init
                0x00104d00       0x24 C:/Users/alvar/Downloads/msys2/msys2/opt/devkitpro/libctru/lib\libcitro3d.a(buffers.o)
                0x00104d00                BufInfo_Init
 .text.BufInfo_Add
                0x00104d24       0x80 C:/Users/alvar/Downloads/msys2/msys2/opt/devkitpro/libctru/lib\libcitro3d.a(buffers.o)
                0x00104d24                BufInfo_Add
 .text.C3D_SetBufInfo
                0x00104da4       0x3c C:/Users/alvar/Downloads/msys2/msys2/opt/devkitpro/libctru/lib\libcitro3d.a(buffers.o)
                0x00104da4                C3D_SetBufInfo
 .text.C3Di_BufInfoBind
                0x00104de0       0x48 C:/Users/alvar/Downloads/msys2/msys2/opt/devkitpro/libctru/lib\libcitro3d.a(buffers.o)
                0x00104de0                C3Di_BufInfoBind
 .text.C3D_DrawElements
                0x00104e28      0x21c C:/Users/alvar/Downloads/msys2/msys2/opt/devkitpro/libctru/lib\libcitro3d.a(drawElements.o)
                0x00104e28                C3D_DrawElements
 .text.C3D_DepthMap
                0x00105044       0x40 C:/Users/alvar/Downloads/msys2/msys2/opt/devkitpro/libctru/lib\libcitro3d.a(effect.o)
                0x00105044                C3D_DepthMap
 .text.C3D_CullFace
                0x00105084       0x1c C:/Users/alvar/Downloads/msys2/msys2/opt/devkitpro/libctru/lib\libcitro3d.a(effect.o)
                0x00105084                C3D_CullFace
 .text.C3D_StencilTest
                0x001050a0       0x40 C:/Users/alvar/Downloads/msys2/msys2/opt/devkitpro/libctru/lib\libcitro3d.a(effect.o)
                0x001050a0                C3D_StencilTest
 .text.C3D_StencilOp
                0x001050e0       0x24 C:/Users/alvar/Downloads/msys2/msys2/opt/devkitpro/libctru/lib\libcitro3d.a(effect.o)
                0x001050e0                C3D_StencilOp
 .text.C3D_BlendingColor
                0x00105104       0x1c C:/Users/alvar/Downloads/msys2/msys2/opt/devkitpro/libctru/lib\libcitro3d.a(effect.o)
                0x00105104                C3D_BlendingColor
 .text.C3D_EarlyDepthTest
                0x00105120       0x24 C:/Users/alvar/Downloads/msys2/msys2/opt/devkitpro/libctru/lib\libcitro3d.a(effect.o)
                0x00105120                C3D_EarlyDepthTest
 .text.C3D_DepthTest
                0x00105144       0x2c C:/Users/alvar/Downloads/msys2/msys2/opt/devkitpro/libctru/lib\libcitro3d.a(effect.o)
                0x00105144                C3D_DepthTest
 .text.C3D_AlphaTest
                0x00105170       0x2c C:/Users/alvar/Downloads/msys2/msys2/opt/devkitpro/libctru/lib\libcitro3d.a(effect.o)
                0x00105170                C3D_AlphaTest
 .text.C3D_AlphaBlend
                0x0010519c       0x50 C:/Users/alvar/Downloads/msys2/msys2/opt/devkitpro/libctru/lib\libcitro3d.a(effect.o)
                0x0010519c                C3D_AlphaBlend
 .text.C3D_FragOpMode
                0x001051ec       0x30 C:/Users/alvar/Downloads/msys2/msys2/opt/devkitpro/libctru/lib\libcitro3d.a(effect.o)
                0x001051ec                C3D_FragOpMode
 .text.C3D_FragOpShadow
                0x0010521c       0x44 C:/Users/alvar/Downloads/msys2/msys2/opt/devkitpro/libctru/lib\libcitro3d.a(effect.o)
                0x0010521c                C3D_FragOpShadow
 .text.C3Di_EffectBind
                0x00105260      0x1ac C:/Users/alvar/Downloads/msys2/msys2/opt/devkitpro/libctru/lib\libcitro3d.a(effect.o)
                0x00105260                C3Di_EffectBind
 .text.C3D_CalcColorBufSize
                0x0010540c       0x1c C:/Users/alvar/Downloads/msys2/msys2/opt/devkitpro/libctru/lib\libcitro3d.a(framebuffer.o)
                0x0010540c                C3D_CalcColorBufSize
 .text.C3D_CalcDepthBufSize
                0x00105428       0x1c C:/Users/alvar/Downloads/msys2/msys2/opt/devkitpro/libctru/lib\libcitro3d.a(framebuffer.o)
                0x00105428                C3D_CalcDepthBufSize
 .text.C3D_SetFrameBuf
                0x00105444       0x44 C:/Users/alvar/Downloads/msys2/msys2/opt/devkitpro/libctru/lib\libcitro3d.a(framebuffer.o)
                0x00105444                C3D_SetFrameBuf
 .text.C3Di_FrameBufBind
                0x00105488      0x16c C:/Users/alvar/Downloads/msys2/msys2/opt/devkitpro/libctru/lib\libcitro3d.a(framebuffer.o)
                0x00105488                C3Di_FrameBufBind
 .text.C3D_FrameBufClear
                0x001055f4       0xc8 C:/Users/alvar/Downloads/msys2/msys2/opt/devkitpro/libctru/lib\libcitro3d.a(framebuffer.o)
                0x001055f4                C3D_FrameBufClear
 .text.C3D_FrameBufTransfer
                0x001056bc       0x44 C:/Users/alvar/Downloads/msys2/msys2/opt/devkitpro/libctru/lib\libcitro3d.a(framebuffer.o)
                0x001056bc                C3D_FrameBufTransfer
 .text.C3D_ImmSendAttrib
                0x00105700       0xa8 C:/Users/alvar/Downloads/msys2/msys2/opt/devkitpro/libctru/lib\libcitro3d.a(immediate.o)
                0x00105700                C3D_ImmSendAttrib
 .text.C3D_ProcTexInit
                0x001057a8       0x70 C:/Users/alvar/Downloads/msys2/msys2/opt/devkitpro/libctru/lib\libcitro3d.a(proctex.o)
                0x001057a8                C3D_ProcTexInit
 .text.C3D_ProcTexBind
                0x00105818       0x54 C:/Users/alvar/Downloads/msys2/msys2/opt/devkitpro/libctru/lib\libcitro3d.a(proctex.o)
                0x00105818                C3D_ProcTexBind
 .text.C3D_ProcTexLutBind
                0x0010586c       0x5c C:/Users/alvar/Downloads/msys2/msys2/opt/devkitpro/libctru/lib\libcitro3d.a(proctex.o)
                0x0010586c                C3D_ProcTexLutBind
 .text.ProcTexLut_FromArray
                0x001058c8       0xa4 C:/Users/alvar/Downloads/msys2/msys2/opt/devkitpro/libctru/lib\libcitro3d.a(proctex.o)
                0x001058c8                ProcTexLut_FromArray
 .text.C3Di_ProcTexUpdate
                0x0010596c      0x178 C:/Users/alvar/Downloads/msys2/msys2/opt/devkitpro/libctru/lib\libcitro3d.a(proctex.o)
                0x0010596c                C3Di_ProcTexUpdate
 .text.C3Di_ProcTexDirty
                0x00105ae4       0x68 C:/Users/alvar/Downloads/msys2/msys2/opt/devkitpro/libctru/lib\libcitro3d.a(proctex.o)
                0x00105ae4                C3Di_ProcTexDirty
 .text.onVBlank0
                0x00105b4c       0x4c C:/Users/alvar/Downloads/msys2/msys2/opt/devkitpro/libctru/lib\libcitro3d.a(renderqueue.o)
 .text.onVBlank1
                0x00105b98       0x4c C:/Users/alvar/Downloads/msys2/msys2/opt/devkitpro/libctru/lib\libcitro3d.a(renderqueue.o)
 .text.C3Di_RenderTargetDestroy
                0x00105be4       0x80 C:/Users/alvar/Downloads/msys2/msys2/opt/devkitpro/libctru/lib\libcitro3d.a(renderqueue.o)
 .text.onQueueFinish
                0x00105c64       0xf4 C:/Users/alvar/Downloads/msys2/msys2/opt/devkitpro/libctru/lib\libcitro3d.a(renderqueue.o)
 .text.C3Di_RenderQueueEnableVBlank
                0x00105d58       0x38 C:/Users/alvar/Downloads/msys2/msys2/opt/devkitpro/libctru/lib\libcitro3d.a(renderqueue.o)
                0x00105d58                C3Di_RenderQueueEnableVBlank
 .text.C3Di_RenderQueueDisableVBlank
                0x00105d90       0x30 C:/Users/alvar/Downloads/msys2/msys2/opt/devkitpro/libctru/lib\libcitro3d.a(renderqueue.o)
                0x00105d90                C3Di_RenderQueueDisableVBlank
 .text.C3Di_RenderQueueInit
                0x00105dc0       0x60 C:/Users/alvar/Downloads/msys2/msys2/opt/devkitpro/libctru/lib\libcitro3d.a(renderqueue.o)
                0x00105dc0                C3Di_RenderQueueInit
 .text.C3Di_RenderQueueExit
                0x00105e20       0xb4 C:/Users/alvar/Downloads/msys2/msys2/opt/devkitpro/libctru/lib\libcitro3d.a(renderqueue.o)
                0x00105e20                C3Di_RenderQueueExit
 .text.C3Di_RenderQueueWaitDone
                0x00105ed4       0x34 C:/Users/alvar/Downloads/msys2/msys2/opt/devkitpro/libctru/lib\libcitro3d.a(renderqueue.o)
                0x00105ed4                C3Di_RenderQueueWaitDone
 .text.C3D_FrameBegin
                0x00105f08       0xe8 C:/Users/alvar/Downloads/msys2/msys2/opt/devkitpro/libctru/lib\libcitro3d.a(renderqueue.o)
                0x00105f08                C3D_FrameBegin
 .text.C3D_FrameDrawOn
                0x00105ff0       0x48 C:/Users/alvar/Downloads/msys2/msys2/opt/devkitpro/libctru/lib\libcitro3d.a(renderqueue.o)
                0x00105ff0                C3D_FrameDrawOn
 .text.C3D_FrameSplit
                0x00106038       0x58 C:/Users/alvar/Downloads/msys2/msys2/opt/devkitpro/libctru/lib\libcitro3d.a(renderqueue.o)
                0x00106038                C3D_FrameSplit
 .text.C3D_FrameEnd
                0x00106090      0x1d0 C:/Users/alvar/Downloads/msys2/msys2/opt/devkitpro/libctru/lib\libcitro3d.a(renderqueue.o)
                0x00106090                C3D_FrameEnd
 .text.C3D_FrameEndHook
                0x00106260       0x1c C:/Users/alvar/Downloads/msys2/msys2/opt/devkitpro/libctru/lib\libcitro3d.a(renderqueue.o)
                0x00106260                C3D_FrameEndHook
 .text.C3D_RenderTargetCreate
                0x0010627c      0x170 C:/Users/alvar/Downloads/msys2/msys2/opt/devkitpro/libctru/lib\libcitro3d.a(renderqueue.o)
                0x0010627c                C3D_RenderTargetCreate
 .text.C3D_RenderTargetSetOutput
                0x001063ec       0xa8 C:/Users/alvar/Downloads/msys2/msys2/opt/devkitpro/libctru/lib\libcitro3d.a(renderqueue.o)
                0x001063ec                C3D_RenderTargetSetOutput
 .text.C3D_SyncTextureCopy
                0x00106494       0xfc C:/Users/alvar/Downloads/msys2/msys2/opt/devkitpro/libctru/lib\libcitro3d.a(renderqueue.o)
                0x00106494                C3D_SyncTextureCopy
 .text.Tex3DSi_ImportCommon
                0x00106590      0x3d8 C:/Users/alvar/Downloads/msys2/msys2/opt/devkitpro/libctru/lib\libcitro3d.a(tex3ds.o)
 .text.Tex3DS_TextureImportStdio
                0x00106968       0x38 C:/Users/alvar/Downloads/msys2/msys2/opt/devkitpro/libctru/lib\libcitro3d.a(tex3ds.o)
                0x00106968                Tex3DS_TextureImportStdio
 .text.Tex3DS_GetSubTexture
                0x001069a0       0x1c C:/Users/alvar/Downloads/msys2/msys2/opt/devkitpro/libctru/lib\libcitro3d.a(tex3ds.o)
                0x001069a0                Tex3DS_GetSubTexture
 .text.Tex3DS_TextureFree
                0x001069bc        0x4 C:/Users/alvar/Downloads/msys2/msys2/opt/devkitpro/libctru/lib\libcitro3d.a(tex3ds.o)
                0x001069bc                Tex3DS_TextureFree
 .text.C3D_GetTexEnv
                0x001069c0       0x34 C:/Users/alvar/Downloads/msys2/msys2/opt/devkitpro/libctru/lib\libcitro3d.a(texenv.o)
                0x001069c0                C3D_GetTexEnv
 .text.C3Di_TexEnvBind
                0x001069f4       0x24 C:/Users/alvar/Downloads/msys2/msys2/opt/devkitpro/libctru/lib\libcitro3d.a(texenv.o)
                0x001069f4                C3Di_TexEnvBind
 .text.C3D_TexInitWithParams
                0x00106a18      0x290 C:/Users/alvar/Downloads/msys2/msys2/opt/devkitpro/libctru/lib\libcitro3d.a(texture.o)
                0x00106a18                C3D_TexInitWithParams
 .text.C3D_TexLoadImage
                0x00106ca8       0xc8 C:/Users/alvar/Downloads/msys2/msys2/opt/devkitpro/libctru/lib\libcitro3d.a(texture.o)
                0x00106ca8                C3D_TexLoadImage
 .text.C3D_TexBind
                0x00106d70       0x44 C:/Users/alvar/Downloads/msys2/msys2/opt/devkitpro/libctru/lib\libcitro3d.a(texture.o)
                0x00106d70                C3D_TexBind
 .text.C3D_TexDelete
                0x00106db4       0x74 C:/Users/alvar/Downloads/msys2/msys2/opt/devkitpro/libctru/lib\libcitro3d.a(texture.o)
                0x00106db4                C3D_TexDelete
 .text.C3Di_SetTex
                0x00106e28      0x14c C:/Users/alvar/Downloads/msys2/msys2/opt/devkitpro/libctru/lib\libcitro3d.a(texture.o)
                0x00106e28                C3Di_SetTex
 .text.C3D_UpdateUniforms
                0x00106f74      0x290 C:/Users/alvar/Downloads/msys2/msys2/opt/devkitpro/libctru/lib\libcitro3d.a(uniforms.o)
                0x00106f74                C3D_UpdateUniforms
 .text.C3Di_DirtyUniforms
                0x00107204       0xc0 C:/Users/alvar/Downloads/msys2/msys2/opt/devkitpro/libctru/lib\libcitro3d.a(uniforms.o)
                0x00107204                C3Di_DirtyUniforms
 .text.C3Di_LoadShaderUniforms
                0x001072c4       0xd8 C:/Users/alvar/Downloads/msys2/msys2/opt/devkitpro/libctru/lib\libcitro3d.a(uniforms.o)
                0x001072c4                C3Di_LoadShaderUniforms
 .text.C3Di_ClearShaderUniforms
                0x0010739c       0x28 C:/Users/alvar/Downloads/msys2/msys2/opt/devkitpro/libctru/lib\libcitro3d.a(uniforms.o)
                0x0010739c                C3Di_ClearShaderUniforms
 .text.Mtx_Ortho
                0x001073c4       0xcc C:/Users/alvar/Downloads/msys2/msys2/opt/devkitpro/libctru/lib\libcitro3d.a(mtx_ortho.o)
                0x001073c4                Mtx_Ortho
 .text.Mtx_OrthoTilt
                0x00107490       0xcc C:/Users/alvar/Downloads/msys2/msys2/opt/devkitpro/libctru/lib\libcitro3d.a(mtx_orthotilt.o)
                0x00107490                Mtx_OrthoTilt
 .text._ZL21addrMapNodeComparatorPK11rbtree_nodeS1_
                0x0010755c       0x24 C:/Users/alvar/Downloads/msys2/msys2/opt/devkitpro/libctru/lib\libctru.a(linear.o)
 .text._ZL21addrMapNodeDestructorP11rbtree_node
                0x00107580        0x4 C:/Users/alvar/Downloads/msys2/msys2/opt/devkitpro/libctru/lib\libctru.a(linear.o)
 .text.linearMemAlign
                0x00107584      0x12c C:/Users/alvar/Downloads/msys2/msys2/opt/devkitpro/libctru/lib\libctru.a(linear.o)
                0x00107584                linearMemAlign
 .text.linearAlloc
                0x001076b0        0x8 C:/Users/alvar/Downloads/msys2/msys2/opt/devkitpro/libctru/lib\libctru.a(linear.o)
                0x001076b0                linearAlloc
 .text.linearFree
                0x001076b8       0x5c C:/Users/alvar/Downloads/msys2/msys2/opt/devkitpro/libctru/lib\libctru.a(linear.o)
                0x001076b8                linearFree
 .text._ZN7MemPool13CoalesceRightEP8MemBlock
                0x00107714       0x88 C:/Users/alvar/Downloads/msys2/msys2/opt/devkitpro/libctru/lib\libctru.a(mem_pool.o)
                0x00107714                MemPool::CoalesceRight(MemBlock*)
 .text._ZN7MemPool8AllocateER8MemChunkmi
                0x0010779c      0x178 C:/Users/alvar/Downloads/msys2/msys2/opt/devkitpro/libctru/lib\libctru.a(mem_pool.o)
                0x0010779c                MemPool::Allocate(MemChunk&, unsigned long, int)
 .text._ZN7MemPool10DeallocateERK8MemChunk
                0x00107914      0x118 C:/Users/alvar/Downloads/msys2/msys2/opt/devkitpro/libctru/lib\libctru.a(mem_pool.o)
                0x00107914                MemPool::Deallocate(MemChunk const&)
 .text._ZN7MemPool12GetFreeSpaceEv
                0x00107a2c       0x30 C:/Users/alvar/Downloads/msys2/msys2/opt/devkitpro/libctru/lib\libctru.a(mem_pool.o)
                0x00107a2c                MemPool::GetFreeSpace()
 .text._ZL21addrMapNodeComparatorPK11rbtree_nodeS1_
                0x00107a5c       0x24 C:/Users/alvar/Downloads/msys2/msys2/opt/devkitpro/libctru/lib\libctru.a(vram.o)
 .text._ZL21addrMapNodeDestructorP11rbtree_node
                0x00107a80        0x4 C:/Users/alvar/Downloads/msys2/msys2/opt/devkitpro/libctru/lib\libctru.a(vram.o)
 .text.vramMemAlignAt
                0x00107a84      0x248 C:/Users/alvar/Downloads/msys2/msys2/opt/devkitpro/libctru/lib\libctru.a(vram.o)
                0x00107a84                vramMemAlignAt
 .text.vramAlloc
                0x00107ccc        0xc C:/Users/alvar/Downloads/msys2/msys2/opt/devkitpro/libctru/lib\libctru.a(vram.o)
                0x00107ccc                vramAlloc
 .text.vramAllocAt
                0x00107cd8        0xc C:/Users/alvar/Downloads/msys2/msys2/opt/devkitpro/libctru/lib\libctru.a(vram.o)
                0x00107cd8                vramAllocAt
 .text.vramFree
                0x00107ce4       0x94 C:/Users/alvar/Downloads/msys2/msys2/opt/devkitpro/libctru/lib\libctru.a(vram.o)
                0x00107ce4                vramFree
 .text.consoleHandleColorEsc
                0x00107d78      0x454 C:/Users/alvar/Downloads/msys2/msys2/opt/devkitpro/libctru/lib\libctru.a(console.o)
 .text.consoleColorStateShift
                0x001081cc       0xd0 C:/Users/alvar/Downloads/msys2/msys2/opt/devkitpro/libctru/lib\libctru.a(console.o)
 .text.consoleDrawChar
                0x0010829c      0x1f8 C:/Users/alvar/Downloads/msys2/msys2/opt/devkitpro/libctru/lib\libctru.a(console.o)
                0x0010829c                consoleDrawChar
 .text.consolePrintChar
                0x00108494      0x160 C:/Users/alvar/Downloads/msys2/msys2/opt/devkitpro/libctru/lib\libctru.a(console.o)
                0x00108494                consolePrintChar
 .text.con_write
                0x001085f4      0x640 C:/Users/alvar/Downloads/msys2/msys2/opt/devkitpro/libctru/lib\libctru.a(console.o)
                0x001085f4                con_write
 .text.newRow   0x00108c34      0x10c C:/Users/alvar/Downloads/msys2/msys2/opt/devkitpro/libctru/lib\libctru.a(console.o)
 .text.consoleInit
                0x00108d40      0x18c C:/Users/alvar/Downloads/msys2/msys2/opt/devkitpro/libctru/lib\libctru.a(console.o)
                0x00108d40                consoleInit
 .text.fontEnsureMapped
                0x00108ecc       0x9c C:/Users/alvar/Downloads/msys2/msys2/opt/devkitpro/libctru/lib\libctru.a(font.o)
                0x00108ecc                fontEnsureMapped
 .text.fontFixPointers
                0x00108f68       0x7c C:/Users/alvar/Downloads/msys2/msys2/opt/devkitpro/libctru/lib\libctru.a(font.o)
                0x00108f68                fontFixPointers
 .text.fontGlyphIndexFromCodePoint
                0x00108fe4      0x100 C:/Users/alvar/Downloads/msys2/msys2/opt/devkitpro/libctru/lib\libctru.a(font.o)
                0x00108fe4                fontGlyphIndexFromCodePoint
 .text.fontCalcGlyphPos
                0x001090e4      0x214 C:/Users/alvar/Downloads/msys2/msys2/opt/devkitpro/libctru/lib\libctru.a(font.o)
                0x001090e4                fontCalcGlyphPos
 .text.gfxPresentFramebuffer
                0x001092f8       0xcc C:/Users/alvar/Downloads/msys2/msys2/opt/devkitpro/libctru/lib\libctru.a(gfx.o)
 .text.gfxIsWide
                0x001093c4       0x1c C:/Users/alvar/Downloads/msys2/msys2/opt/devkitpro/libctru/lib\libctru.a(gfx.o)
                0x001093c4                gfxIsWide
 .text.gfxSetScreenFormat
                0x001093e0       0xf8 C:/Users/alvar/Downloads/msys2/msys2/opt/devkitpro/libctru/lib\libctru.a(gfx.o)
                0x001093e0                gfxSetScreenFormat
 .text.gfxSetDoubleBuffering
                0x001094d8       0x10 C:/Users/alvar/Downloads/msys2/msys2/opt/devkitpro/libctru/lib\libctru.a(gfx.o)
                0x001094d8                gfxSetDoubleBuffering
 .text.gfxInit  0x001094e8       0xd8 C:/Users/alvar/Downloads/msys2/msys2/opt/devkitpro/libctru/lib\libctru.a(gfx.o)
                0x001094e8                gfxInit
 .text.gfxInitDefault
                0x001095c0       0x10 C:/Users/alvar/Downloads/msys2/msys2/opt/devkitpro/libctru/lib\libctru.a(gfx.o)
                0x001095c0                gfxInitDefault
 .text.gfxExit  0x001095d0       0xb8 C:/Users/alvar/Downloads/msys2/msys2/opt/devkitpro/libctru/lib\libctru.a(gfx.o)
                0x001095d0                gfxExit
 .text.gfxGetFramebuffer
                0x00109688       0xa0 C:/Users/alvar/Downloads/msys2/msys2/opt/devkitpro/libctru/lib\libctru.a(gfx.o)
                0x00109688                gfxGetFramebuffer
 .text.gfxFlushBuffers
                0x00109728      0x100 C:/Users/alvar/Downloads/msys2/msys2/opt/devkitpro/libctru/lib\libctru.a(gfx.o)
                0x00109728                gfxFlushBuffers
 .text.gfxScreenSwapBuffers
                0x00109828       0x28 C:/Users/alvar/Downloads/msys2/msys2/opt/devkitpro/libctru/lib\libctru.a(gfx.o)
                0x00109828                gfxScreenSwapBuffers
 .text.gfxSwapBuffersGpu
                0x00109850       0x50 C:/Users/alvar/Downloads/msys2/msys2/opt/devkitpro/libctru/lib\libctru.a(gfx.o)
                0x00109850                gfxSwapBuffersGpu
 .text.osConvertVirtToPhys
                0x001098a0       0x74 C:/Users/alvar/Downloads/msys2/msys2/opt/devkitpro/libctru/lib\libctru.a(os.o)
                0x001098a0                osConvertVirtToPhys
 .text.osGetTimeRef
                0x00109914       0x54 C:/Users/alvar/Downloads/msys2/msys2/opt/devkitpro/libctru/lib\libctru.a(os.o)
                0x00109914                osGetTimeRef
 .text.osGetTime
                0x00109968       0xec C:/Users/alvar/Downloads/msys2/msys2/opt/devkitpro/libctru/lib\libctru.a(os.o)
                0x00109968                osGetTime
 .text.__ctru_speedup_config
                0x00109a54       0x34 C:/Users/alvar/Downloads/msys2/msys2/opt/devkitpro/libctru/lib\libctru.a(os.o)
                0x00109a54                __ctru_speedup_config
 .text.romfs_close
                0x00109a88        0x8 C:/Users/alvar/Downloads/msys2/msys2/opt/devkitpro/libctru/lib\libctru.a(romfs_dev.o)
 .text.romfs_seek
                0x00109a90       0xac C:/Users/alvar/Downloads/msys2/msys2/opt/devkitpro/libctru/lib\libctru.a(romfs_dev.o)
 .text.romfs_dirreset
                0x00109b3c       0x24 C:/Users/alvar/Downloads/msys2/msys2/opt/devkitpro/libctru/lib\libctru.a(romfs_dev.o)
 .text.fill_dir
                0x00109b60       0xc0 C:/Users/alvar/Downloads/msys2/msys2/opt/devkitpro/libctru/lib\libctru.a(romfs_dev.o)
 .text.romfs_dirnext
                0x00109c20      0x2ac C:/Users/alvar/Downloads/msys2/msys2/opt/devkitpro/libctru/lib\libctru.a(romfs_dev.o)
 .text.romfs_free
                0x00109ecc       0x74 C:/Users/alvar/Downloads/msys2/msys2/opt/devkitpro/libctru/lib\libctru.a(romfs_dev.o)
 .text.searchForFile.constprop.0
                0x00109f40       0xd0 C:/Users/alvar/Downloads/msys2/msys2/opt/devkitpro/libctru/lib\libctru.a(romfs_dev.o)
 .text.searchForDir.constprop.0
                0x0010a010       0xd4 C:/Users/alvar/Downloads/msys2/msys2/opt/devkitpro/libctru/lib\libctru.a(romfs_dev.o)
 .text.navigateToDir.constprop.0
                0x0010a0e4      0x1c0 C:/Users/alvar/Downloads/msys2/msys2/opt/devkitpro/libctru/lib\libctru.a(romfs_dev.o)
 .text.romfs_open
                0x0010a2a4      0x114 C:/Users/alvar/Downloads/msys2/msys2/opt/devkitpro/libctru/lib\libctru.a(romfs_dev.o)
 .text.romfs_chdir
                0x0010a3b8       0x4c C:/Users/alvar/Downloads/msys2/msys2/opt/devkitpro/libctru/lib\libctru.a(romfs_dev.o)
 .text.romfs_diropen
                0x0010a404       0x68 C:/Users/alvar/Downloads/msys2/msys2/opt/devkitpro/libctru/lib\libctru.a(romfs_dev.o)
 .text.romfs_stat
                0x0010a46c      0x178 C:/Users/alvar/Downloads/msys2/msys2/opt/devkitpro/libctru/lib\libctru.a(romfs_dev.o)
 .text.romfs_dirclose
                0x0010a5e4        0x8 C:/Users/alvar/Downloads/msys2/msys2/opt/devkitpro/libctru/lib\libctru.a(romfs_dev.o)
 *fill*         0x0010a5ec        0x4 
 .text.romfs_fstat
                0x0010a5f0       0x7c C:/Users/alvar/Downloads/msys2/msys2/opt/devkitpro/libctru/lib\libctru.a(romfs_dev.o)
 .text.romfs_read
                0x0010a66c       0xd0 C:/Users/alvar/Downloads/msys2/msys2/opt/devkitpro/libctru/lib\libctru.a(romfs_dev.o)
 .text.romfsMountFromFile
                0x0010a73c      0x28c C:/Users/alvar/Downloads/msys2/msys2/opt/devkitpro/libctru/lib\libctru.a(romfs_dev.o)
                0x0010a73c                romfsMountFromFile
 .text.romfsMountFromCurrentProcess
                0x0010a9c8       0x98 C:/Users/alvar/Downloads/msys2/msys2/opt/devkitpro/libctru/lib\libctru.a(romfs_dev.o)
                0x0010a9c8                romfsMountFromCurrentProcess
 .text.romfsMountSelf
                0x0010aa60      0x258 C:/Users/alvar/Downloads/msys2/msys2/opt/devkitpro/libctru/lib\libctru.a(romfs_dev.o)
                0x0010aa60                romfsMountSelf
 .text.romfsMountFromTitle
                0x0010acb8       0xac C:/Users/alvar/Downloads/msys2/msys2/opt/devkitpro/libctru/lib\libctru.a(romfs_dev.o)
                0x0010acb8                romfsMountFromTitle
 .text.romfsUnmount
                0x0010ad64       0xa0 C:/Users/alvar/Downloads/msys2/msys2/opt/devkitpro/libctru/lib\libctru.a(romfs_dev.o)
                0x0010ad64                romfsUnmount
 .text.GPUCMD_Add
                0x0010ae04      0x13c C:/Users/alvar/Downloads/msys2/msys2/opt/devkitpro/libctru/lib\libctru.a(gpu.o)
                0x0010ae04                GPUCMD_Add
 .text.GPUCMD_Split
                0x0010af40       0xb0 C:/Users/alvar/Downloads/msys2/msys2/opt/devkitpro/libctru/lib\libctru.a(gpu.o)
                0x0010af40                GPUCMD_Split
 .text.f32tof16
                0x0010aff0       0x34 C:/Users/alvar/Downloads/msys2/msys2/opt/devkitpro/libctru/lib\libctru.a(gpu.o)
                0x0010aff0                f32tof16
 .text.f32tof24
                0x0010b024       0x34 C:/Users/alvar/Downloads/msys2/msys2/opt/devkitpro/libctru/lib\libctru.a(gpu.o)
                0x0010b024                f32tof24
 .text.f32tof31
                0x0010b058       0x38 C:/Users/alvar/Downloads/msys2/msys2/opt/devkitpro/libctru/lib\libctru.a(gpu.o)
                0x0010b058                f32tof31
 .text.GX_BindQueue
                0x0010b090       0x10 C:/Users/alvar/Downloads/msys2/msys2/opt/devkitpro/libctru/lib\libctru.a(gx.o)
                0x0010b090                GX_BindQueue
 .text.GX_ProcessCommandList
                0x0010b0a0       0x7c C:/Users/alvar/Downloads/msys2/msys2/opt/devkitpro/libctru/lib\libctru.a(gx.o)
                0x0010b0a0                GX_ProcessCommandList
 .text.GX_MemoryFill
                0x0010b11c       0x74 C:/Users/alvar/Downloads/msys2/msys2/opt/devkitpro/libctru/lib\libctru.a(gx.o)
                0x0010b11c                GX_MemoryFill
 .text.GX_DisplayTransfer
                0x0010b190       0x74 C:/Users/alvar/Downloads/msys2/msys2/opt/devkitpro/libctru/lib\libctru.a(gx.o)
                0x0010b190                GX_DisplayTransfer
 .text.GX_TextureCopy
                0x0010b204       0x78 C:/Users/alvar/Downloads/msys2/msys2/opt/devkitpro/libctru/lib\libctru.a(gx.o)
                0x0010b204                GX_TextureCopy
 .text.gxCmdQueueDoCommands.part.0
                0x0010b27c       0x64 C:/Users/alvar/Downloads/msys2/msys2/opt/devkitpro/libctru/lib\libctru.a(gxqueue.o)
 .text.gxCmdQueueInterrupt
                0x0010b2e0       0xe4 C:/Users/alvar/Downloads/msys2/msys2/opt/devkitpro/libctru/lib\libctru.a(gxqueue.o)
                0x0010b2e0                gxCmdQueueInterrupt
 .text.gxCmdQueueClear
                0x0010b3c4       0x68 C:/Users/alvar/Downloads/msys2/msys2/opt/devkitpro/libctru/lib\libctru.a(gxqueue.o)
                0x0010b3c4                gxCmdQueueClear
 .text.gxCmdQueueAdd
                0x0010b42c      0x108 C:/Users/alvar/Downloads/msys2/msys2/opt/devkitpro/libctru/lib\libctru.a(gxqueue.o)
                0x0010b42c                gxCmdQueueAdd
 .text.gxCmdQueueRun
                0x0010b534       0x80 C:/Users/alvar/Downloads/msys2/msys2/opt/devkitpro/libctru/lib\libctru.a(gxqueue.o)
                0x0010b534                gxCmdQueueRun
 .text.gxCmdQueueStop
                0x0010b5b4       0x64 C:/Users/alvar/Downloads/msys2/msys2/opt/devkitpro/libctru/lib\libctru.a(gxqueue.o)
                0x0010b5b4                gxCmdQueueStop
 .text.gxCmdQueueWait
                0x0010b618       0x8c C:/Users/alvar/Downloads/msys2/msys2/opt/devkitpro/libctru/lib\libctru.a(gxqueue.o)
                0x0010b618                gxCmdQueueWait
 .text.shaderInstanceInit
                0x0010b6a4      0x1e0 C:/Users/alvar/Downloads/msys2/msys2/opt/devkitpro/libctru/lib\libctru.a(shaderProgram.o)
                0x0010b6a4                shaderInstanceInit
 .text.shaderInstanceGetUniformLocation
                0x0010b884       0x18 C:/Users/alvar/Downloads/msys2/msys2/opt/devkitpro/libctru/lib\libctru.a(shaderProgram.o)
                0x0010b884                shaderInstanceGetUniformLocation
 .text.shaderProgramInit
                0x0010b89c       0x1c C:/Users/alvar/Downloads/msys2/msys2/opt/devkitpro/libctru/lib\libctru.a(shaderProgram.o)
                0x0010b89c                shaderProgramInit
 .text.shaderProgramFree
                0x0010b8b8       0x74 C:/Users/alvar/Downloads/msys2/msys2/opt/devkitpro/libctru/lib\libctru.a(shaderProgram.o)
                0x0010b8b8                shaderProgramFree
 .text.shaderProgramSetVsh
                0x0010b92c       0x94 C:/Users/alvar/Downloads/msys2/msys2/opt/devkitpro/libctru/lib\libctru.a(shaderProgram.o)
                0x0010b92c                shaderProgramSetVsh
 .text.shaderProgramConfigure
                0x0010b9c0      0x8d0 C:/Users/alvar/Downloads/msys2/msys2/opt/devkitpro/libctru/lib\libctru.a(shaderProgram.o)
                0x0010b9c0                shaderProgramConfigure
 .text.DVLE_GenerateOutmap.part.0
                0x0010c290      0x1dc C:/Users/alvar/Downloads/msys2/msys2/opt/devkitpro/libctru/lib\libctru.a(shbin.o)
 .text.DVLB_ParseFile
                0x0010c46c      0x1ac C:/Users/alvar/Downloads/msys2/msys2/opt/devkitpro/libctru/lib\libctru.a(shbin.o)
                0x0010c46c                DVLB_ParseFile
 .text.DVLB_Free
                0x0010c618       0x50 C:/Users/alvar/Downloads/msys2/msys2/opt/devkitpro/libctru/lib\libctru.a(shbin.o)
                0x0010c618                DVLB_Free
 .text.DVLE_GetUniformRegister
                0x0010c668       0x74 C:/Users/alvar/Downloads/msys2/msys2/opt/devkitpro/libctru/lib\libctru.a(shbin.o)
                0x0010c668                DVLE_GetUniformRegister
 .text.ndspUpdateMaster
                0x0010c6dc      0x158 C:/Users/alvar/Downloads/msys2/msys2/opt/devkitpro/libctru/lib\libctru.a(ndsp.o)
 *fill*         0x0010c834        0x4 
 .text.ndspFinalize
                0x0010c838      0x108 C:/Users/alvar/Downloads/msys2/msys2/opt/devkitpro/libctru/lib\libctru.a(ndsp.o)
 .text.ndspInitialize.part.0
                0x0010c940      0x254 C:/Users/alvar/Downloads/msys2/msys2/opt/devkitpro/libctru/lib\libctru.a(ndsp.o)
 .text.ndspHookCallback
                0x0010cb94      0x108 C:/Users/alvar/Downloads/msys2/msys2/opt/devkitpro/libctru/lib\libctru.a(ndsp.o)
 *fill*         0x0010cc9c        0x4 
 .text.ndspThreadMain
                0x0010cca0      0x318 C:/Users/alvar/Downloads/msys2/msys2/opt/devkitpro/libctru/lib\libctru.a(ndsp.o)
 .text.ndspInit
                0x0010cfb8      0x3f0 C:/Users/alvar/Downloads/msys2/msys2/opt/devkitpro/libctru/lib\libctru.a(ndsp.o)
                0x0010cfb8                ndspInit
 .text.ndspExit
                0x0010d3a8       0xd8 C:/Users/alvar/Downloads/msys2/msys2/opt/devkitpro/libctru/lib\libctru.a(ndsp.o)
                0x0010d3a8                ndspExit
 .text.ndspSetOutputMode
                0x0010d480       0x34 C:/Users/alvar/Downloads/msys2/msys2/opt/devkitpro/libctru/lib\libctru.a(ndsp.o)
                0x0010d480                ndspSetOutputMode
 .text.ndspChnReset
                0x0010d4b4       0xe0 C:/Users/alvar/Downloads/msys2/msys2/opt/devkitpro/libctru/lib\libctru.a(ndsp-channel.o)
                0x0010d4b4                ndspChnReset
 .text.ndspChnSetFormat
                0x0010d594       0x18 C:/Users/alvar/Downloads/msys2/msys2/opt/devkitpro/libctru/lib\libctru.a(ndsp-channel.o)
                0x0010d594                ndspChnSetFormat
 .text.ndspChnSetInterp
                0x0010d5ac       0x50 C:/Users/alvar/Downloads/msys2/msys2/opt/devkitpro/libctru/lib\libctru.a(ndsp-channel.o)
                0x0010d5ac                ndspChnSetInterp
 .text.ndspChnSetRate
                0x0010d5fc       0x60 C:/Users/alvar/Downloads/msys2/msys2/opt/devkitpro/libctru/lib\libctru.a(ndsp-channel.o)
                0x0010d5fc                ndspChnSetRate
 .text.ndspChnSetMix
                0x0010d65c       0x80 C:/Users/alvar/Downloads/msys2/msys2/opt/devkitpro/libctru/lib\libctru.a(ndsp-channel.o)
                0x0010d65c                ndspChnSetMix
 .text.ndspChnWaveBufAdd
                0x0010d6dc       0xc8 C:/Users/alvar/Downloads/msys2/msys2/opt/devkitpro/libctru/lib\libctru.a(ndsp-channel.o)
                0x0010d6dc                ndspChnWaveBufAdd
 .text.ndspiInitChn
                0x0010d7a4       0x40 C:/Users/alvar/Downloads/msys2/msys2/opt/devkitpro/libctru/lib\libctru.a(ndsp-channel.o)
                0x0010d7a4                ndspiInitChn
 .text.ndspiDirtyChn
                0x0010d7e4       0x2c C:/Users/alvar/Downloads/msys2/msys2/opt/devkitpro/libctru/lib\libctru.a(ndsp-channel.o)
                0x0010d7e4                ndspiDirtyChn
 .text.ndspiUpdateChn
                0x0010d810      0x43c C:/Users/alvar/Downloads/msys2/msys2/opt/devkitpro/libctru/lib\libctru.a(ndsp-channel.o)
                0x0010d810                ndspiUpdateChn
 .text.ndspiReadChnState
                0x0010dc4c      0x180 C:/Users/alvar/Downloads/msys2/msys2/opt/devkitpro/libctru/lib\libctru.a(ndsp-channel.o)
                0x0010dc4c                ndspiReadChnState
 .text.aptConvertScreenForCapture
                0x0010ddcc      0x180 C:/Users/alvar/Downloads/msys2/msys2/opt/devkitpro/libctru/lib\libctru.a(apt.o)
 .text.aptSendCommand
                0x0010df4c      0x138 C:/Users/alvar/Downloads/msys2/msys2/opt/devkitpro/libctru/lib\libctru.a(apt.o)
                0x0010df4c                aptSendCommand
 *fill*         0x0010e084        0x4 
 .text.aptExitProcess
                0x0010e088       0x44 C:/Users/alvar/Downloads/msys2/msys2/opt/devkitpro/libctru/lib\libctru.a(apt.o)
 .text.aptExit  0x0010e0cc      0x394 C:/Users/alvar/Downloads/msys2/msys2/opt/devkitpro/libctru/lib\libctru.a(apt.o)
                0x0010e0cc                aptExit
 .text.aptHandleSleep
                0x0010e460       0xd8 C:/Users/alvar/Downloads/msys2/msys2/opt/devkitpro/libctru/lib\libctru.a(apt.o)
                0x0010e460                aptHandleSleep
 .text.aptHook  0x0010e538       0x34 C:/Users/alvar/Downloads/msys2/msys2/opt/devkitpro/libctru/lib\libctru.a(apt.o)
                0x0010e538                aptHook
 .text.aptUnhook
                0x0010e56c       0x30 C:/Users/alvar/Downloads/msys2/msys2/opt/devkitpro/libctru/lib\libctru.a(apt.o)
                0x0010e56c                aptUnhook
 .text.APT_SleepIfShellClosed
                0x0010e59c       0x84 C:/Users/alvar/Downloads/msys2/msys2/opt/devkitpro/libctru/lib\libctru.a(apt.o)
                0x0010e59c                APT_SleepIfShellClosed
 .text.aptSetSleepAllowed
                0x0010e620       0x78 C:/Users/alvar/Downloads/msys2/msys2/opt/devkitpro/libctru/lib\libctru.a(apt.o)
                0x0010e620                aptSetSleepAllowed
 .text.APT_UnlockTransition
                0x0010e698       0x84 C:/Users/alvar/Downloads/msys2/msys2/opt/devkitpro/libctru/lib\libctru.a(apt.o)
                0x0010e698                APT_UnlockTransition
 *fill*         0x0010e71c        0x4 
 .text.aptEventHandler
                0x0010e720      0x470 C:/Users/alvar/Downloads/msys2/msys2/opt/devkitpro/libctru/lib\libctru.a(apt.o)
 .text.APT_ReceiveParameter
                0x0010eb90       0xbc C:/Users/alvar/Downloads/msys2/msys2/opt/devkitpro/libctru/lib\libctru.a(apt.o)
                0x0010eb90                APT_ReceiveParameter
 .text.aptReceiveParameter.constprop.0
                0x0010ec4c       0xb0 C:/Users/alvar/Downloads/msys2/msys2/opt/devkitpro/libctru/lib\libctru.a(apt.o)
 *fill*         0x0010ecfc        0x4 
 .text.aptScreenTransfer
                0x0010ed00      0x294 C:/Users/alvar/Downloads/msys2/msys2/opt/devkitpro/libctru/lib\libctru.a(apt.o)
 .text.aptWaitForWakeUp.isra.0
                0x0010ef94      0x2d0 C:/Users/alvar/Downloads/msys2/msys2/opt/devkitpro/libctru/lib\libctru.a(apt.o)
 .text.aptJumpToHomeMenu
                0x0010f264       0xf4 C:/Users/alvar/Downloads/msys2/msys2/opt/devkitpro/libctru/lib\libctru.a(apt.o)
                0x0010f264                aptJumpToHomeMenu
 .text.aptMainLoop
                0x0010f358       0x58 C:/Users/alvar/Downloads/msys2/msys2/opt/devkitpro/libctru/lib\libctru.a(apt.o)
                0x0010f358                aptMainLoop
 .text.aptInit  0x0010f3b0      0x240 C:/Users/alvar/Downloads/msys2/msys2/opt/devkitpro/libctru/lib\libctru.a(apt.o)
                0x0010f3b0                aptInit
 .text.APT_CheckNew3DS
                0x0010f5f0       0x90 C:/Users/alvar/Downloads/msys2/msys2/opt/devkitpro/libctru/lib\libctru.a(apt.o)
                0x0010f5f0                APT_CheckNew3DS
 .text.APT_GetSharedFont
                0x0010f680       0x48 C:/Users/alvar/Downloads/msys2/msys2/opt/devkitpro/libctru/lib\libctru.a(apt.o)
                0x0010f680                APT_GetSharedFont
 .text.cfguInit
                0x0010f6c8       0xa8 C:/Users/alvar/Downloads/msys2/msys2/opt/devkitpro/libctru/lib\libctru.a(cfgu.o)
                0x0010f6c8                cfguInit
 .text.cfguExit
                0x0010f770       0x3c C:/Users/alvar/Downloads/msys2/msys2/opt/devkitpro/libctru/lib\libctru.a(cfgu.o)
                0x0010f770                cfguExit
 .text.CFGU_SecureInfoGetRegion
                0x0010f7ac       0x38 C:/Users/alvar/Downloads/msys2/msys2/opt/devkitpro/libctru/lib\libctru.a(cfgu.o)
                0x0010f7ac                CFGU_SecureInfoGetRegion
 .text.CFGU_GetConfigInfoBlk2
                0x0010f7e4       0x4c C:/Users/alvar/Downloads/msys2/msys2/opt/devkitpro/libctru/lib\libctru.a(cfgu.o)
                0x0010f7e4                CFGU_GetConfigInfoBlk2
 .text.DSP_LoadComponent.part.0
                0x0010f830       0xa4 C:/Users/alvar/Downloads/msys2/msys2/opt/devkitpro/libctru/lib\libctru.a(dsp.o)
 .text.dspInit  0x0010f8d4       0xfc C:/Users/alvar/Downloads/msys2/msys2/opt/devkitpro/libctru/lib\libctru.a(dsp.o)
                0x0010f8d4                dspInit
 .text.dspExit  0x0010f9d0       0x8c C:/Users/alvar/Downloads/msys2/msys2/opt/devkitpro/libctru/lib\libctru.a(dsp.o)
                0x0010f9d0                dspExit
 .text.dspHook  0x0010fa5c       0x24 C:/Users/alvar/Downloads/msys2/msys2/opt/devkitpro/libctru/lib\libctru.a(dsp.o)
                0x0010fa5c                dspHook
 .text.dspUnhook
                0x0010fa80       0x30 C:/Users/alvar/Downloads/msys2/msys2/opt/devkitpro/libctru/lib\libctru.a(dsp.o)
                0x0010fa80                dspUnhook
 .text.aptDspSleep
                0x0010fab0       0xb4 C:/Users/alvar/Downloads/msys2/msys2/opt/devkitpro/libctru/lib\libctru.a(dsp.o)
                0x0010fab0                aptDspSleep
 .text.aptDspWakeup
                0x0010fb64       0xb4 C:/Users/alvar/Downloads/msys2/msys2/opt/devkitpro/libctru/lib\libctru.a(dsp.o)
                0x0010fb64                aptDspWakeup
 .text.aptDspCancel
                0x0010fc18       0x44 C:/Users/alvar/Downloads/msys2/msys2/opt/devkitpro/libctru/lib\libctru.a(dsp.o)
                0x0010fc18                aptDspCancel
 .text.DSP_SetSemaphore
                0x0010fc5c       0x34 C:/Users/alvar/Downloads/msys2/msys2/opt/devkitpro/libctru/lib\libctru.a(dsp.o)
                0x0010fc5c                DSP_SetSemaphore
 .text.DSP_SetSemaphoreMask
                0x0010fc90       0x34 C:/Users/alvar/Downloads/msys2/msys2/opt/devkitpro/libctru/lib\libctru.a(dsp.o)
                0x0010fc90                DSP_SetSemaphoreMask
 .text.DSP_GetSemaphoreHandle
                0x0010fcc4       0x38 C:/Users/alvar/Downloads/msys2/msys2/opt/devkitpro/libctru/lib\libctru.a(dsp.o)
                0x0010fcc4                DSP_GetSemaphoreHandle
 .text.DSP_LoadComponent
                0x0010fcfc       0x3c C:/Users/alvar/Downloads/msys2/msys2/opt/devkitpro/libctru/lib\libctru.a(dsp.o)
                0x0010fcfc                DSP_LoadComponent
 .text.DSP_RegisterInterruptEvents
                0x0010fd38       0x44 C:/Users/alvar/Downloads/msys2/msys2/opt/devkitpro/libctru/lib\libctru.a(dsp.o)
                0x0010fd38                DSP_RegisterInterruptEvents
 .text.DSP_ReadPipeIfPossible
                0x0010fd7c       0x78 C:/Users/alvar/Downloads/msys2/msys2/opt/devkitpro/libctru/lib\libctru.a(dsp.o)
                0x0010fd7c                DSP_ReadPipeIfPossible
 .text.DSP_WriteProcessPipe
                0x0010fdf4       0x4c C:/Users/alvar/Downloads/msys2/msys2/opt/devkitpro/libctru/lib\libctru.a(dsp.o)
                0x0010fdf4                DSP_WriteProcessPipe
 .text.DSP_ConvertProcessAddressFromDspDram
                0x0010fe40       0x44 C:/Users/alvar/Downloads/msys2/msys2/opt/devkitpro/libctru/lib\libctru.a(dsp.o)
                0x0010fe40                DSP_ConvertProcessAddressFromDspDram
 .text.DSP_RecvData
                0x0010fe84       0x44 C:/Users/alvar/Downloads/msys2/msys2/opt/devkitpro/libctru/lib\libctru.a(dsp.o)
                0x0010fe84                DSP_RecvData
 .text.DSP_RecvDataIsReady
                0x0010fec8       0x50 C:/Users/alvar/Downloads/msys2/msys2/opt/devkitpro/libctru/lib\libctru.a(dsp.o)
                0x0010fec8                DSP_RecvDataIsReady
 .text.fsInit   0x0010ff18      0x104 C:/Users/alvar/Downloads/msys2/msys2/opt/devkitpro/libctru/lib\libctru.a(fs.o)
                0x0010ff18                fsInit
 .text.fsExit   0x0011001c       0x3c C:/Users/alvar/Downloads/msys2/msys2/opt/devkitpro/libctru/lib\libctru.a(fs.o)
                0x0011001c                fsExit
 .text.fsExemptFromSession
                0x00110058       0x68 C:/Users/alvar/Downloads/msys2/msys2/opt/devkitpro/libctru/lib\libctru.a(fs.o)
                0x00110058                fsExemptFromSession
 .text.fsUnexemptFromSession
                0x001100c0       0x50 C:/Users/alvar/Downloads/msys2/msys2/opt/devkitpro/libctru/lib\libctru.a(fs.o)
                0x001100c0                fsUnexemptFromSession
 .text.FSUSER_OpenFile
                0x00110110       0xcc C:/Users/alvar/Downloads/msys2/msys2/opt/devkitpro/libctru/lib\libctru.a(fs.o)
                0x00110110                FSUSER_OpenFile
 .text.FSUSER_OpenFileDirectly
                0x001101dc       0xcc C:/Users/alvar/Downloads/msys2/msys2/opt/devkitpro/libctru/lib\libctru.a(fs.o)
                0x001101dc                FSUSER_OpenFileDirectly
 .text.FSUSER_DeleteFile
                0x001102a8       0xb8 C:/Users/alvar/Downloads/msys2/msys2/opt/devkitpro/libctru/lib\libctru.a(fs.o)
                0x001102a8                FSUSER_DeleteFile
 .text.FSUSER_RenameFile
                0x00110360       0xf4 C:/Users/alvar/Downloads/msys2/msys2/opt/devkitpro/libctru/lib\libctru.a(fs.o)
                0x00110360                FSUSER_RenameFile
 .text.FSUSER_DeleteDirectory
                0x00110454       0xb8 C:/Users/alvar/Downloads/msys2/msys2/opt/devkitpro/libctru/lib\libctru.a(fs.o)
                0x00110454                FSUSER_DeleteDirectory
 .text.FSUSER_CreateFile
                0x0011050c       0xd0 C:/Users/alvar/Downloads/msys2/msys2/opt/devkitpro/libctru/lib\libctru.a(fs.o)
                0x0011050c                FSUSER_CreateFile
 .text.FSUSER_CreateDirectory
                0x001105dc       0xc0 C:/Users/alvar/Downloads/msys2/msys2/opt/devkitpro/libctru/lib\libctru.a(fs.o)
                0x001105dc                FSUSER_CreateDirectory
 .text.FSUSER_RenameDirectory
                0x0011069c       0xf4 C:/Users/alvar/Downloads/msys2/msys2/opt/devkitpro/libctru/lib\libctru.a(fs.o)
                0x0011069c                FSUSER_RenameDirectory
 .text.FSUSER_OpenDirectory
                0x00110790       0xb4 C:/Users/alvar/Downloads/msys2/msys2/opt/devkitpro/libctru/lib\libctru.a(fs.o)
                0x00110790                FSUSER_OpenDirectory
 .text.FSUSER_OpenArchive
                0x00110844       0x90 C:/Users/alvar/Downloads/msys2/msys2/opt/devkitpro/libctru/lib\libctru.a(fs.o)
                0x00110844                FSUSER_OpenArchive
 .text.FSUSER_CloseArchive
                0x001108d4       0x8c C:/Users/alvar/Downloads/msys2/msys2/opt/devkitpro/libctru/lib\libctru.a(fs.o)
                0x001108d4                FSUSER_CloseArchive
 .text.FSUSER_GetSdmcArchiveResource
                0x00110960       0x74 C:/Users/alvar/Downloads/msys2/msys2/opt/devkitpro/libctru/lib\libctru.a(fs.o)
                0x00110960                FSUSER_GetSdmcArchiveResource
 .text.FSUSER_IsSdmcWritable
                0x001109d4       0x64 C:/Users/alvar/Downloads/msys2/msys2/opt/devkitpro/libctru/lib\libctru.a(fs.o)
                0x001109d4                FSUSER_IsSdmcWritable
 .text.FSFILE_Read
                0x00110a38       0x64 C:/Users/alvar/Downloads/msys2/msys2/opt/devkitpro/libctru/lib\libctru.a(fs.o)
                0x00110a38                FSFILE_Read
 .text.FSFILE_Write
                0x00110a9c       0x6c C:/Users/alvar/Downloads/msys2/msys2/opt/devkitpro/libctru/lib\libctru.a(fs.o)
                0x00110a9c                FSFILE_Write
 .text.FSFILE_GetSize
                0x00110b08       0x44 C:/Users/alvar/Downloads/msys2/msys2/opt/devkitpro/libctru/lib\libctru.a(fs.o)
                0x00110b08                FSFILE_GetSize
 .text.FSFILE_SetSize
                0x00110b4c       0x28 C:/Users/alvar/Downloads/msys2/msys2/opt/devkitpro/libctru/lib\libctru.a(fs.o)
                0x00110b4c                FSFILE_SetSize
 .text.FSFILE_Close
                0x00110b74       0x3c C:/Users/alvar/Downloads/msys2/msys2/opt/devkitpro/libctru/lib\libctru.a(fs.o)
                0x00110b74                FSFILE_Close
 .text.FSFILE_Flush
                0x00110bb0       0x24 C:/Users/alvar/Downloads/msys2/msys2/opt/devkitpro/libctru/lib\libctru.a(fs.o)
                0x00110bb0                FSFILE_Flush
 .text.FSDIR_Read
                0x00110bd4       0x60 C:/Users/alvar/Downloads/msys2/msys2/opt/devkitpro/libctru/lib\libctru.a(fs.o)
                0x00110bd4                FSDIR_Read
 .text.FSDIR_Close
                0x00110c34       0x3c C:/Users/alvar/Downloads/msys2/msys2/opt/devkitpro/libctru/lib\libctru.a(fs.o)
                0x00110c34                FSDIR_Close
 .text.gspHardwareInit
                0x00110c70      0xc70 C:/Users/alvar/Downloads/msys2/msys2/opt/devkitpro/libctru/lib\libctru.a(gspgpu.o)
 .text.gspInit  0x001118e0      0x280 C:/Users/alvar/Downloads/msys2/msys2/opt/devkitpro/libctru/lib\libctru.a(gspgpu.o)
                0x001118e0                gspInit
 .text.gspExit  0x00111b60      0x110 C:/Users/alvar/Downloads/msys2/msys2/opt/devkitpro/libctru/lib\libctru.a(gspgpu.o)
                0x00111b60                gspExit
 .text.gspHasGpuRight
                0x00111c70       0x10 C:/Users/alvar/Downloads/msys2/msys2/opt/devkitpro/libctru/lib\libctru.a(gspgpu.o)
                0x00111c70                gspHasGpuRight
 .text.gspPresentBuffer
                0x00111c80       0xa4 C:/Users/alvar/Downloads/msys2/msys2/opt/devkitpro/libctru/lib\libctru.a(gspgpu.o)
                0x00111c80                gspPresentBuffer
 .text.gspSetEventCallback
                0x00111d24       0x30 C:/Users/alvar/Downloads/msys2/msys2/opt/devkitpro/libctru/lib\libctru.a(gspgpu.o)
                0x00111d24                gspSetEventCallback
 .text.gspWaitForEvent
                0x00111d54       0x50 C:/Users/alvar/Downloads/msys2/msys2/opt/devkitpro/libctru/lib\libctru.a(gspgpu.o)
                0x00111d54                gspWaitForEvent
 .text.gspWaitForAnyEvent
                0x00111da4       0x4c C:/Users/alvar/Downloads/msys2/msys2/opt/devkitpro/libctru/lib\libctru.a(gspgpu.o)
                0x00111da4                gspWaitForAnyEvent
 .text.gspEventThreadMain
                0x00111df0      0x154 C:/Users/alvar/Downloads/msys2/msys2/opt/devkitpro/libctru/lib\libctru.a(gspgpu.o)
 .text.gspSubmitGxCommand
                0x00111f44      0x12c C:/Users/alvar/Downloads/msys2/msys2/opt/devkitpro/libctru/lib\libctru.a(gspgpu.o)
                0x00111f44                gspSubmitGxCommand
 .text.GSPGPU_FlushDataCache
                0x00112070       0x50 C:/Users/alvar/Downloads/msys2/msys2/opt/devkitpro/libctru/lib\libctru.a(gspgpu.o)
                0x00112070                GSPGPU_FlushDataCache
 .text.GSPGPU_SetLcdForceBlack
                0x001120c0       0x34 C:/Users/alvar/Downloads/msys2/msys2/opt/devkitpro/libctru/lib\libctru.a(gspgpu.o)
                0x001120c0                GSPGPU_SetLcdForceBlack
 .text.GSPGPU_AcquireRight
                0x001120f4       0x80 C:/Users/alvar/Downloads/msys2/msys2/opt/devkitpro/libctru/lib\libctru.a(gspgpu.o)
                0x001120f4                GSPGPU_AcquireRight
 .text.GSPGPU_ReleaseRight
                0x00112174       0x5c C:/Users/alvar/Downloads/msys2/msys2/opt/devkitpro/libctru/lib\libctru.a(gspgpu.o)
                0x00112174                GSPGPU_ReleaseRight
 .text.GSPGPU_ImportDisplayCaptureInfo
                0x001121d0       0x7c C:/Users/alvar/Downloads/msys2/msys2/opt/devkitpro/libctru/lib\libctru.a(gspgpu.o)
                0x001121d0                GSPGPU_ImportDisplayCaptureInfo
 .text.GSPGPU_SaveVramSysArea
                0x0011224c       0x2c C:/Users/alvar/Downloads/msys2/msys2/opt/devkitpro/libctru/lib\libctru.a(gspgpu.o)
                0x0011224c                GSPGPU_SaveVramSysArea
 .text.GSPGPU_RestoreVramSysArea
                0x00112278       0x2c C:/Users/alvar/Downloads/msys2/msys2/opt/devkitpro/libctru/lib\libctru.a(gspgpu.o)
                0x00112278                GSPGPU_RestoreVramSysArea
 .text.hidShouldUseIrrst
                0x001122a4       0x24 C:/Users/alvar/Downloads/msys2/msys2/opt/devkitpro/libctru/lib\libctru.a(hid.o)
                0x001122a4                hidShouldUseIrrst
 .text.hidInit  0x001122c8      0x1cc C:/Users/alvar/Downloads/msys2/msys2/opt/devkitpro/libctru/lib\libctru.a(hid.o)
                0x001122c8                hidInit
 .text.hidExit  0x00112494       0xe8 C:/Users/alvar/Downloads/msys2/msys2/opt/devkitpro/libctru/lib\libctru.a(hid.o)
                0x00112494                hidExit
 .text.hidScanInput
                0x0011257c      0x2a0 C:/Users/alvar/Downloads/msys2/msys2/opt/devkitpro/libctru/lib\libctru.a(hid.o)
                0x0011257c                hidScanInput
 .text.hidKeysDown
                0x0011281c       0x10 C:/Users/alvar/Downloads/msys2/msys2/opt/devkitpro/libctru/lib\libctru.a(hid.o)
                0x0011281c                hidKeysDown
 .text.irrstInit
                0x0011282c      0x1a4 C:/Users/alvar/Downloads/msys2/msys2/opt/devkitpro/libctru/lib\libctru.a(irrst.o)
                0x0011282c                irrstInit
 .text.irrstExit
                0x001129d0       0xdc C:/Users/alvar/Downloads/msys2/msys2/opt/devkitpro/libctru/lib\libctru.a(irrst.o)
                0x001129d0                irrstExit
 .text.irrstScanInput
                0x00112aac       0xb4 C:/Users/alvar/Downloads/msys2/msys2/opt/devkitpro/libctru/lib\libctru.a(irrst.o)
                0x00112aac                irrstScanInput
 .text.irrstKeysHeld
                0x00112b60       0x24 C:/Users/alvar/Downloads/msys2/msys2/opt/devkitpro/libctru/lib\libctru.a(irrst.o)
                0x00112b60                irrstKeysHeld
 .text.ptmSysmInit
                0x00112b84       0x78 C:/Users/alvar/Downloads/msys2/msys2/opt/devkitpro/libctru/lib\libctru.a(ptmsysm.o)
                0x00112b84                ptmSysmInit
 .text.ptmSysmExit
                0x00112bfc       0x3c C:/Users/alvar/Downloads/msys2/msys2/opt/devkitpro/libctru/lib\libctru.a(ptmsysm.o)
                0x00112bfc                ptmSysmExit
 .text.PTMSYSM_ConfigureNew3DSCPU
                0x00112c38       0x34 C:/Users/alvar/Downloads/msys2/msys2/opt/devkitpro/libctru/lib\libctru.a(ptmsysm.o)
                0x00112c38                PTMSYSM_ConfigureNew3DSCPU
 .text.buffer_read
                0x00112c6c       0xe0 C:/Users/alvar/Downloads/msys2/msys2/opt/devkitpro/libctru/lib\libctru.a(decompress.o)
 .text.iov_read
                0x00112d4c       0xcc C:/Users/alvar/Downloads/msys2/msys2/opt/devkitpro/libctru/lib\libctru.a(decompress.o)
 .text.iov_memmove
                0x00112e18      0x164 C:/Users/alvar/Downloads/msys2/msys2/opt/devkitpro/libctru/lib\libctru.a(decompress.o)
 .text.decompress_rle
                0x00112f7c      0x1e0 C:/Users/alvar/Downloads/msys2/msys2/opt/devkitpro/libctru/lib\libctru.a(decompress.o)
 .text.decompress_lzss
                0x0011315c      0x264 C:/Users/alvar/Downloads/msys2/msys2/opt/devkitpro/libctru/lib\libctru.a(decompress.o)
 .text.decompress_lz11
                0x001133c0      0x418 C:/Users/alvar/Downloads/msys2/msys2/opt/devkitpro/libctru/lib\libctru.a(decompress.o)
 .text.decompress_huff.isra.0
                0x001137d8      0x31c C:/Users/alvar/Downloads/msys2/msys2/opt/devkitpro/libctru/lib\libctru.a(decompress.o)
 .text.decompressCallback_Stdio
                0x00113af4       0x10 C:/Users/alvar/Downloads/msys2/msys2/opt/devkitpro/libctru/lib\libctru.a(decompress.o)
                0x00113af4                decompressCallback_Stdio
 .text.decompressHeader
                0x00113b04       0xe4 C:/Users/alvar/Downloads/msys2/msys2/opt/devkitpro/libctru/lib\libctru.a(decompress.o)
                0x00113b04                decompressHeader
 .text.decompressV
                0x00113be8      0x21c C:/Users/alvar/Downloads/msys2/msys2/opt/devkitpro/libctru/lib\libctru.a(decompress.o)
                0x00113be8                decompressV
 .text.decompressV_LZ11
                0x00113e04      0x110 C:/Users/alvar/Downloads/msys2/msys2/opt/devkitpro/libctru/lib\libctru.a(decompress.o)
                0x00113e04                decompressV_LZ11
 .text.rbtree_find
                0x00113f14       0x74 C:/Users/alvar/Downloads/msys2/msys2/opt/devkitpro/libctru/lib\libctru.a(rbtree_find.o)
                0x00113f14                rbtree_find
 .text.rbtree_init
                0x00113f88       0x10 C:/Users/alvar/Downloads/msys2/msys2/opt/devkitpro/libctru/lib\libctru.a(rbtree_init.o)
                0x00113f88                rbtree_init
 .text.do_insert
                0x00113f98      0x198 C:/Users/alvar/Downloads/msys2/msys2/opt/devkitpro/libctru/lib\libctru.a(rbtree_insert.o)
 .text.rbtree_insert
                0x00114130        0x8 C:/Users/alvar/Downloads/msys2/msys2/opt/devkitpro/libctru/lib\libctru.a(rbtree_insert.o)
                0x00114130                rbtree_insert
 .text.rbtree_remove
                0x00114138      0x310 C:/Users/alvar/Downloads/msys2/msys2/opt/devkitpro/libctru/lib\libctru.a(rbtree_remove.o)
                0x00114138                rbtree_remove
 .text.rbtree_rotate
                0x00114448       0x90 C:/Users/alvar/Downloads/msys2/msys2/opt/devkitpro/libctru/lib\libctru.a(rbtree_rotate.o)
                0x00114448                rbtree_rotate
 .text.decode_utf8
                0x001144d8      0x140 C:/Users/alvar/Downloads/msys2/msys2/opt/devkitpro/libctru/lib\libctru.a(decode_utf8.o)
                0x001144d8                decode_utf8
 .text.utf16_to_utf8
                0x00114618       0xe8 C:/Users/alvar/Downloads/msys2/msys2/opt/devkitpro/libctru/lib\libctru.a(utf16_to_utf8.o)
                0x00114618                utf16_to_utf8
 .text.utf8_to_utf16
                0x00114700       0xc0 C:/Users/alvar/Downloads/msys2/msys2/opt/devkitpro/libctru/lib\libctru.a(utf8_to_utf16.o)
                0x00114700                utf8_to_utf16
 .text.__system_allocateHeaps
                0x001147c0      0x1e8 C:/Users/alvar/Downloads/msys2/msys2/opt/devkitpro/libctru/lib\libctru.a(allocateHeaps.o)
                0x001147c0                __system_allocateHeaps
 .text.__libctru_init
                0x001149a8       0x38 C:/Users/alvar/Downloads/msys2/msys2/opt/devkitpro/libctru/lib\libctru.a(ctru_init.o)
                0x001149a8                __libctru_init
 .text.__system_initArgv
                0x001149e0      0x16c C:/Users/alvar/Downloads/msys2/msys2/opt/devkitpro/libctru/lib\libctru.a(initArgv.o)
                0x001149e0                __system_initArgv
 .text.__syscall_getreent
                0x00114b4c       0x30 C:/Users/alvar/Downloads/msys2/msys2/opt/devkitpro/libctru/lib\libctru.a(syscalls.o)
                0x00114b4c                __syscall_getreent
 .text.__syscall_gettod_r
                0x00114b7c       0x64 C:/Users/alvar/Downloads/msys2/msys2/opt/devkitpro/libctru/lib\libctru.a(syscalls.o)
                0x00114b7c                __syscall_gettod_r
 .text.__syscall_lock_acquire
                0x00114be0        0x4 C:/Users/alvar/Downloads/msys2/msys2/opt/devkitpro/libctru/lib\libctru.a(syscalls.o)
                0x00114be0                __syscall_lock_acquire
 .text.__syscall_lock_release
                0x00114be4        0x4 C:/Users/alvar/Downloads/msys2/msys2/opt/devkitpro/libctru/lib\libctru.a(syscalls.o)
                0x00114be4                __syscall_lock_release
 .text.__syscall_lock_acquire_recursive
                0x00114be8        0x4 C:/Users/alvar/Downloads/msys2/msys2/opt/devkitpro/libctru/lib\libctru.a(syscalls.o)
                0x00114be8                __syscall_lock_acquire_recursive
 .text.__syscall_lock_release_recursive
                0x00114bec        0x4 C:/Users/alvar/Downloads/msys2/msys2/opt/devkitpro/libctru/lib\libctru.a(syscalls.o)
                0x00114bec                __syscall_lock_release_recursive
 .text.__syscall_exit
                0x00114bf0        0x4 C:/Users/alvar/Downloads/msys2/msys2/opt/devkitpro/libctru/lib\libctru.a(syscalls.o)
                0x00114bf0                __syscall_exit
 .text.initThreadVars
                0x00114bf4       0x54 C:/Users/alvar/Downloads/msys2/msys2/opt/devkitpro/libctru/lib\libctru.a(syscalls.o)
                0x00114bf4                initThreadVars
 .text.__system_initSyscalls
                0x00114c48       0x80 C:/Users/alvar/Downloads/msys2/msys2/opt/devkitpro/libctru/lib\libctru.a(syscalls.o)
                0x00114c48                __system_initSyscalls
 .text.svcControlMemory
                0x00114cc8       0x20 C:/Users/alvar/Downloads/msys2/msys2/opt/devkitpro/libctru/lib\libctru.a(svc.o)
                0x00114cc8                svcControlMemory
 .text.svcQueryMemory
                0x00114ce8       0x30 C:/Users/alvar/Downloads/msys2/msys2/opt/devkitpro/libctru/lib\libctru.a(svc.o)
                0x00114ce8                svcQueryMemory
 .text.svcExitProcess
                0x00114d18        0x8 C:/Users/alvar/Downloads/msys2/msys2/opt/devkitpro/libctru/lib\libctru.a(svc.o)
                0x00114d18                svcExitProcess
 .text.svcCreateThread
                0x00114d20       0x20 C:/Users/alvar/Downloads/msys2/msys2/opt/devkitpro/libctru/lib\libctru.a(svc.o)
                0x00114d20                svcCreateThread
 .text.svcExitThread
                0x00114d40        0x8 C:/Users/alvar/Downloads/msys2/msys2/opt/devkitpro/libctru/lib\libctru.a(svc.o)
                0x00114d40                svcExitThread
 .text.svcSleepThread
                0x00114d48        0x8 C:/Users/alvar/Downloads/msys2/msys2/opt/devkitpro/libctru/lib\libctru.a(svc.o)
                0x00114d48                svcSleepThread
 .text.svcReleaseMutex
                0x00114d50        0x8 C:/Users/alvar/Downloads/msys2/msys2/opt/devkitpro/libctru/lib\libctru.a(svc.o)
                0x00114d50                svcReleaseMutex
 .text.svcCreateEvent
                0x00114d58       0x14 C:/Users/alvar/Downloads/msys2/msys2/opt/devkitpro/libctru/lib\libctru.a(svc.o)
                0x00114d58                svcCreateEvent
 .text.svcSignalEvent
                0x00114d6c        0x8 C:/Users/alvar/Downloads/msys2/msys2/opt/devkitpro/libctru/lib\libctru.a(svc.o)
                0x00114d6c                svcSignalEvent
 .text.svcClearEvent
                0x00114d74        0x8 C:/Users/alvar/Downloads/msys2/msys2/opt/devkitpro/libctru/lib\libctru.a(svc.o)
                0x00114d74                svcClearEvent
 .text.svcMapMemoryBlock
                0x00114d7c        0x8 C:/Users/alvar/Downloads/msys2/msys2/opt/devkitpro/libctru/lib\libctru.a(svc.o)
                0x00114d7c                svcMapMemoryBlock
 .text.svcUnmapMemoryBlock
                0x00114d84        0x8 C:/Users/alvar/Downloads/msys2/msys2/opt/devkitpro/libctru/lib\libctru.a(svc.o)
                0x00114d84                svcUnmapMemoryBlock
 .text.svcCreateAddressArbiter
                0x00114d8c       0x14 C:/Users/alvar/Downloads/msys2/msys2/opt/devkitpro/libctru/lib\libctru.a(svc.o)
                0x00114d8c                svcCreateAddressArbiter
 .text.svcArbitrateAddressNoTimeout
                0x00114da0        0x8 C:/Users/alvar/Downloads/msys2/msys2/opt/devkitpro/libctru/lib\libctru.a(svc.o)
                0x00114da0                svcArbitrateAddressNoTimeout
 .text.svcCloseHandle
                0x00114da8        0x8 C:/Users/alvar/Downloads/msys2/msys2/opt/devkitpro/libctru/lib\libctru.a(svc.o)
                0x00114da8                svcCloseHandle
 .text.svcWaitSynchronization
                0x00114db0        0x8 C:/Users/alvar/Downloads/msys2/msys2/opt/devkitpro/libctru/lib\libctru.a(svc.o)
                0x00114db0                svcWaitSynchronization
 .text.svcWaitSynchronizationN
                0x00114db8       0x28 C:/Users/alvar/Downloads/msys2/msys2/opt/devkitpro/libctru/lib\libctru.a(svc.o)
                0x00114db8                svcWaitSynchronizationN
 .text.svcDuplicateHandle
                0x00114de0       0x14 C:/Users/alvar/Downloads/msys2/msys2/opt/devkitpro/libctru/lib\libctru.a(svc.o)
                0x00114de0                svcDuplicateHandle
 .text.svcGetSystemTick
                0x00114df4        0x8 C:/Users/alvar/Downloads/msys2/msys2/opt/devkitpro/libctru/lib\libctru.a(svc.o)
                0x00114df4                svcGetSystemTick
 .text.svcConnectToPort
                0x00114dfc       0x14 C:/Users/alvar/Downloads/msys2/msys2/opt/devkitpro/libctru/lib\libctru.a(svc.o)
                0x00114dfc                svcConnectToPort
 .text.svcSendSyncRequest
                0x00114e10        0x8 C:/Users/alvar/Downloads/msys2/msys2/opt/devkitpro/libctru/lib\libctru.a(svc.o)
                0x00114e10                svcSendSyncRequest
 .text.svcGetResourceLimit
                0x00114e18       0x14 C:/Users/alvar/Downloads/msys2/msys2/opt/devkitpro/libctru/lib\libctru.a(svc.o)
                0x00114e18                svcGetResourceLimit
 .text.svcGetResourceLimitLimitValues
                0x00114e2c        0x8 C:/Users/alvar/Downloads/msys2/msys2/opt/devkitpro/libctru/lib\libctru.a(svc.o)
                0x00114e2c                svcGetResourceLimitLimitValues
 .text.svcGetResourceLimitCurrentValues
                0x00114e34        0x8 C:/Users/alvar/Downloads/msys2/msys2/opt/devkitpro/libctru/lib\libctru.a(svc.o)
                0x00114e34                svcGetResourceLimitCurrentValues
 .text.svcBreak
                0x00114e3c        0x8 C:/Users/alvar/Downloads/msys2/msys2/opt/devkitpro/libctru/lib\libctru.a(svc.o)
                0x00114e3c                svcBreak
 .text.__aeabi_read_tp
                0x00114e44        0xc C:/Users/alvar/Downloads/msys2/msys2/opt/devkitpro/libctru/lib\libctru.a(readtp.o)
                0x00114e44                __aeabi_read_tp
 .text.initSystem
                0x00114e50       0x50 C:/Users/alvar/Downloads/msys2/msys2/opt/devkitpro/libctru/lib\libctru.a(stack_adjust.o)
                0x00114e50                initSystem
 .text.__ctru_exit
                0x00114ea0       0x14 C:/Users/alvar/Downloads/msys2/msys2/opt/devkitpro/libctru/lib\libctru.a(stack_adjust.o)
                0x00114ea0                __ctru_exit
 .text.envGetHandle
                0x00114eb4       0x8c C:/Users/alvar/Downloads/msys2/msys2/opt/devkitpro/libctru/lib\libctru.a(env.o)
                0x00114eb4                envGetHandle
 .text.envDestroyHandles
                0x00114f40       0x50 C:/Users/alvar/Downloads/msys2/msys2/opt/devkitpro/libctru/lib\libctru.a(env.o)
                0x00114f40                envDestroyHandles
 .text.srvInit  0x00114f90      0x164 C:/Users/alvar/Downloads/msys2/msys2/opt/devkitpro/libctru/lib\libctru.a(srv.o)
                0x00114f90                srvInit
 .text.srvExit  0x001150f4       0x64 C:/Users/alvar/Downloads/msys2/msys2/opt/devkitpro/libctru/lib\libctru.a(srv.o)
                0x001150f4                srvExit
 .text.srvEnableNotification
                0x00115158       0x60 C:/Users/alvar/Downloads/msys2/msys2/opt/devkitpro/libctru/lib\libctru.a(srv.o)
                0x00115158                srvEnableNotification
 .text.srvGetServiceHandleDirect
                0x001151b8       0xa0 C:/Users/alvar/Downloads/msys2/msys2/opt/devkitpro/libctru/lib\libctru.a(srv.o)
                0x001151b8                srvGetServiceHandleDirect
 .text.srvGetServiceHandle
                0x00115258       0x48 C:/Users/alvar/Downloads/msys2/msys2/opt/devkitpro/libctru/lib\libctru.a(srv.o)
                0x00115258                srvGetServiceHandle
 .text.srvSubscribe
                0x001152a0       0x34 C:/Users/alvar/Downloads/msys2/msys2/opt/devkitpro/libctru/lib\libctru.a(srv.o)
                0x001152a0                srvSubscribe
 .text.srvReceiveNotification
                0x001152d4       0x60 C:/Users/alvar/Downloads/msys2/msys2/opt/devkitpro/libctru/lib\libctru.a(srv.o)
                0x001152d4                srvReceiveNotification
 .text.srvPublishToSubscriber
                0x00115334       0x38 C:/Users/alvar/Downloads/msys2/msys2/opt/devkitpro/libctru/lib\libctru.a(srv.o)
                0x00115334                srvPublishToSubscriber
 .text.__sync_init
                0x0011536c        0xc C:/Users/alvar/Downloads/msys2/msys2/opt/devkitpro/libctru/lib\libctru.a(synchronization.o)
                0x0011536c                __sync_init
 .text.__sync_fini
                0x00115378       0x18 C:/Users/alvar/Downloads/msys2/msys2/opt/devkitpro/libctru/lib\libctru.a(synchronization.o)
                0x00115378                __sync_fini
 .text.syncArbitrateAddress
                0x00115390       0x28 C:/Users/alvar/Downloads/msys2/msys2/opt/devkitpro/libctru/lib\libctru.a(synchronization.o)
                0x00115390                syncArbitrateAddress
 .text.LightLock_Init
                0x001153b8       0x1c C:/Users/alvar/Downloads/msys2/msys2/opt/devkitpro/libctru/lib\libctru.a(synchronization.o)
                0x001153b8                LightLock_Init
 .text.LightLock_Lock
                0x001153d4       0xac C:/Users/alvar/Downloads/msys2/msys2/opt/devkitpro/libctru/lib\libctru.a(synchronization.o)
                0x001153d4                LightLock_Lock
 .text.LightLock_Unlock
                0x00115480       0x40 C:/Users/alvar/Downloads/msys2/msys2/opt/devkitpro/libctru/lib\libctru.a(synchronization.o)
                0x00115480                LightLock_Unlock
 .text.RecursiveLock_Lock
                0x001154c0       0x54 C:/Users/alvar/Downloads/msys2/msys2/opt/devkitpro/libctru/lib\libctru.a(synchronization.o)
                0x001154c0                RecursiveLock_Lock
 .text.RecursiveLock_Unlock
                0x00115514       0x54 C:/Users/alvar/Downloads/msys2/msys2/opt/devkitpro/libctru/lib\libctru.a(synchronization.o)
                0x00115514                RecursiveLock_Unlock
 .text.LightEvent_Init
                0x00115568       0x44 C:/Users/alvar/Downloads/msys2/msys2/opt/devkitpro/libctru/lib\libctru.a(synchronization.o)
                0x00115568                LightEvent_Init
 .text.LightEvent_Clear
                0x001155ac       0xb8 C:/Users/alvar/Downloads/msys2/msys2/opt/devkitpro/libctru/lib\libctru.a(synchronization.o)
                0x001155ac                LightEvent_Clear
 .text.LightEvent_Signal
                0x00115664       0xdc C:/Users/alvar/Downloads/msys2/msys2/opt/devkitpro/libctru/lib\libctru.a(synchronization.o)
                0x00115664                LightEvent_Signal
 .text.LightEvent_TryWait
                0x00115740       0x50 C:/Users/alvar/Downloads/msys2/msys2/opt/devkitpro/libctru/lib\libctru.a(synchronization.o)
                0x00115740                LightEvent_TryWait
 .text.LightEvent_Wait
                0x00115790       0xac C:/Users/alvar/Downloads/msys2/msys2/opt/devkitpro/libctru/lib\libctru.a(synchronization.o)
                0x00115790                LightEvent_Wait
 .text.threadCreate
                0x0011583c      0x1fc C:/Users/alvar/Downloads/msys2/msys2/opt/devkitpro/libctru/lib\libctru.a(thread.o)
                0x0011583c                threadCreate
 .text.threadFree
                0x00115a38       0x38 C:/Users/alvar/Downloads/msys2/msys2/opt/devkitpro/libctru/lib\libctru.a(thread.o)
                0x00115a38                threadFree
 .text.threadJoin
                0x00115a70       0x24 C:/Users/alvar/Downloads/msys2/msys2/opt/devkitpro/libctru/lib\libctru.a(thread.o)
                0x00115a70                threadJoin
 .text.threadGetCurrent
                0x00115a94       0x30 C:/Users/alvar/Downloads/msys2/msys2/opt/devkitpro/libctru/lib\libctru.a(thread.o)
                0x00115a94                threadGetCurrent
 .text.threadExit
                0x00115ac4       0x40 C:/Users/alvar/Downloads/msys2/msys2/opt/devkitpro/libctru/lib\libctru.a(thread.o)
                0x00115ac4                threadExit
 .text._thread_begin
                0x00115b04       0x20 C:/Users/alvar/Downloads/msys2/msys2/opt/devkitpro/libctru/lib\libctru.a(thread.o)
 .text.mappableFindAddressWithin
                0x00115b24       0x90 C:/Users/alvar/Downloads/msys2/msys2/opt/devkitpro/libctru/lib\libctru.a(mappable.o)
 .text.mappableInit
                0x00115bb4       0x28 C:/Users/alvar/Downloads/msys2/msys2/opt/devkitpro/libctru/lib\libctru.a(mappable.o)
                0x00115bb4                mappableInit
 .text.mappableAlloc
                0x00115bdc       0x7c C:/Users/alvar/Downloads/msys2/msys2/opt/devkitpro/libctru/lib\libctru.a(mappable.o)
                0x00115bdc                mappableAlloc
 .text.mappableFree
                0x00115c58        0x4 C:/Users/alvar/Downloads/msys2/msys2/opt/devkitpro/libctru/lib\libctru.a(mappable.o)
                0x00115c58                mappableFree
 .text.srvPmGetSessionHandle
                0x00115c5c        0xc C:/Users/alvar/Downloads/msys2/msys2/opt/devkitpro/libctru/lib\libctru.a(srvpm.o)
                0x00115c5c                srvPmGetSessionHandle
 .text.rbtree_node_next
                0x00115c68       0x60 C:/Users/alvar/Downloads/msys2/msys2/opt/devkitpro/libctru/lib\libctru.a(rbtree_iterator.o)
                0x00115c68                rbtree_node_next
 .text.decode_utf16
                0x00115cc8       0x54 C:/Users/alvar/Downloads/msys2/msys2/opt/devkitpro/libctru/lib\libctru.a(decode_utf16.o)
                0x00115cc8                decode_utf16
 .text.encode_utf16
                0x00115d1c       0x54 C:/Users/alvar/Downloads/msys2/msys2/opt/devkitpro/libctru/lib\libctru.a(encode_utf16.o)
                0x00115d1c                encode_utf16
 .text.encode_utf8
                0x00115d70       0xe0 C:/Users/alvar/Downloads/msys2/msys2/opt/devkitpro/libctru/lib\libctru.a(encode_utf8.o)
                0x00115d70                encode_utf8
 .text.__appExit
                0x00115e50       0x30 C:/Users/alvar/Downloads/msys2/msys2/opt/devkitpro/libctru/lib\libctru.a(appExit.o)
                0x00115e50                __appExit
 .text.__appInit
                0x00115e80       0x30 C:/Users/alvar/Downloads/msys2/msys2/opt/devkitpro/libctru/lib\libctru.a(appInit.o)
                0x00115e80                __appInit
 .text.__libctru_exit
                0x00115eb0       0x90 C:/Users/alvar/Downloads/msys2/msys2/opt/devkitpro/libctru/lib\libctru.a(ctru_exit.o)
                0x00115eb0                __libctru_exit
 .text.archive_link
                0x00115f40       0x14 C:/Users/alvar/Downloads/msys2/msys2/opt/devkitpro/libctru/lib\libctru.a(archive_dev.o)
 .text.archive_dirreset
                0x00115f54       0x14 C:/Users/alvar/Downloads/msys2/msys2/opt/devkitpro/libctru/lib\libctru.a(archive_dev.o)
 .text.archive_chmod
                0x00115f68       0x14 C:/Users/alvar/Downloads/msys2/msys2/opt/devkitpro/libctru/lib\libctru.a(archive_dev.o)
 .text.error_cmp
                0x00115f7c       0x24 C:/Users/alvar/Downloads/msys2/msys2/opt/devkitpro/libctru/lib\libctru.a(archive_dev.o)
 .text.archive_translate_error
                0x00115fa0       0x50 C:/Users/alvar/Downloads/msys2/msys2/opt/devkitpro/libctru/lib\libctru.a(archive_dev.o)
 .text.archive_seek
                0x00115ff0       0xc0 C:/Users/alvar/Downloads/msys2/msys2/opt/devkitpro/libctru/lib\libctru.a(archive_dev.o)
 .text._archiveInit.part.0
                0x001160b0       0x78 C:/Users/alvar/Downloads/msys2/msys2/opt/devkitpro/libctru/lib\libctru.a(archive_dev.o)
 .text.archiveFindDevice.part.0
                0x00116128       0xd4 C:/Users/alvar/Downloads/msys2/msys2/opt/devkitpro/libctru/lib\libctru.a(archive_dev.o)
 .text.archive_utf16path
                0x001161fc      0x298 C:/Users/alvar/Downloads/msys2/msys2/opt/devkitpro/libctru/lib\libctru.a(archive_dev.o)
 .text._archiveUnmountDeviceStruct.part.0
                0x00116494       0x98 C:/Users/alvar/Downloads/msys2/msys2/opt/devkitpro/libctru/lib\libctru.a(archive_dev.o)
 .text.archive_statvfs
                0x0011652c       0x14 C:/Users/alvar/Downloads/msys2/msys2/opt/devkitpro/libctru/lib\libctru.a(archive_dev.o)
 .text.archive_fchmod
                0x00116540       0x14 C:/Users/alvar/Downloads/msys2/msys2/opt/devkitpro/libctru/lib\libctru.a(archive_dev.o)
 .text._archiveMountDevice
                0x00116554      0x178 C:/Users/alvar/Downloads/msys2/msys2/opt/devkitpro/libctru/lib\libctru.a(archive_dev.o)
 .text.archive_diropen
                0x001166cc       0xf8 C:/Users/alvar/Downloads/msys2/msys2/opt/devkitpro/libctru/lib\libctru.a(archive_dev.o)
 .text.archive_fstat
                0x001167c4       0xac C:/Users/alvar/Downloads/msys2/msys2/opt/devkitpro/libctru/lib\libctru.a(archive_dev.o)
 .text.archive_fsync
                0x00116870       0x74 C:/Users/alvar/Downloads/msys2/msys2/opt/devkitpro/libctru/lib\libctru.a(archive_dev.o)
 .text.archive_close
                0x001168e4       0x74 C:/Users/alvar/Downloads/msys2/msys2/opt/devkitpro/libctru/lib\libctru.a(archive_dev.o)
 .text.archive_dirclose
                0x00116958       0x78 C:/Users/alvar/Downloads/msys2/msys2/opt/devkitpro/libctru/lib\libctru.a(archive_dev.o)
 .text.sdmc_statvfs
                0x001169d0       0xec C:/Users/alvar/Downloads/msys2/msys2/opt/devkitpro/libctru/lib\libctru.a(archive_dev.o)
 .text.archive_chdir
                0x00116abc       0xf8 C:/Users/alvar/Downloads/msys2/msys2/opt/devkitpro/libctru/lib\libctru.a(archive_dev.o)
 .text.archive_ftruncate
                0x00116bb4       0x8c C:/Users/alvar/Downloads/msys2/msys2/opt/devkitpro/libctru/lib\libctru.a(archive_dev.o)
 .text.archive_read
                0x00116c40       0xbc C:/Users/alvar/Downloads/msys2/msys2/opt/devkitpro/libctru/lib\libctru.a(archive_dev.o)
 .text.archive_unlink
                0x00116cfc       0xa8 C:/Users/alvar/Downloads/msys2/msys2/opt/devkitpro/libctru/lib\libctru.a(archive_dev.o)
 .text.archive_rmdir
                0x00116da4       0xc0 C:/Users/alvar/Downloads/msys2/msys2/opt/devkitpro/libctru/lib\libctru.a(archive_dev.o)
 .text.archive_mkdir
                0x00116e64       0xd8 C:/Users/alvar/Downloads/msys2/msys2/opt/devkitpro/libctru/lib\libctru.a(archive_dev.o)
 .text.archive_stat
                0x00116f3c      0x1a0 C:/Users/alvar/Downloads/msys2/msys2/opt/devkitpro/libctru/lib\libctru.a(archive_dev.o)
 .text.archive_dirnext
                0x001170dc      0x164 C:/Users/alvar/Downloads/msys2/msys2/opt/devkitpro/libctru/lib\libctru.a(archive_dev.o)
 .text.archive_write
                0x00117240      0x13c C:/Users/alvar/Downloads/msys2/msys2/opt/devkitpro/libctru/lib\libctru.a(archive_dev.o)
 *fill*         0x0011737c        0x4 
 .text.archive_open
                0x00117380      0x254 C:/Users/alvar/Downloads/msys2/msys2/opt/devkitpro/libctru/lib\libctru.a(archive_dev.o)
 .text.archive_rename
                0x001175d4      0x270 C:/Users/alvar/Downloads/msys2/msys2/opt/devkitpro/libctru/lib\libctru.a(archive_dev.o)
 .text.archiveMountSdmc
                0x00117844      0x1c8 C:/Users/alvar/Downloads/msys2/msys2/opt/devkitpro/libctru/lib\libctru.a(archive_dev.o)
                0x00117844                archiveMountSdmc
 .text.archiveUnmountAll
                0x00117a0c       0x54 C:/Users/alvar/Downloads/msys2/msys2/opt/devkitpro/libctru/lib\libctru.a(archive_dev.o)
                0x00117a0c                archiveUnmountAll
 .text.sinf     0x00117a60      0x264 C:/Users/alvar/Downloads/msys2/msys2/opt/devkitpro/devkitARM/bin/../lib/gcc/arm-none-eabi/15.1.0/../../../../arm-none-eabi/lib/armv6k/fpu\libm.a(libm_a-sinf.o)
                0x00117a60                sinf
 .text.with_errnof
                0x00117cc4       0x24 C:/Users/alvar/Downloads/msys2/msys2/opt/devkitpro/devkitARM/bin/../lib/gcc/arm-none-eabi/15.1.0/../../../../arm-none-eabi/lib/armv6k/fpu\libm.a(libm_a-math_errf.o)
 .text.__math_invalidf
                0x00117ce8       0x1c C:/Users/alvar/Downloads/msys2/msys2/opt/devkitpro/devkitARM/bin/../lib/gcc/arm-none-eabi/15.1.0/../../../../arm-none-eabi/lib/armv6k/fpu\libm.a(libm_a-math_errf.o)
                0x00117ce8                __math_invalidf
 .text.ceilf    0x00117d04       0xc0 C:/Users/alvar/Downloads/msys2/msys2/opt/devkitpro/devkitARM/bin/../lib/gcc/arm-none-eabi/15.1.0/../../../../arm-none-eabi/lib/armv6k/fpu\libm.a(libm_a-sf_ceil.o)
                0x00117d04                ceilf
 *fill*         0x00117dc4        0x4 
 .text.cosf     0x00117dc8      0x25c C:/Users/alvar/Downloads/msys2/msys2/opt/devkitpro/devkitARM/bin/../lib/gcc/arm-none-eabi/15.1.0/../../../../arm-none-eabi/lib/armv6k/fpu\libm.a(libm_a-cosf.o)
                0x00117dc8                cosf
 .text.__udivmoddi4
                0x00118024      0x130 C:/Users/alvar/Downloads/msys2/msys2/opt/devkitpro/devkitARM/bin/../lib/gcc/arm-none-eabi/15.1.0/armv6k/fpu\libgcc.a(_udivmoddi4.o)
                0x00118024                __udivmoddi4
 .text.strncmp  0x00118154       0xd8 C:/Users/alvar/Downloads/msys2/msys2/opt/devkitpro/devkitARM/bin/../lib/gcc/arm-none-eabi/15.1.0/../../../../arm-none-eabi/lib/armv6k/fpu\libg.a(libc_a-strncmp.o)
                0x00118154                strncmp
 .text.strchr   0x0011822c      0x140 C:/Users/alvar/Downloads/msys2/msys2/opt/devkitpro/devkitARM/bin/../lib/gcc/arm-none-eabi/15.1.0/../../../../arm-none-eabi/lib/armv6k/fpu\libg.a(libc_a-strchr.o)
                0x0011822c                strchr
 .text._fclose_r
                0x0011836c      0x144 C:/Users/alvar/Downloads/msys2/msys2/opt/devkitpro/devkitARM/bin/../lib/gcc/arm-none-eabi/15.1.0/../../../../arm-none-eabi/lib/armv6k/fpu\libg.a(libc_a-fclose.o)
                0x0011836c                _fclose_r
 .text.fclose   0x001184b0       0x20 C:/Users/alvar/Downloads/msys2/msys2/opt/devkitpro/devkitARM/bin/../lib/gcc/arm-none-eabi/15.1.0/../../../../arm-none-eabi/lib/armv6k/fpu\libg.a(libc_a-fclose.o)
                0x001184b0                fclose
 .text.strlen   0x001184d0       0x8c C:/Users/alvar/Downloads/msys2/msys2/opt/devkitpro/devkitARM/bin/../lib/gcc/arm-none-eabi/15.1.0/../../../../arm-none-eabi/lib/armv6k/fpu\libg.a(libc_a-strlen.o)
                0x001184d0                strlen
 .text.memcmp   0x0011855c       0xd8 C:/Users/alvar/Downloads/msys2/msys2/opt/devkitpro/devkitARM/bin/../lib/gcc/arm-none-eabi/15.1.0/../../../../arm-none-eabi/lib/armv6k/fpu\libg.a(libc_a-memcmp.o)
                0x0011855c                memcmp
 .text.stdio_exit_handler
                0x00118634       0x1c C:/Users/alvar/Downloads/msys2/msys2/opt/devkitpro/devkitARM/bin/../lib/gcc/arm-none-eabi/15.1.0/../../../../arm-none-eabi/lib/armv6k/fpu\libg.a(libc_a-findfp.o)
 .text.cleanup_stdio
                0x00118650       0x5c C:/Users/alvar/Downloads/msys2/msys2/opt/devkitpro/devkitARM/bin/../lib/gcc/arm-none-eabi/15.1.0/../../../../arm-none-eabi/lib/armv6k/fpu\libg.a(libc_a-findfp.o)
 .text.global_stdio_init.part.0
                0x001186ac      0x154 C:/Users/alvar/Downloads/msys2/msys2/opt/devkitpro/devkitARM/bin/../lib/gcc/arm-none-eabi/15.1.0/../../../../arm-none-eabi/lib/armv6k/fpu\libg.a(libc_a-findfp.o)
 .text.__sfp    0x00118800      0x138 C:/Users/alvar/Downloads/msys2/msys2/opt/devkitpro/devkitARM/bin/../lib/gcc/arm-none-eabi/15.1.0/../../../../arm-none-eabi/lib/armv6k/fpu\libg.a(libc_a-findfp.o)
                0x00118800                __sfp
 .text.__sinit  0x00118938       0x5c C:/Users/alvar/Downloads/msys2/msys2/opt/devkitpro/devkitARM/bin/../lib/gcc/arm-none-eabi/15.1.0/../../../../arm-none-eabi/lib/armv6k/fpu\libg.a(libc_a-findfp.o)
                0x00118938                __sinit
 .text.__sfp_lock_acquire