Archive member included to satisfy reference by file (symbol)

C:/Users/alvar/Downloads/msys2/msys2/opt/devkitpro/libctru/lib\libcitro2d.a(base.o)
                              main.o (C2D_Init)
C:/Users/alvar/Downloads/msys2/msys2/opt/devkitpro/libctru/lib\libcitro2d.a(text.o)
                              main.o (C2D_TextBufNew)
C:/Users/alvar/Downloads/msys2/msys2/opt/devkitpro/libctru/lib\libcitro2d.a(spritesheet.o)
                              main.o (C2D_SpriteSheetLoad)
C:/Users/alvar/Downloads/msys2/msys2/opt/devkitpro/libctru/lib\libcitro2d.a(font.o)
                              main.o (C2D_FontLoadSystem)
C:/Users/alvar/Downloads/msys2/msys2/opt/devkitpro/libctru/lib\libcitro2d.a(render2d.shbin.o)
                              C:/Users/alvar/Downloads/msys2/msys2/opt/devkitpro/libctru/lib\libcitro2d.a(base.o) (render2d_shbin)
C:/Users/alvar/Downloads/msys2/msys2/opt/devkitpro/libctru/lib\libcitro3d.a(attribs.o)
                              C:/Users/alvar/Downloads/msys2/msys2/opt/devkitpro/libctru/lib\libcitro2d.a(base.o) (AttrInfo_Init)
C:/Users/alvar/Downloads/msys2/msys2/opt/devkitpro/libctru/lib\libcitro3d.a(base.o)
                              C:/Users/alvar/Downloads/msys2/msys2/opt/devkitpro/libctru/lib\libcitro3d.a(attribs.o) (__C3D_Context)
C:/Users/alvar/Downloads/msys2/msys2/opt/devkitpro/libctru/lib\libcitro3d.a(buffers.o)
                              C:/Users/alvar/Downloads/msys2/msys2/opt/devkitpro/libctru/lib\libcitro2d.a(base.o) (BufInfo_Init)
C:/Users/alvar/Downloads/msys2/msys2/opt/devkitpro/libctru/lib\libcitro3d.a(drawElements.o)
                              C:/Users/alvar/Downloads/msys2/msys2/opt/devkitpro/libctru/lib\libcitro2d.a(base.o) (C3D_DrawElements)
C:/Users/alvar/Downloads/msys2/msys2/opt/devkitpro/libctru/lib\libcitro3d.a(effect.o)
                              C:/Users/alvar/Downloads/msys2/msys2/opt/devkitpro/libctru/lib\libcitro3d.a(base.o) (C3D_DepthMap)
C:/Users/alvar/Downloads/msys2/msys2/opt/devkitpro/libctru/lib\libcitro3d.a(framebuffer.o)
                              C:/Users/alvar/Downloads/msys2/msys2/opt/devkitpro/libctru/lib\libcitro3d.a(base.o) (C3Di_FrameBufBind)
C:/Users/alvar/Downloads/msys2/msys2/opt/devkitpro/libctru/lib\libcitro3d.a(immediate.o)
                              C:/Users/alvar/Downloads/msys2/msys2/opt/devkitpro/libctru/lib\libcitro3d.a(base.o) (C3D_ImmSendAttrib)
C:/Users/alvar/Downloads/msys2/msys2/opt/devkitpro/libctru/lib\libcitro3d.a(proctex.o)
                              C:/Users/alvar/Downloads/msys2/msys2/opt/devkitpro/libctru/lib\libcitro2d.a(base.o) (C3D_ProcTexInit)
C:/Users/alvar/Downloads/msys2/msys2/opt/devkitpro/libctru/lib\libcitro3d.a(renderqueue.o)
                              C:/Users/alvar/Downloads/msys2/msys2/opt/devkitpro/libctru/lib\libcitro3d.a(base.o) (C3Di_RenderQueueEnableVBlank)
C:/Users/alvar/Downloads/msys2/msys2/opt/devkitpro/libctru/lib\libcitro3d.a(tex3ds.o)
                              C:/Users/alvar/Downloads/msys2/msys2/opt/devkitpro/libctru/lib\libcitro2d.a(spritesheet.o) (Tex3DS_TextureImport)
C:/Users/alvar/Downloads/msys2/msys2/opt/devkitpro/libctru/lib\libcitro3d.a(texenv.o)
                              C:/Users/alvar/Downloads/msys2/msys2/opt/devkitpro/libctru/lib\libcitro2d.a(base.o) (C3D_GetTexEnv)
C:/Users/alvar/Downloads/msys2/msys2/opt/devkitpro/libctru/lib\libcitro3d.a(texture.o)
                              C:/Users/alvar/Downloads/msys2/msys2/opt/devkitpro/libctru/lib\libcitro3d.a(tex3ds.o) (C3D_TexInitWithParams)
C:/Users/alvar/Downloads/msys2/msys2/opt/devkitpro/libctru/lib\libcitro3d.a(uniforms.o)
                              C:/Users/alvar/Downloads/msys2/msys2/opt/devkitpro/libctru/lib\libcitro3d.a(base.o) (C3D_UpdateUniforms)
C:/Users/alvar/Downloads/msys2/msys2/opt/devkitpro/libctru/lib\libcitro3d.a(mtx_multiply.o)
                              C:/Users/alvar/Downloads/msys2/msys2/opt/devkitpro/libctru/lib\libcitro2d.a(base.o) (Mtx_Multiply)
C:/Users/alvar/Downloads/msys2/msys2/opt/devkitpro/libctru/lib\libcitro3d.a(mtx_ortho.o)
                              C:/Users/alvar/Downloads/msys2/msys2/opt/devkitpro/libctru/lib\libcitro2d.a(base.o) (Mtx_Ortho)
C:/Users/alvar/Downloads/msys2/msys2/opt/devkitpro/libctru/lib\libcitro3d.a(mtx_orthotilt.o)
                              C:/Users/alvar/Downloads/msys2/msys2/opt/devkitpro/libctru/lib\libcitro2d.a(base.o) (Mtx_OrthoTilt)
C:/Users/alvar/Downloads/msys2/msys2/opt/devkitpro/libctru/lib\libcitro3d.a(mtx_rotatez.o)
                              C:/Users/alvar/Downloads/msys2/msys2/opt/devkitpro/libctru/lib\libcitro2d.a(base.o) (Mtx_RotateZ)
C:/Users/alvar/Downloads/msys2/msys2/opt/devkitpro/libctru/lib\libcitro3d.a(mtx_scale.o)
                              C:/Users/alvar/Downloads/msys2/msys2/opt/devkitpro/libctru/lib\libcitro2d.a(base.o) (Mtx_Scale)
C:/Users/alvar/Downloads/msys2/msys2/opt/devkitpro/libctru/lib\libcitro3d.a(mtx_translate.o)
[...]
Memory Configuration

Name             Origin             Length             Attributes
*default*        0x00000000         0xffffffff

Linker script and memory map

                0x00000000                        __sync_synchronize = __sync_synchronize_dmb
                0x00100000                        PROVIDE (__start__ = 0x100000)
                0x00100000                        . = __start__

.text           0x00100000    0x198f0
 *(.crt0)
 .crt0          0x00100000       0x94 C:/Users/alvar/Downloads/msys2/msys2/opt/devkitpro/devkitARM/bin/../lib/gcc/arm-none-eabi/15.1.0/../../../../arm-none-eabi/lib/armv6k/fpu/3dsx_crt0.o
                0x00100000                _start
                0x00100008                __service_ptr
                0x0010000c                __apt_appid
                0x00100010                __heap_size
                0x00100014                __linear_heap_size
                0x00100018                __system_arglist
                0x0010001c                __system_runflags
 *(.init)
 .init          0x00100094        0xc C:/Users/alvar/Downloads/msys2/msys2/opt/devkitpro/devkitARM/bin/../lib/gcc/arm-none-eabi/15.1.0/armv6k/fpu/crti.o
                0x00100094                _init
 .init          0x001000a0        0xc C:/Users/alvar/Downloads/msys2/msys2/opt/devkitpro/devkitARM/bin/../lib/gcc/arm-none-eabi/15.1.0/armv6k/fpu/crtn.o
                0x001000ac                        . = ALIGN (0x4)
 *(.text)
 .text          0x001000ac      0x20c C:/Users/alvar/Downloads/msys2/msys2/opt/devkitpro/devkitARM/bin/../lib/gcc/arm-none-eabi/15.1.0/armv6k/fpu\libgcc.a(_udivsi3.o)
                0x001000ac                __aeabi_uidiv
                0x001000ac                __udivsi3
                0x00100298                __aeabi_uidivmod
 .text          0x001002b8      0x240 C:/Users/alvar/Downloads/msys2/msys2/opt/devkitpro/devkitARM/bin/../lib/gcc/arm-none-eabi/15.1.0/armv6k/fpu\libgcc.a(_divsi3.o)
                0x001002b8                __divsi3
                0x001002b8                __aeabi_idiv
                0x001004d8                __aeabi_idivmod
 .text          0x001004f8        0x4 C:/Users/alvar/Downloads/msys2/msys2/opt/devkitpro/devkitARM/bin/../lib/gcc/arm-none-eabi/15.1.0/armv6k/fpu\libgcc.a(_dvmd_tls.o)
                0x001004f8                __aeabi_idiv0
                0x001004f8                __aeabi_ldiv0
 .text          0x001004fc      0x3c0 C:/Users/alvar/Downloads/msys2/msys2/opt/devkitpro/devkitARM/bin/../lib/gcc/arm-none-eabi/15.1.0/armv6k/fpu\libgcc.a(_arm_addsubdf3.o)
                0x001004fc                __aeabi_drsub
                0x00100504                __aeabi_dsub
                0x00100504                __subdf3
                0x00100508                __aeabi_dadd
                0x00100508                __adddf3
                0x001007b4                __floatunsidf
                0x001007b4                __aeabi_ui2d
                0x001007d8                __floatsidf
                0x001007d8                __aeabi_i2d
                0x00100800                __aeabi_f2d
                0x00100800                __extendsfdf2
                0x00100848                __floatundidf
                0x00100848                __aeabi_ul2d
                0x0010085c                __floatdidf
                0x0010085c                __aeabi_l2d
 .text          0x001008bc       0xd4 C:/Users/alvar/Downloads/msys2/msys2/opt/devkitpro/devkitARM/bin/../lib/gcc/arm-none-eabi/15.1.0/armv6k/fpu\libgcc.a(_aeabi_ldivmod.o)
                0x001008bc                __aeabi_ldivmod
 *fill*         0x00100990       0x10 
 .text          0x001009a0      0x390 C:/Users/alvar/Downloads/msys2/msys2/opt/devkitpro/devkitARM/bin/../lib/gcc/arm-none-eabi/15.1.0/../../../../arm-none-eabi/lib/armv6k/fpu\libg.a(libc_a-strcmp.o)
                0x001009a8                strcmp
 *(.text.*)
 .text.__do_global_dtors_aux
                0x00100d30       0x50 C:/Users/alvar/Downloads/msys2/msys2/opt/devkitpro/devkitARM/bin/../lib/gcc/arm-none-eabi/15.1.0/armv6k/fpu/crtbegin.o
 .text.frame_dummy
                0x00100d80       0x2c C:/Users/alvar/Downloads/msys2/msys2/opt/devkitpro/devkitARM/bin/../lib/gcc/arm-none-eabi/15.1.0/armv6k/fpu/crtbegin.o
 .text.startup.main
                0x00100dac      0x460 main.o
                0x00100dac                main
 .text.C2Di_FrameEndHook
                0x0010120c       0x44 C:/Users/alvar/Downloads/msys2/msys2/opt/devkitpro/libctru/lib\libcitro2d.a(base.o)
 .text.C2D_Init
                0x00101250      0x36c C:/Users/alvar/Downloads/msys2/msys2/opt/devkitpro/libctru/lib\libcitro2d.a(base.o)
                0x00101250                C2D_Init
 .text.C2D_Fini
                0x001015bc       0x4c C:/Users/alvar/Downloads/msys2/msys2/opt/devkitpro/libctru/lib\libcitro2d.a(base.o)
                0x001015bc                C2D_Fini
 .text.C2D_Prepare
                0x00101608       0xb8 C:/Users/alvar/Downloads/msys2/msys2/opt/devkitpro/libctru/lib\libcitro2d.a(base.o)
                0x00101608                C2D_Prepare
 .text.C2D_Flush
                0x001016c0       0x48 C:/Users/alvar/Downloads/msys2/msys2/opt/devkitpro/libctru/lib\libcitro2d.a(base.o)
                0x001016c0                C2D_Flush
 .text.C2D_SceneSize
                0x00101708      0x104 C:/Users/alvar/Downloads/msys2/msys2/opt/devkitpro/libctru/lib\libcitro2d.a(base.o)
                0x00101708                C2D_SceneSize
 .text.C2D_CreateScreenTarget
                0x0010180c       0x58 C:/Users/alvar/Downloads/msys2/msys2/opt/devkitpro/libctru/lib\libcitro2d.a(base.o)
                0x0010180c                C2D_CreateScreenTarget
 .text.C2D_TargetClear
                0x00101864       0x64 C:/Users/alvar/Downloads/msys2/msys2/opt/devkitpro/libctru/lib\libcitro2d.a(base.o)
                0x00101864                C2D_TargetClear
 .text.C2Di_CalcQuad
                0x001018c8      0x13c C:/Users/alvar/Downloads/msys2/msys2/opt/devkitpro/libctru/lib\libcitro2d.a(base.o)
                0x001018c8                C2Di_CalcQuad
 .text.C2Di_AppendQuad
                0x00101a04       0x58 C:/Users/alvar/Downloads/msys2/msys2/opt/devkitpro/libctru/lib\libcitro2d.a(base.o)
                0x00101a04                C2Di_AppendQuad
 .text.C2Di_AppendVtx
                0x00101a5c       0x40 C:/Users/alvar/Downloads/msys2/msys2/opt/devkitpro/libctru/lib\libcitro2d.a(base.o)
                0x00101a5c                C2Di_AppendVtx
 .text.C2Di_Update
                0x00101a9c      0x550 C:/Users/alvar/Downloads/msys2/msys2/opt/devkitpro/libctru/lib\libcitro2d.a(base.o)
                0x00101a9c                C2Di_Update
 .text.C2D_DrawImage
                0x00101fec      0x2b0 C:/Users/alvar/Downloads/msys2/msys2/opt/devkitpro/libctru/lib\libcitro2d.a(base.o)
                0x00101fec                C2D_DrawImage
 .text.C2Di_GlyphComp
                0x0010229c       0x18 C:/Users/alvar/Downloads/msys2/msys2/opt/devkitpro/libctru/lib\libcitro2d.a(text.o)
 .text.C2Di_CalcLineWidths
                0x001022b4      0x140 C:/Users/alvar/Downloads/msys2/msys2/opt/devkitpro/libctru/lib\libcitro2d.a(text.o)
 .text.C2D_TextBufNew
                0x001023f4      0x1dc C:/Users/alvar/Downloads/msys2/msys2/opt/devkitpro/libctru/lib\libcitro2d.a(text.o)
                0x001023f4                C2D_TextBufNew
 .text.C2D_TextFontParseLine
                0x001025d0      0x1c8 C:/Users/alvar/Downloads/msys2/msys2/opt/devkitpro/libctru/lib\libcitro2d.a(text.o)
                0x001025d0                C2D_TextFontParseLine
 .text.C2D_TextFontParse
                0x00102798       0xa8 C:/Users/alvar/Downloads/msys2/msys2/opt/devkitpro/libctru/lib\libcitro2d.a(text.o)
                0x00102798                C2D_TextFontParse
 .text.C2D_TextOptimize
                0x00102840       0x30 C:/Users/alvar/Downloads/msys2/msys2/opt/devkitpro/libctru/lib\libcitro2d.a(text.o)
                0x00102840                C2D_TextOptimize
 .text.C2D_TextGetDimensions
                0x00102870       0xc0 C:/Users/alvar/Downloads/msys2/msys2/opt/devkitpro/libctru/lib\libcitro2d.a(text.o)
                0x00102870                C2D_TextGetDimensions
 .text.C2D_DrawText
                0x00102930      0xf6c C:/Users/alvar/Downloads/msys2/msys2/opt/devkitpro/libctru/lib\libcitro2d.a(text.o)
                0x00102930                C2D_DrawText
 .text.C2D_SpriteSheetLoadFromHandle
                0x0010389c       0x6c C:/Users/alvar/Downloads/msys2/msys2/opt/devkitpro/libctru/lib\libcitro2d.a(spritesheet.o)
                0x0010389c                C2D_SpriteSheetLoadFromHandle
 .text.C2D_SpriteSheetLoad
                0x00103908       0x48 C:/Users/alvar/Downloads/msys2/msys2/opt/devkitpro/libctru/lib\libcitro2d.a(spritesheet.o)
                0x00103908                C2D_SpriteSheetLoad
 .text.C2D_SpriteSheetFree
                0x00103950       0x28 C:/Users/alvar/Downloads/msys2/msys2/opt/devkitpro/libctru/lib\libcitro2d.a(spritesheet.o)
                0x00103950                C2D_SpriteSheetFree
 .text.C2D_SpriteSheetGetImage
                0x00103978       0x2c C:/Users/alvar/Downloads/msys2/msys2/opt/devkitpro/libctru/lib\libcitro2d.a(spritesheet.o)
                0x00103978                C2D_SpriteSheetGetImage
 .text.C2D_FontFree
                0x001039a4       0x28 C:/Users/alvar/Downloads/msys2/msys2/opt/devkitpro/libctru/lib\libcitro2d.a(font.o)
                0x001039a4                C2D_FontFree
 .text.C2Di_PostLoadFont
                0x001039cc       0xe8 C:/Users/alvar/Downloads/msys2/msys2/opt/devkitpro/libctru/lib\libcitro2d.a(font.o)
 .text.C2D_FontLoadSystem
                0x00103ab4      0x1c0 C:/Users/alvar/Downloads/msys2/msys2/opt/devkitpro/libctru/lib\libcitro2d.a(font.o)
                0x00103ab4                C2D_FontLoadSystem
 .text.C2D_FontGlyphIndexFromCodePoint
                0x00103c74       0x44 C:/Users/alvar/Downloads/msys2/msys2/opt/devkitpro/libctru/lib\libcitro2d.a(font.o)
                0x00103c74                C2D_FontGlyphIndexFromCodePoint
 .text.C2D_FontCalcGlyphPos
                0x00103cb8       0x78 C:/Users/alvar/Downloads/msys2/msys2/opt/devkitpro/libctru/lib\libcitro2d.a(font.o)
                0x00103cb8                C2D_FontCalcGlyphPos
 .text.AttrInfo_Init
                0x00103d30       0x28 C:/Users/alvar/Downloads/msys2/msys2/opt/devkitpro/libctru/lib\libcitro3d.a(attribs.o)
                0x00103d30                AttrInfo_Init
 .text.AttrInfo_AddLoader
                0x00103d58       0x94 C:/Users/alvar/Downloads/msys2/msys2/opt/devkitpro/libctru/lib\libcitro3d.a(attribs.o)
                0x00103d58                AttrInfo_AddLoader
 .text.C3D_SetAttrInfo
                0x00103dec       0x54 C:/Users/alvar/Downloads/msys2/msys2/opt/devkitpro/libctru/lib\libcitro3d.a(attribs.o)
                0x00103dec                C3D_SetAttrInfo
 .text.C3Di_AttrInfoBind
                0x00103e40       0x80 C:/Users/alvar/Downloads/msys2/msys2/opt/devkitpro/libctru/lib\libcitro3d.a(attribs.o)
                0x00103e40                C3Di_AttrInfoBind
 .text.C3Di_LightEnvUpdate
                0x00103ec0        0x4 C:/Users/alvar/Downloads/msys2/msys2/opt/devkitpro/libctru/lib\libcitro3d.a(base.o)
                0x00103ec0                C3Di_LightEnvUpdate
 .text.C3Di_LightEnvDirty
                0x00103ec4        0x4 C:/Users/alvar/Downloads/msys2/msys2/opt/devkitpro/libctru/lib\libcitro3d.a(base.o)
                0x00103ec4                C3Di_LightEnvDirty
 .text.C3Di_AptEventHook
                0x00103ec8       0xb4 C:/Users/alvar/Downloads/msys2/msys2/opt/devkitpro/libctru/lib\libcitro3d.a(base.o)
 .text.C3Di_GasUpdate
                0x00103f7c        0x4 C:/Users/alvar/Downloads/msys2/msys2/opt/devkitpro/libctru/lib\libcitro3d.a(base.o)
                0x00103f7c                C3Di_GasUpdate
 .text.C3D_Init
                0x00103f80      0x1d0 C:/Users/alvar/Downloads/msys2/msys2/opt/devkitpro/libctru/lib\libcitro3d.a(base.o)
                0x00103f80                C3D_Init
 .text.C3D_SetViewport
                0x00104150       0x98 C:/Users/alvar/Downloads/msys2/msys2/opt/devkitpro/libctru/lib\libcitro3d.a(base.o)
                0x00104150                C3D_SetViewport
 .text.C3Di_UpdateContext
                0x001041e8      0x4e8 C:/Users/alvar/Downloads/msys2/msys2/opt/devkitpro/libctru/lib\libcitro3d.a(base.o)
                0x001041e8                C3Di_UpdateContext
 .text.C3Di_SplitFrame
                0x001046d0       0xe0 C:/Users/alvar/Downloads/msys2/msys2/opt/devkitpro/libctru/lib\libcitro3d.a(base.o)
                0x001046d0                C3Di_SplitFrame
 .text.C3D_Fini
                0x001047b0       0x44 C:/Users/alvar/Downloads/msys2/msys2/opt/devkitpro/libctru/lib\libcitro3d.a(base.o)
                0x001047b0                C3D_Fini
 .text.C3D_BindProgram
                0x001047f4      0x194 C:/Users/alvar/Downloads/msys2/msys2/opt/devkitpro/libctru/lib\libcitro3d.a(base.o)
                0x001047f4                C3D_BindProgram
 .text.BufInfo_Init
                0x00104988       0x24 C:/Users/alvar/Downloads/msys2/msys2/opt/devkitpro/libctru/lib\libcitro3d.a(buffers.o)
                0x00104988                BufInfo_Init
 .text.BufInfo_Add
                0x001049ac       0x80 C:/Users/alvar/Downloads/msys2/msys2/opt/devkitpro/libctru/lib\libcitro3d.a(buffers.o)
                0x001049ac                BufInfo_Add
 .text.C3D_SetBufInfo
                0x00104a2c       0x3c C:/Users/alvar/Downloads/msys2/msys2/opt/devkitpro/libctru/lib\libcitro3d.a(buffers.o)
                0x00104a2c                C3D_SetBufInfo
 .text.C3Di_BufInfoBind
                0x00104a68       0x48 C:/Users/alvar/Downloads/msys2/msys2/opt/devkitpro/libctru/lib\libcitro3d.a(buffers.o)
                0x00104a68                C3Di_BufInfoBind
 .text.C3D_DrawElements
                0x00104ab0      0x21c C:/Users/alvar/Downloads/msys2/msys2/opt/devkitpro/libctru/lib\libcitro3d.a(drawElements.o)
                0x00104ab0                C3D_DrawElements
 .text.C3D_DepthMap
                0x00104ccc       0x40 C:/Users/alvar/Downloads/msys2/msys2/opt/devkitpro/libctru/lib\libcitro3d.a(effect.o)
                0x00104ccc                C3D_DepthMap
 .text.C3D_CullFace
                0x00104d0c       0x1c C:/Users/alvar/Downloads/msys2/msys2/opt/devkitpro/libctru/lib\libcitro3d.a(effect.o)
                0x00104d0c                C3D_CullFace
 .text.C3D_StencilTest
                0x00104d28       0x40 C:/Users/alvar/Downloads/msys2/msys2/opt/devkitpro/libctru/lib\libcitro3d.a(effect.o)
                0x00104d28                C3D_StencilTest
 .text.C3D_StencilOp
                0x00104d68       0x24 C:/Users/alvar/Downloads/msys2/msys2/opt/devkitpro/libctru/lib\libcitro3d.a(effect.o)
                0x00104d68                C3D_StencilOp
 .text.C3D_BlendingColor
                0x00104d8c       0x1c C:/Users/alvar/Downloads/msys2/msys2/opt/devkitpro/libctru/lib\libcitro3d.a(effect.o)
                0x00104d8c                C3D_BlendingColor
 .text.C3D_EarlyDepthTest
                0x00104da8       0x24 C:/Users/alvar/Downloads/msys2/msys2/opt/devkitpro/libctru/lib\libcitro3d.a(effect.o)
                0x00104da8                C3D_EarlyDepthTest
 .text.C3D_DepthTest
                0x00104dcc       0x2c C:/Users/alvar/Downloads/msys2/msys2/opt/devkitpro/libctru/lib\libcitro3d.a(effect.o)
                0x00104dcc                C3D_DepthTest
 .text.C3D_AlphaTest
                0x00104df8       0x2c C:/Users/alvar/Downloads/msys2/msys2/opt/devkitpro/libctru/lib\libcitro3d.a(effect.o)
                0x00104df8                C3D_AlphaTest
 .text.C3D_AlphaBlend
                0x00104e24       0x50 C:/Users/alvar/Downloads/msys2/msys2/opt/devkitpro/libctru/lib\libcitro3d.a(effect.o)
                0x00104e24                C3D_AlphaBlend
 .text.C3D_FragOpMode
                0x00104e74       0x30 C:/Users/alvar/Downloads/msys2/msys2/opt/devkitpro/libctru/lib\libcitro3d.a(effect.o)
                0x00104e74                C3D_FragOpMode
 .text.C3D_FragOpShadow
                0x00104ea4       0x44 C:/Users/alvar/Downloads/msys2/msys2/opt/devkitpro/libctru/lib\libcitro3d.a(effect.o)
                0x00104ea4                C3D_FragOpShadow
 .text.C3Di_EffectBind
                0x00104ee8      0x1ac C:/Users/alvar/Downloads/msys2/msys2/opt/devkitpro/libctru/lib\libcitro3d.a(effect.o)
                0x00104ee8                C3Di_EffectBind
 .text.C3D_CalcColorBufSize
                0x00105094       0x1c C:/Users/alvar/Downloads/msys2/msys2/opt/devkitpro/libctru/lib\libcitro3d.a(framebuffer.o)
                0x00105094                C3D_CalcColorBufSize
 .text.C3D_CalcDepthBufSize
                0x001050b0       0x1c C:/Users/alvar/Downloads/msys2/msys2/opt/devkitpro/libctru/lib\libcitro3d.a(framebuffer.o)
                0x001050b0                C3D_CalcDepthBufSize
 .text.C3D_SetFrameBuf
                0x001050cc       0x44 C:/Users/alvar/Downloads/msys2/msys2/opt/devkitpro/libctru/lib\libcitro3d.a(framebuffer.o)
                0x001050cc                C3D_SetFrameBuf
 .text.C3Di_FrameBufBind
                0x00105110      0x16c C:/Users/alvar/Downloads/msys2/msys2/opt/devkitpro/libctru/lib\libcitro3d.a(framebuffer.o)
                0x00105110                C3Di_FrameBufBind
 .text.C3D_FrameBufClear
                0x0010527c       0xc8 C:/Users/alvar/Downloads/msys2/msys2/opt/devkitpro/libctru/lib\libcitro3d.a(framebuffer.o)
                0x0010527c                C3D_FrameBufClear
 .text.C3D_FrameBufTransfer
                0x00105344       0x44 C:/Users/alvar/Downloads/msys2/msys2/opt/devkitpro/libctru/lib\libcitro3d.a(framebuffer.o)
                0x00105344                C3D_FrameBufTransfer
 .text.C3D_ImmSendAttrib
                0x00105388       0xa8 C:/Users/alvar/Downloads/msys2/msys2/opt/devkitpro/libctru/lib\libcitro3d.a(immediate.o)
                0x00105388                C3D_ImmSendAttrib
 .text.C3D_ProcTexInit
                0x00105430       0x70 C:/Users/alvar/Downloads/msys2/msys2/opt/devkitpro/libctru/lib\libcitro3d.a(proctex.o)
                0x00105430                C3D_ProcTexInit
 .text.C3D_ProcTexBind
                0x001054a0       0x54 C:/Users/alvar/Downloads/msys2/msys2/opt/devkitpro/libctru/lib\libcitro3d.a(proctex.o)
                0x001054a0                C3D_ProcTexBind
 .text.C3D_ProcTexLutBind
                0x001054f4       0x5c C:/Users/alvar/Downloads/msys2/msys2/opt/devkitpro/libctru/lib\libcitro3d.a(proctex.o)
                0x001054f4                C3D_ProcTexLutBind
 .text.ProcTexLut_FromArray
                0x00105550       0xa4 C:/Users/alvar/Downloads/msys2/msys2/opt/devkitpro/libctru/lib\libcitro3d.a(proctex.o)
                0x00105550                ProcTexLut_FromArray
 .text.C3Di_ProcTexUpdate
                0x001055f4      0x178 C:/Users/alvar/Downloads/msys2/msys2/opt/devkitpro/libctru/lib\libcitro3d.a(proctex.o)
                0x001055f4                C3Di_ProcTexUpdate
 .text.C3Di_ProcTexDirty
                0x0010576c       0x68 C:/Users/alvar/Downloads/msys2/msys2/opt/devkitpro/libctru/lib\libcitro3d.a(proctex.o)
                0x0010576c                C3Di_ProcTexDirty
 .text.onVBlank0
                0x001057d4       0x4c C:/Users/alvar/Downloads/msys2/msys2/opt/devkitpro/libctru/lib\libcitro3d.a(renderqueue.o)
 .text.onVBlank1
                0x00105820       0x4c C:/Users/alvar/Downloads/msys2/msys2/opt/devkitpro/libctru/lib\libcitro3d.a(renderqueue.o)
 .text.C3Di_RenderTargetDestroy
                0x0010586c       0x80 C:/Users/alvar/Downloads/msys2/msys2/opt/devkitpro/libctru/lib\libcitro3d.a(renderqueue.o)
 .text.onQueueFinish
                0x001058ec       0xf4 C:/Users/alvar/Downloads/msys2/msys2/opt/devkitpro/libctru/lib\libcitro3d.a(renderqueue.o)
 .text.C3Di_RenderQueueEnableVBlank
                0x001059e0       0x38 C:/Users/alvar/Downloads/msys2/msys2/opt/devkitpro/libctru/lib\libcitro3d.a(renderqueue.o)
                0x001059e0                C3Di_RenderQueueEnableVBlank
 .text.C3Di_RenderQueueDisableVBlank
                0x00105a18       0x30 C:/Users/alvar/Downloads/msys2/msys2/opt/devkitpro/libctru/lib\libcitro3d.a(renderqueue.o)
                0x00105a18                C3Di_RenderQueueDisableVBlank
 .text.C3Di_RenderQueueInit
                0x00105a48       0x60 C:/Users/alvar/Downloads/msys2/msys2/opt/devkitpro/libctru/lib\libcitro3d.a(renderqueue.o)
                0x00105a48                C3Di_RenderQueueInit
 .text.C3Di_RenderQueueExit
                0x00105aa8       0xb4 C:/Users/alvar/Downloads/msys2/msys2/opt/devkitpro/libctru/lib\libcitro3d.a(renderqueue.o)
                0x00105aa8                C3Di_RenderQueueExit
 .text.C3Di_RenderQueueWaitDone
                0x00105b5c       0x34 C:/Users/alvar/Downloads/msys2/msys2/opt/devkitpro/libctru/lib\libcitro3d.a(renderqueue.o)
                0x00105b5c                C3Di_RenderQueueWaitDone
 .text.C3D_FrameBegin
                0x00105b90       0xe8 C:/Users/alvar/Downloads/msys2/msys2/opt/devkitpro/libctru/lib\libcitro3d.a(renderqueue.o)
                0x00105b90                C3D_FrameBegin
 .text.C3D_FrameDrawOn
                0x00105c78       0x48 C:/Users/alvar/Downloads/msys2/msys2/opt/devkitpro/libctru/lib\libcitro3d.a(renderqueue.o)
                0x00105c78                C3D_FrameDrawOn
 .text.C3D_FrameSplit
                0x00105cc0       0x58 C:/Users/alvar/Downloads/msys2/msys2/opt/devkitpro/libctru/lib\libcitro3d.a(renderqueue.o)
                0x00105cc0                C3D_FrameSplit
 .text.C3D_FrameEnd
                0x00105d18      0x1d0 C:/Users/alvar/Downloads/msys2/msys2/opt/devkitpro/libctru/lib\libcitro3d.a(renderqueue.o)
                0x00105d18                C3D_FrameEnd
 .text.C3D_FrameEndHook
                0x00105ee8       0x1c C:/Users/alvar/Downloads/msys2/msys2/opt/devkitpro/libctru/lib\libcitro3d.a(renderqueue.o)
                0x00105ee8                C3D_FrameEndHook
 .text.C3D_RenderTargetCreate
                0x00105f04      0x170 C:/Users/alvar/Downloads/msys2/msys2/opt/devkitpro/libctru/lib\libcitro3d.a(renderqueue.o)
                0x00105f04                C3D_RenderTargetCreate
 .text.C3D_RenderTargetSetOutput
                0x00106074       0xa8 C:/Users/alvar/Downloads/msys2/msys2/opt/devkitpro/libctru/lib\libcitro3d.a(renderqueue.o)
                0x00106074                C3D_RenderTargetSetOutput
 .text.C3D_SyncTextureCopy
                0x0010611c       0xfc C:/Users/alvar/Downloads/msys2/msys2/opt/devkitpro/libctru/lib\libcitro3d.a(renderqueue.o)
                0x0010611c                C3D_SyncTextureCopy
 .text.Tex3DSi_ImportCommon
                0x00106218      0x3d8 C:/Users/alvar/Downloads/msys2/msys2/opt/devkitpro/libctru/lib\libcitro3d.a(tex3ds.o)
 .text.Tex3DS_TextureImportStdio
                0x001065f0       0x38 C:/Users/alvar/Downloads/msys2/msys2/opt/devkitpro/libctru/lib\libcitro3d.a(tex3ds.o)
                0x001065f0                Tex3DS_TextureImportStdio
 .text.Tex3DS_GetSubTexture
                0x00106628       0x1c C:/Users/alvar/Downloads/msys2/msys2/opt/devkitpro/libctru/lib\libcitro3d.a(tex3ds.o)
                0x00106628                Tex3DS_GetSubTexture
 .text.Tex3DS_TextureFree
                0x00106644        0x4 C:/Users/alvar/Downloads/msys2/msys2/opt/devkitpro/libctru/lib\libcitro3d.a(tex3ds.o)
                0x00106644                Tex3DS_TextureFree
 .text.C3D_GetTexEnv
                0x00106648       0x34 C:/Users/alvar/Downloads/msys2/msys2/opt/devkitpro/libctru/lib\libcitro3d.a(texenv.o)
                0x00106648                C3D_GetTexEnv
 .text.C3Di_TexEnvBind
                0x0010667c       0x24 C:/Users/alvar/Downloads/msys2/msys2/opt/devkitpro/libctru/lib\libcitro3d.a(texenv.o)
                0x0010667c                C3Di_TexEnvBind
 .text.C3D_TexInitWithParams
                0x001066a0      0x290 C:/Users/alvar/Downloads/msys2/msys2/opt/devkitpro/libctru/lib\libcitro3d.a(texture.o)
                0x001066a0                C3D_TexInitWithParams
 .text.C3D_TexLoadImage
                0x00106930       0xc8 C:/Users/alvar/Downloads/msys2/msys2/opt/devkitpro/libctru/lib\libcitro3d.a(texture.o)
                0x00106930                C3D_TexLoadImage
 .text.C3D_TexBind
                0x001069f8       0x44 C:/Users/alvar/Downloads/msys2/msys2/opt/devkitpro/libctru/lib\libcitro3d.a(texture.o)
                0x001069f8                C3D_TexBind
 .text.C3D_TexDelete
                0x00106a3c       0x74 C:/Users/alvar/Downloads/msys2/msys2/opt/devkitpro/libctru/lib\libcitro3d.a(texture.o)
                0x00106a3c                C3D_TexDelete
 .text.C3Di_SetTex
                0x00106ab0      0x14c C:/Users/alvar/Downloads/msys2/msys2/opt/devkitpro/libctru/lib\libcitro3d.a(texture.o)
                0x00106ab0                C3Di_SetTex
 .text.C3D_UpdateUniforms
                0x00106bfc      0x290 C:/Users/alvar/Downloads/msys2/msys2/opt/devkitpro/libctru/lib\libcitro3d.a(uniforms.o)
                0x00106bfc                C3D_UpdateUniforms
 .text.C3Di_DirtyUniforms
                0x00106e8c       0xc0 C:/Users/alvar/Downloads/msys2/msys2/opt/devkitpro/libctru/lib\libcitro3d.a(uniforms.o)
                0x00106e8c                C3Di_DirtyUniforms
 .text.C3Di_LoadShaderUniforms
                0x00106f4c       0xd8 C:/Users/alvar/Downloads/msys2/msys2/opt/devkitpro/libctru/lib\libcitro3d.a(uniforms.o)
                0x00106f4c                C3Di_LoadShaderUniforms
 .text.C3Di_ClearShaderUniforms
                0x00107024       0x28 C:/Users/alvar/Downloads/msys2/msys2/opt/devkitpro/libctru/lib\libcitro3d.a(uniforms.o)
                0x00107024                C3Di_ClearShaderUniforms
 .text.Mtx_Ortho
                0x0010704c       0xcc C:/Users/alvar/Downloads/msys2/msys2/opt/devkitpro/libctru/lib\libcitro3d.a(mtx_ortho.o)
                0x0010704c                Mtx_Ortho
 .text.Mtx_OrthoTilt
                0x00107118       0xcc C:/Users/alvar/Downloads/msys2/msys2/opt/devkitpro/libctru/lib\libcitro3d.a(mtx_orthotilt.o)
                0x00107118                Mtx_OrthoTilt
 .text._ZL21addrMapNodeComparatorPK11rbtree_nodeS1_
                0x001071e4       0x24 C:/Users/alvar/Downloads/msys2/msys2/opt/devkitpro/libctru/lib\libctru.a(linear.o)
 .text._ZL21addrMapNodeDestructorP11rbtree_node
                0x00107208        0x4 C:/Users/alvar/Downloads/msys2/msys2/opt/devkitpro/libctru/lib\libctru.a(linear.o)
 .text.linearMemAlign
                0x0010720c      0x12c C:/Users/alvar/Downloads/msys2/msys2/opt/devkitpro/libctru/lib\libctru.a(linear.o)
                0x0010720c                linearMemAlign
 .text.linearAlloc
                0x00107338        0x8 C:/Users/alvar/Downloads/msys2/msys2/opt/devkitpro/libctru/lib\libctru.a(linear.o)
                0x00107338                linearAlloc
 .text.linearFree
                0x00107340       0x5c C:/Users/alvar/Downloads/msys2/msys2/opt/devkitpro/libctru/lib\libctru.a(linear.o)
                0x00107340                linearFree
 .text._ZN7MemPool13CoalesceRightEP8MemBlock
                0x0010739c       0x88 C:/Users/alvar/Downloads/msys2/msys2/opt/devkitpro/libctru/lib\libctru.a(mem_pool.o)
                0x0010739c                MemPool::CoalesceRight(MemBlock*)
 .text._ZN7MemPool8AllocateER8MemChunkmi
                0x00107424      0x178 C:/Users/alvar/Downloads/msys2/msys2/opt/devkitpro/libctru/lib\libctru.a(mem_pool.o)
                0x00107424                MemPool::Allocate(MemChunk&, unsigned long, int)
 .text._ZN7MemPool10DeallocateERK8MemChunk
                0x0010759c      0x118 C:/Users/alvar/Downloads/msys2/msys2/opt/devkitpro/libctru/lib\libctru.a(mem_pool.o)
                0x0010759c                MemPool::Deallocate(MemChunk const&)
 .text._ZN7MemPool12GetFreeSpaceEv
                0x001076b4       0x30 C:/Users/alvar/Downloads/msys2/msys2/opt/devkitpro/libctru/lib\libctru.a(mem_pool.o)
                0x001076b4                MemPool::GetFreeSpace()
 .text._ZL21addrMapNodeComparatorPK11rbtree_nodeS1_
                0x001076e4       0x24 C:/Users/alvar/Downloads/msys2/msys2/opt/devkitpro/libctru/lib\libctru.a(vram.o)
 .text._ZL21addrMapNodeDestructorP11rbtree_node
                0x00107708        0x4 C:/Users/alvar/Downloads/msys2/msys2/opt/devkitpro/libctru/lib\libctru.a(vram.o)
 .text.vramMemAlignAt
                0x0010770c      0x248 C:/Users/alvar/Downloads/msys2/msys2/opt/devkitpro/libctru/lib\libctru.a(vram.o)
                0x0010770c                vramMemAlignAt
 .text.vramAlloc
                0x00107954        0xc C:/Users/alvar/Downloads/msys2/msys2/opt/devkitpro/libctru/lib\libctru.a(vram.o)
                0x00107954                vramAlloc
 .text.vramAllocAt
                0x00107960        0xc C:/Users/alvar/Downloads/msys2/msys2/opt/devkitpro/libctru/lib\libctru.a(vram.o)
                0x00107960                vramAllocAt
 .text.vramFree
                0x0010796c       0x94 C:/Users/alvar/Downloads/msys2/msys2/opt/devkitpro/libctru/lib\libctru.a(vram.o)
                0x0010796c                vramFree
 .text.fontEnsureMapped
                0x00107a00       0x9c C:/Users/alvar/Downloads/msys2/msys2/opt/devkitpro/libctru/lib\libctru.a(font.o)
                0x00107a00                fontEnsureMapped
 .text.fontFixPointers
                0x00107a9c       0x7c C:/Users/alvar/Downloads/msys2/msys2/opt/devkitpro/libctru/lib\libctru.a(font.o)
                0x00107a9c                fontFixPointers
 .text.fontGlyphIndexFromCodePoint
                0x00107b18      0x100 C:/Users/alvar/Downloads/msys2/msys2/opt/devkitpro/libctru/lib\libctru.a(font.o)
                0x00107b18                fontGlyphIndexFromCodePoint
 .text.fontCalcGlyphPos
                0x00107c18      0x214 C:/Users/alvar/Downloads/msys2/msys2/opt/devkitpro/libctru/lib\libctru.a(font.o)
                0x00107c18                fontCalcGlyphPos
 .text.gfxPresentFramebuffer
                0x00107e2c       0xcc C:/Users/alvar/Downloads/msys2/msys2/opt/devkitpro/libctru/lib\libctru.a(gfx.o)
 .text.gfxIsWide
                0x00107ef8       0x1c C:/Users/alvar/Downloads/msys2/msys2/opt/devkitpro/libctru/lib\libctru.a(gfx.o)
                0x00107ef8                gfxIsWide
 .text.gfxSetScreenFormat
                0x00107f14       0xf8 C:/Users/alvar/Downloads/msys2/msys2/opt/devkitpro/libctru/lib\libctru.a(gfx.o)
                0x00107f14                gfxSetScreenFormat
 .text.gfxInit  0x0010800c       0xd8 C:/Users/alvar/Downloads/msys2/msys2/opt/devkitpro/libctru/lib\libctru.a(gfx.o)
                0x0010800c                gfxInit
 .text.gfxInitDefault
                0x001080e4       0x10 C:/Users/alvar/Downloads/msys2/msys2/opt/devkitpro/libctru/lib\libctru.a(gfx.o)
                0x001080e4                gfxInitDefault
 .text.gfxExit  0x001080f4       0xb8 C:/Users/alvar/Downloads/msys2/msys2/opt/devkitpro/libctru/lib\libctru.a(gfx.o)
                0x001080f4                gfxExit
 .text.gfxGetFramebuffer
                0x001081ac       0xa0 C:/Users/alvar/Downloads/msys2/msys2/opt/devkitpro/libctru/lib\libctru.a(gfx.o)
                0x001081ac                gfxGetFramebuffer
 .text.gfxScreenSwapBuffers
                0x0010824c       0x28 C:/Users/alvar/Downloads/msys2/msys2/opt/devkitpro/libctru/lib\libctru.a(gfx.o)
                0x0010824c                gfxScreenSwapBuffers
 .text.osConvertVirtToPhys
                0x00108274       0x74 C:/Users/alvar/Downloads/msys2/msys2/opt/devkitpro/libctru/lib\libctru.a(os.o)
                0x00108274                osConvertVirtToPhys
 .text.osGetTimeRef
                0x001082e8       0x54 C:/Users/alvar/Downloads/msys2/msys2/opt/devkitpro/libctru/lib\libctru.a(os.o)
                0x001082e8                osGetTimeRef
 .text.osGetTime
                0x0010833c       0xec C:/Users/alvar/Downloads/msys2/msys2/opt/devkitpro/libctru/lib\libctru.a(os.o)
                0x0010833c                osGetTime
 .text.__ctru_speedup_config
                0x00108428       0x34 C:/Users/alvar/Downloads/msys2/msys2/opt/devkitpro/libctru/lib\libctru.a(os.o)
                0x00108428                __ctru_speedup_config
 .text.romfs_close
                0x0010845c        0x8 C:/Users/alvar/Downloads/msys2/msys2/opt/devkitpro/libctru/lib\libctru.a(romfs_dev.o)
 .text.romfs_seek
                0x00108464       0xac C:/Users/alvar/Downloads/msys2/msys2/opt/devkitpro/libctru/lib\libctru.a(romfs_dev.o)
 .text.romfs_dirreset
                0x00108510       0x24 C:/Users/alvar/Downloads/msys2/msys2/opt/devkitpro/libctru/lib\libctru.a(romfs_dev.o)
 .text.fill_dir
                0x00108534       0xc0 C:/Users/alvar/Downloads/msys2/msys2/opt/devkitpro/libctru/lib\libctru.a(romfs_dev.o)
 .text.romfs_dirnext
                0x001085f4      0x2ac C:/Users/alvar/Downloads/msys2/msys2/opt/devkitpro/libctru/lib\libctru.a(romfs_dev.o)
 .text.romfs_free
                0x001088a0       0x74 C:/Users/alvar/Downloads/msys2/msys2/opt/devkitpro/libctru/lib\libctru.a(romfs_dev.o)
 .text.searchForFile.constprop.0
                0x00108914       0xd0 C:/Users/alvar/Downloads/msys2/msys2/opt/devkitpro/libctru/lib\libctru.a(romfs_dev.o)
 .text.searchForDir.constprop.0
                0x001089e4       0xd4 C:/Users/alvar/Downloads/msys2/msys2/opt/devkitpro/libctru/lib\libctru.a(romfs_dev.o)
 .text.navigateToDir.constprop.0
                0x00108ab8      0x1c0 C:/Users/alvar/Downloads/msys2/msys2/opt/devkitpro/libctru/lib\libctru.a(romfs_dev.o)
 .text.romfs_open
                0x00108c78      0x114 C:/Users/alvar/Downloads/msys2/msys2/opt/devkitpro/libctru/lib\libctru.a(romfs_dev.o)
 .text.romfs_chdir
                0x00108d8c       0x4c C:/Users/alvar/Downloads/msys2/msys2/opt/devkitpro/libctru/lib\libctru.a(romfs_dev.o)
 .text.romfs_diropen
                0x00108dd8       0x68 C:/Users/alvar/Downloads/msys2/msys2/opt/devkitpro/libctru/lib\libctru.a(romfs_dev.o)
 .text.romfs_stat
                0x00108e40      0x178 C:/Users/alvar/Downloads/msys2/msys2/opt/devkitpro/libctru/lib\libctru.a(romfs_dev.o)
 .text.romfs_dirclose
                0x00108fb8        0x8 C:/Users/alvar/Downloads/msys2/msys2/opt/devkitpro/libctru/lib\libctru.a(romfs_dev.o)
 .text.romfs_fstat
                0x00108fc0       0x7c C:/Users/alvar/Downloads/msys2/msys2/opt/devkitpro/libctru/lib\libctru.a(romfs_dev.o)
 .text.romfs_read
                0x0010903c       0xd0 C:/Users/alvar/Downloads/msys2/msys2/opt/devkitpro/libctru/lib\libctru.a(romfs_dev.o)
 .text.romfsMountFromFile
                0x0010910c      0x28c C:/Users/alvar/Downloads/msys2/msys2/opt/devkitpro/libctru/lib\libctru.a(romfs_dev.o)
                0x0010910c                romfsMountFromFile
 .text.romfsMountFromCurrentProcess
                0x00109398       0x98 C:/Users/alvar/Downloads/msys2/msys2/opt/devkitpro/libctru/lib\libctru.a(romfs_dev.o)
                0x00109398                romfsMountFromCurrentProcess
 .text.romfsMountSelf
                0x00109430      0x258 C:/Users/alvar/Downloads/msys2/msys2/opt/devkitpro/libctru/lib\libctru.a(romfs_dev.o)
                0x00109430                romfsMountSelf
 .text.romfsMountFromTitle
                0x00109688       0xac C:/Users/alvar/Downloads/msys2/msys2/opt/devkitpro/libctru/lib\libctru.a(romfs_dev.o)
                0x00109688                romfsMountFromTitle
 .text.romfsUnmount
                0x00109734       0xa0 C:/Users/alvar/Downloads/msys2/msys2/opt/devkitpro/libctru/lib\libctru.a(romfs_dev.o)
                0x00109734                romfsUnmount
 .text.GPUCMD_Add
                0x001097d4      0x13c C:/Users/alvar/Downloads/msys2/msys2/opt/devkitpro/libctru/lib\libctru.a(gpu.o)
                0x001097d4                GPUCMD_Add
 .text.GPUCMD_Split
                0x00109910       0xb0 C:/Users/alvar/Downloads/msys2/msys2/opt/devkitpro/libctru/lib\libctru.a(gpu.o)
                0x00109910                GPUCMD_Split
 .text.f32tof16
                0x001099c0       0x34 C:/Users/alvar/Downloads/msys2/msys2/opt/devkitpro/libctru/lib\libctru.a(gpu.o)
                0x001099c0                f32tof16
 .text.f32tof24
                0x001099f4       0x34 C:/Users/alvar/Downloads/msys2/msys2/opt/devkitpro/libctru/lib\libctru.a(gpu.o)
                0x001099f4                f32tof24
 .text.f32tof31
                0x00109a28       0x38 C:/Users/alvar/Downloads/msys2/msys2/opt/devkitpro/libctru/lib\libctru.a(gpu.o)
                0x00109a28                f32tof31
 .text.GX_BindQueue
                0x00109a60       0x10 C:/Users/alvar/Downloads/msys2/msys2/opt/devkitpro/libctru/lib\libctru.a(gx.o)
                0x00109a60                GX_BindQueue
 .text.GX_ProcessCommandList
                0x00109a70       0x7c C:/Users/alvar/Downloads/msys2/msys2/opt/devkitpro/libctru/lib\libctru.a(gx.o)
                0x00109a70                GX_ProcessCommandList
 .text.GX_MemoryFill
                0x00109aec       0x74 C:/Users/alvar/Downloads/msys2/msys2/opt/devkitpro/libctru/lib\libctru.a(gx.o)
                0x00109aec                GX_MemoryFill
 .text.GX_DisplayTransfer
                0x00109b60       0x74 C:/Users/alvar/Downloads/msys2/msys2/opt/devkitpro/libctru/lib\libctru.a(gx.o)
                0x00109b60                GX_DisplayTransfer
 .text.GX_TextureCopy
                0x00109bd4       0x78 C:/Users/alvar/Downloads/msys2/msys2/opt/devkitpro/libctru/lib\libctru.a(gx.o)
                0x00109bd4                GX_TextureCopy
 .text.gxCmdQueueDoCommands.part.0
                0x00109c4c       0x64 C:/Users/alvar/Downloads/msys2/msys2/opt/devkitpro/libctru/lib\libctru.a(gxqueue.o)
 .text.gxCmdQueueInterrupt
                0x00109cb0       0xe4 C:/Users/alvar/Downloads/msys2/msys2/opt/devkitpro/libctru/lib\libctru.a(gxqueue.o)
                0x00109cb0                gxCmdQueueInterrupt
 .text.gxCmdQueueClear
                0x00109d94       0x68 C:/Users/alvar/Downloads/msys2/msys2/opt/devkitpro/libctru/lib\libctru.a(gxqueue.o)
                0x00109d94                gxCmdQueueClear
 .text.gxCmdQueueAdd
                0x00109dfc      0x108 C:/Users/alvar/Downloads/msys2/msys2/opt/devkitpro/libctru/lib\libctru.a(gxqueue.o)
                0x00109dfc                gxCmdQueueAdd
 .text.gxCmdQueueRun
                0x00109f04       0x80 C:/Users/alvar/Downloads/msys2/msys2/opt/devkitpro/libctru/lib\libctru.a(gxqueue.o)
                0x00109f04                gxCmdQueueRun
 .text.gxCmdQueueStop
                0x00109f84       0x64 C:/Users/alvar/Downloads/msys2/msys2/opt/devkitpro/libctru/lib\libctru.a(gxqueue.o)
                0x00109f84                gxCmdQueueStop
 .text.gxCmdQueueWait
                0x00109fe8       0x8c C:/Users/alvar/Downloads/msys2/msys2/opt/devkitpro/libctru/lib\libctru.a(gxqueue.o)
                0x00109fe8                gxCmdQueueWait
 .text.shaderInstanceInit
                0x0010a074      0x1e0 C:/Users/alvar/Downloads/msys2/msys2/opt/devkitpro/libctru/lib\libctru.a(shaderProgram.o)
                0x0010a074                shaderInstanceInit
 .text.shaderInstanceGetUniformLocation
                0x0010a254       0x18 C:/Users/alvar/Downloads/msys2/msys2/opt/devkitpro/libctru/lib\libctru.a(shaderProgram.o)
                0x0010a254                shaderInstanceGetUniformLocation
 .text.shaderProgramInit
                0x0010a26c       0x1c C:/Users/alvar/Downloads/msys2/msys2/opt/devkitpro/libctru/lib\libctru.a(shaderProgram.o)
                0x0010a26c                shaderProgramInit
 .text.shaderProgramFree
                0x0010a288       0x74 C:/Users/alvar/Downloads/msys2/msys2/opt/devkitpro/libctru/lib\libctru.a(shaderProgram.o)
                0x0010a288                shaderProgramFree
 .text.shaderProgramSetVsh
                0x0010a2fc       0x94 C:/Users/alvar/Downloads/msys2/msys2/opt/devkitpro/libctru/lib\libctru.a(shaderProgram.o)
                0x0010a2fc                shaderProgramSetVsh
 .text.shaderProgramConfigure
                0x0010a390      0x8d0 C:/Users/alvar/Downloads/msys2/msys2/opt/devkitpro/libctru/lib\libctru.a(shaderProgram.o)
                0x0010a390                shaderProgramConfigure
 .text.DVLE_GenerateOutmap.part.0
                0x0010ac60      0x1dc C:/Users/alvar/Downloads/msys2/msys2/opt/devkitpro/libctru/lib\libctru.a(shbin.o)
 .text.DVLB_ParseFile
                0x0010ae3c      0x1ac C:/Users/alvar/Downloads/msys2/msys2/opt/devkitpro/libctru/lib\libctru.a(shbin.o)
                0x0010ae3c                DVLB_ParseFile
 .text.DVLB_Free
                0x0010afe8       0x50 C:/Users/alvar/Downloads/msys2/msys2/opt/devkitpro/libctru/lib\libctru.a(shbin.o)
                0x0010afe8                DVLB_Free
 .text.DVLE_GetUniformRegister
                0x0010b038       0x74 C:/Users/alvar/Downloads/msys2/msys2/opt/devkitpro/libctru/lib\libctru.a(shbin.o)
                0x0010b038                DVLE_GetUniformRegister
 .text.aptConvertScreenForCapture
                0x0010b0ac      0x180 C:/Users/alvar/Downloads/msys2/msys2/opt/devkitpro/libctru/lib\libctru.a(apt.o)
 .text.aptDspSleep
                0x0010b22c        0x8 C:/Users/alvar/Downloads/msys2/msys2/opt/devkitpro/libctru/lib\libctru.a(apt.o)
                0x0010b22c                aptDspSleep
 .text.aptDspWakeup
                0x0010b234        0x4 C:/Users/alvar/Downloads/msys2/msys2/opt/devkitpro/libctru/lib\libctru.a(apt.o)
                0x0010b234                aptDspWakeup
 .text.aptDspCancel
                0x0010b238        0x4 C:/Users/alvar/Downloads/msys2/msys2/opt/devkitpro/libctru/lib\libctru.a(apt.o)
                0x0010b238                aptDspCancel
 .text.aptSendCommand
                0x0010b23c      0x138 C:/Users/alvar/Downloads/msys2/msys2/opt/devkitpro/libctru/lib\libctru.a(apt.o)
                0x0010b23c                aptSendCommand
 *fill*         0x0010b374        0x4 
 .text.aptExitProcess
                0x0010b378       0x44 C:/Users/alvar/Downloads/msys2/msys2/opt/devkitpro/libctru/lib\libctru.a(apt.o)
 .text.aptExit  0x0010b3bc      0x394 C:/Users/alvar/Downloads/msys2/msys2/opt/devkitpro/libctru/lib\libctru.a(apt.o)
                0x0010b3bc                aptExit
 .text.aptHandleSleep
                0x0010b750       0xd8 C:/Users/alvar/Downloads/msys2/msys2/opt/devkitpro/libctru/lib\libctru.a(apt.o)
                0x0010b750                aptHandleSleep
 .text.aptHook  0x0010b828       0x34 C:/Users/alvar/Downloads/msys2/msys2/opt/devkitpro/libctru/lib\libctru.a(apt.o)
                0x0010b828                aptHook
 .text.aptUnhook
                0x0010b85c       0x30 C:/Users/alvar/Downloads/msys2/msys2/opt/devkitpro/libctru/lib\libctru.a(apt.o)
                0x0010b85c                aptUnhook
 .text.APT_SleepIfShellClosed
                0x0010b88c       0x84 C:/Users/alvar/Downloads/msys2/msys2/opt/devkitpro/libctru/lib\libctru.a(apt.o)
                0x0010b88c                APT_SleepIfShellClosed
 .text.aptSetSleepAllowed
                0x0010b910       0x78 C:/Users/alvar/Downloads/msys2/msys2/opt/devkitpro/libctru/lib\libctru.a(apt.o)
                0x0010b910                aptSetSleepAllowed
 .text.APT_UnlockTransition
                0x0010b988       0x84 C:/Users/alvar/Downloads/msys2/msys2/opt/devkitpro/libctru/lib\libctru.a(apt.o)
                0x0010b988                APT_UnlockTransition
 *fill*         0x0010ba0c        0x4 
 .text.aptEventHandler
                0x0010ba10      0x470 C:/Users/alvar/Downloads/msys2/msys2/opt/devkitpro/libctru/lib\libctru.a(apt.o)
 .text.APT_ReceiveParameter
                0x0010be80       0xbc C:/Users/alvar/Downloads/msys2/msys2/opt/devkitpro/libctru/lib\libctru.a(apt.o)
                0x0010be80                APT_ReceiveParameter
 .text.aptReceiveParameter.constprop.0
                0x0010bf3c       0xb0 C:/Users/alvar/Downloads/msys2/msys2/opt/devkitpro/libctru/lib\libctru.a(apt.o)
 *fill*         0x0010bfec        0x4 
 .text.aptScreenTransfer
                0x0010bff0      0x294 C:/Users/alvar/Downloads/msys2/msys2/opt/devkitpro/libctru/lib\libctru.a(apt.o)
 .text.aptWaitForWakeUp.isra.0
                0x0010c284      0x2d0 C:/Users/alvar/Downloads/msys2/msys2/opt/devkitpro/libctru/lib\libctru.a(apt.o)
 .text.aptJumpToHomeMenu
                0x0010c554       0xf4 C:/Users/alvar/Downloads/msys2/msys2/opt/devkitpro/libctru/lib\libctru.a(apt.o)
                0x0010c554                aptJumpToHomeMenu
 .text.aptMainLoop
                0x0010c648       0x58 C:/Users/alvar/Downloads/msys2/msys2/opt/devkitpro/libctru/lib\libctru.a(apt.o)
                0x0010c648                aptMainLoop
 .text.aptInit  0x0010c6a0      0x240 C:/Users/alvar/Downloads/msys2/msys2/opt/devkitpro/libctru/lib\libctru.a(apt.o)
                0x0010c6a0                aptInit
 .text.APT_CheckNew3DS
                0x0010c8e0       0x90 C:/Users/alvar/Downloads/msys2/msys2/opt/devkitpro/libctru/lib\libctru.a(apt.o)
                0x0010c8e0                APT_CheckNew3DS
 .text.APT_GetSharedFont
                0x0010c970       0x48 C:/Users/alvar/Downloads/msys2/msys2/opt/devkitpro/libctru/lib\libctru.a(apt.o)
                0x0010c970                APT_GetSharedFont
 .text.CFGU_SecureInfoGetRegion
                0x0010c9b8       0x38 C:/Users/alvar/Downloads/msys2/msys2/opt/devkitpro/libctru/lib\libctru.a(cfgu.o)
                0x0010c9b8                CFGU_SecureInfoGetRegion
 .text.fsInit   0x0010c9f0      0x104 C:/Users/alvar/Downloads/msys2/msys2/opt/devkitpro/libctru/lib\libctru.a(fs.o)
                0x0010c9f0                fsInit
 .text.fsExit   0x0010caf4       0x3c C:/Users/alvar/Downloads/msys2/msys2/opt/devkitpro/libctru/lib\libctru.a(fs.o)
                0x0010caf4                fsExit
 .text.fsExemptFromSession
                0x0010cb30       0x68 C:/Users/alvar/Downloads/msys2/msys2/opt/devkitpro/libctru/lib\libctru.a(fs.o)
                0x0010cb30                fsExemptFromSession
 .text.fsUnexemptFromSession
                0x0010cb98       0x50 C:/Users/alvar/Downloads/msys2/msys2/opt/devkitpro/libctru/lib\libctru.a(fs.o)
                0x0010cb98                fsUnexemptFromSession
 .text.FSUSER_OpenFile
                0x0010cbe8       0xcc C:/Users/alvar/Downloads/msys2/msys2/opt/devkitpro/libctru/lib\libctru.a(fs.o)
                0x0010cbe8                FSUSER_OpenFile
 .text.FSUSER_OpenFileDirectly
                0x0010ccb4       0xcc C:/Users/alvar/Downloads/msys2/msys2/opt/devkitpro/libctru/lib\libctru.a(fs.o)
                0x0010ccb4                FSUSER_OpenFileDirectly
 .text.FSUSER_DeleteFile
                0x0010cd80       0xb8 C:/Users/alvar/Downloads/msys2/msys2/opt/devkitpro/libctru/lib\libctru.a(fs.o)
                0x0010cd80                FSUSER_DeleteFile
 .text.FSUSER_RenameFile
                0x0010ce38       0xf4 C:/Users/alvar/Downloads/msys2/msys2/opt/devkitpro/libctru/lib\libctru.a(fs.o)
                0x0010ce38                FSUSER_RenameFile
 .text.FSUSER_DeleteDirectory
                0x0010cf2c       0xb8 C:/Users/alvar/Downloads/msys2/msys2/opt/devkitpro/libctru/lib\libctru.a(fs.o)
                0x0010cf2c                FSUSER_DeleteDirectory
 .text.FSUSER_CreateFile
                0x0010cfe4       0xd0 C:/Users/alvar/Downloads/msys2/msys2/opt/devkitpro/libctru/lib\libctru.a(fs.o)
                0x0010cfe4                FSUSER_CreateFile
 .text.FSUSER_CreateDirectory
                0x0010d0b4       0xc0 C:/Users/alvar/Downloads/msys2/msys2/opt/devkitpro/libctru/lib\libctru.a(fs.o)
                0x0010d0b4                FSUSER_CreateDirectory
 .text.FSUSER_RenameDirectory
                0x0010d174       0xf4 C:/Users/alvar/Downloads/msys2/msys2/opt/devkitpro/libctru/lib\libctru.a(fs.o)
                0x0010d174                FSUSER_RenameDirectory
 .text.FSUSER_OpenDirectory
                0x0010d268       0xb4 C:/Users/alvar/Downloads/msys2/msys2/opt/devkitpro/libctru/lib\libctru.a(fs.o)
                0x0010d268                FSUSER_OpenDirectory
 .text.FSUSER_OpenArchive
                0x0010d31c       0x90 C:/Users/alvar/Downloads/msys2/msys2/opt/devkitpro/libctru/lib\libctru.a(fs.o)
                0x0010d31c                FSUSER_OpenArchive
 .text.FSUSER_CloseArchive
                0x0010d3ac       0x8c C:/Users/alvar/Downloads/msys2/msys2/opt/devkitpro/libctru/lib\libctru.a(fs.o)
                0x0010d3ac                FSUSER_CloseArchive
 .text.FSUSER_GetSdmcArchiveResource
                0x0010d438       0x74 C:/Users/alvar/Downloads/msys2/msys2/opt/devkitpro/libctru/lib\libctru.a(fs.o)
                0x0010d438                FSUSER_GetSdmcArchiveResource
 .text.FSUSER_IsSdmcWritable
                0x0010d4ac       0x64 C:/Users/alvar/Downloads/msys2/msys2/opt/devkitpro/libctru/lib\libctru.a(fs.o)
                0x0010d4ac                FSUSER_IsSdmcWritable
 .text.FSFILE_Read
                0x0010d510       0x64 C:/Users/alvar/Downloads/msys2/msys2/opt/devkitpro/libctru/lib\libctru.a(fs.o)
                0x0010d510                FSFILE_Read
 .text.FSFILE_Write
                0x0010d574       0x6c C:/Users/alvar/Downloads/msys2/msys2/opt/devkitpro/libctru/lib\libctru.a(fs.o)
                0x0010d574                FSFILE_Write
 .text.FSFILE_GetSize
                0x0010d5e0       0x44 C:/Users/alvar/Downloads/msys2/msys2/opt/devkitpro/libctru/lib\libctru.a(fs.o)
                0x0010d5e0                FSFILE_GetSize
 .text.FSFILE_SetSize
                0x0010d624       0x28 C:/Users/alvar/Downloads/msys2/msys2/opt/devkitpro/libctru/lib\libctru.a(fs.o)
                0x0010d624                FSFILE_SetSize
 .text.FSFILE_Close
                0x0010d64c       0x3c C:/Users/alvar/Downloads/msys2/msys2/opt/devkitpro/libctru/lib\libctru.a(fs.o)
                0x0010d64c                FSFILE_Close
 .text.FSFILE_Flush
                0x0010d688       0x24 C:/Users/alvar/Downloads/msys2/msys2/opt/devkitpro/libctru/lib\libctru.a(fs.o)
                0x0010d688                FSFILE_Flush
 .text.FSDIR_Read
                0x0010d6ac       0x60 C:/Users/alvar/Downloads/msys2/msys2/opt/devkitpro/libctru/lib\libctru.a(fs.o)
                0x0010d6ac                FSDIR_Read
 .text.FSDIR_Close
                0x0010d70c       0x3c C:/Users/alvar/Downloads/msys2/msys2/opt/devkitpro/libctru/lib\libctru.a(fs.o)
                0x0010d70c                FSDIR_Close
 .text.gspHardwareInit
                0x0010d748      0xc70 C:/Users/alvar/Downloads/msys2/msys2/opt/devkitpro/libctru/lib\libctru.a(gspgpu.o)
 .text.gspInit  0x0010e3b8      0x280 C:/Users/alvar/Downloads/msys2/msys2/opt/devkitpro/libctru/lib\libctru.a(gspgpu.o)
                0x0010e3b8                gspInit
 .text.gspExit  0x0010e638      0x110 C:/Users/alvar/Downloads/msys2/msys2/opt/devkitpro/libctru/lib\libctru.a(gspgpu.o)
                0x0010e638                gspExit
 .text.gspHasGpuRight
                0x0010e748       0x10 C:/Users/alvar/Downloads/msys2/msys2/opt/devkitpro/libctru/lib\libctru.a(gspgpu.o)
                0x0010e748                gspHasGpuRight
 .text.gspPresentBuffer
                0x0010e758       0xa4 C:/Users/alvar/Downloads/msys2/msys2/opt/devkitpro/libctru/lib\libctru.a(gspgpu.o)
                0x0010e758                gspPresentBuffer
 .text.gspSetEventCallback
                0x0010e7fc       0x30 C:/Users/alvar/Downloads/msys2/msys2/opt/devkitpro/libctru/lib\libctru.a(gspgpu.o)
                0x0010e7fc                gspSetEventCallback
 .text.gspWaitForEvent
                0x0010e82c       0x50 C:/Users/alvar/Downloads/msys2/msys2/opt/devkitpro/libctru/lib\libctru.a(gspgpu.o)
                0x0010e82c                gspWaitForEvent
 .text.gspWaitForAnyEvent
                0x0010e87c       0x4c C:/Users/alvar/Downloads/msys2/msys2/opt/devkitpro/libctru/lib\libctru.a(gspgpu.o)
                0x0010e87c                gspWaitForAnyEvent
 .text.gspEventThreadMain
                0x0010e8c8      0x154 C:/Users/alvar/Downloads/msys2/msys2/opt/devkitpro/libctru/lib\libctru.a(gspgpu.o)
 .text.gspSubmitGxCommand
                0x0010ea1c      0x12c C:/Users/alvar/Downloads/msys2/msys2/opt/devkitpro/libctru/lib\libctru.a(gspgpu.o)
                0x0010ea1c                gspSubmitGxCommand
 .text.GSPGPU_FlushDataCache
                0x0010eb48       0x50 C:/Users/alvar/Downloads/msys2/msys2/opt/devkitpro/libctru/lib\libctru.a(gspgpu.o)
                0x0010eb48                GSPGPU_FlushDataCache
 .text.GSPGPU_SetLcdForceBlack
                0x0010eb98       0x34 C:/Users/alvar/Downloads/msys2/msys2/opt/devkitpro/libctru/lib\libctru.a(gspgpu.o)
                0x0010eb98                GSPGPU_SetLcdForceBlack
 .text.GSPGPU_AcquireRight
                0x0010ebcc       0x80 C:/Users/alvar/Downloads/msys2/msys2/opt/devkitpro/libctru/lib\libctru.a(gspgpu.o)
                0x0010ebcc                GSPGPU_AcquireRight
 .text.GSPGPU_ReleaseRight
                0x0010ec4c       0x5c C:/Users/alvar/Downloads/msys2/msys2/opt/devkitpro/libctru/lib\libctru.a(gspgpu.o)
                0x0010ec4c                GSPGPU_ReleaseRight
 .text.GSPGPU_ImportDisplayCaptureInfo
                0x0010eca8       0x7c C:/Users/alvar/Downloads/msys2/msys2/opt/devkitpro/libctru/lib\libctru.a(gspgpu.o)
                0x0010eca8                GSPGPU_ImportDisplayCaptureInfo
 .text.GSPGPU_SaveVramSysArea
                0x0010ed24       0x2c C:/Users/alvar/Downloads/msys2/msys2/opt/devkitpro/libctru/lib\libctru.a(gspgpu.o)
                0x0010ed24                GSPGPU_SaveVramSysArea
 .text.GSPGPU_RestoreVramSysArea
                0x0010ed50       0x2c C:/Users/alvar/Downloads/msys2/msys2/opt/devkitpro/libctru/lib\libctru.a(gspgpu.o)
                0x0010ed50                GSPGPU_RestoreVramSysArea
 .text.hidShouldUseIrrst
                0x0010ed7c       0x24 C:/Users/alvar/Downloads/msys2/msys2/opt/devkitpro/libctru/lib\libctru.a(hid.o)
                0x0010ed7c                hidShouldUseIrrst
 .text.hidInit  0x0010eda0      0x1cc C:/Users/alvar/Downloads/msys2/msys2/opt/devkitpro/libctru/lib\libctru.a(hid.o)
                0x0010eda0                hidInit
 .text.hidExit  0x0010ef6c       0xe8 C:/Users/alvar/Downloads/msys2/msys2/opt/devkitpro/libctru/lib\libctru.a(hid.o)
                0x0010ef6c                hidExit
 .text.hidScanInput
                0x0010f054      0x2a0 C:/Users/alvar/Downloads/msys2/msys2/opt/devkitpro/libctru/lib\libctru.a(hid.o)
                0x0010f054                hidScanInput
 .text.hidKeysDown
                0x0010f2f4       0x10 C:/Users/alvar/Downloads/msys2/msys2/opt/devkitpro/libctru/lib\libctru.a(hid.o)
                0x0010f2f4                hidKeysDown
 .text.irrstInit
                0x0010f304      0x1a4 C:/Users/alvar/Downloads/msys2/msys2/opt/devkitpro/libctru/lib\libctru.a(irrst.o)
                0x0010f304                irrstInit
 .text.irrstExit
                0x0010f4a8       0xdc C:/Users/alvar/Downloads/msys2/msys2/opt/devkitpro/libctru/lib\libctru.a(irrst.o)
                0x0010f4a8                irrstExit
 .text.irrstScanInput
                0x0010f584       0xb4 C:/Users/alvar/Downloads/msys2/msys2/opt/devkitpro/libctru/lib\libctru.a(irrst.o)
                0x0010f584                irrstScanInput
 .text.irrstKeysHeld
                0x0010f638       0x24 C:/Users/alvar/Downloads/msys2/msys2/opt/devkitpro/libctru/lib\libctru.a(irrst.o)
                0x0010f638                irrstKeysHeld
 .text.ptmSysmInit
                0x0010f65c       0x78 C:/Users/alvar/Downloads/msys2/msys2/opt/devkitpro/libctru/lib\libctru.a(ptmsysm.o)
                0x0010f65c                ptmSysmInit
 .text.ptmSysmExit
                0x0010f6d4       0x3c C:/Users/alvar/Downloads/msys2/msys2/opt/devkitpro/libctru/lib\libctru.a(ptmsysm.o)
                0x0010f6d4                ptmSysmExit
 .text.PTMSYSM_ConfigureNew3DSCPU
                0x0010f710       0x34 C:/Users/alvar/Downloads/msys2/msys2/opt/devkitpro/libctru/lib\libctru.a(ptmsysm.o)
                0x0010f710                PTMSYSM_ConfigureNew3DSCPU
 .text.buffer_read
                0x0010f744       0xe0 C:/Users/alvar/Downloads/msys2/msys2/opt/devkitpro/libctru/lib\libctru.a(decompress.o)
 .text.iov_read
                0x0010f824       0xcc C:/Users/alvar/Downloads/msys2/msys2/opt/devkitpro/libctru/lib\libctru.a(decompress.o)
 .text.iov_memmove
                0x0010f8f0      0x164 C:/Users/alvar/Downloads/msys2/msys2/opt/devkitpro/libctru/lib\libctru.a(decompress.o)
 .text.decompress_rle
                0x0010fa54      0x1e0 C:/Users/alvar/Downloads/msys2/msys2/opt/devkitpro/libctru/lib\libctru.a(decompress.o)
 .text.decompress_lzss
                0x0010fc34      0x264 C:/Users/alvar/Downloads/msys2/msys2/opt/devkitpro/libctru/lib\libctru.a(decompress.o)
 .text.decompress_lz11
                0x0010fe98      0x418 C:/Users/alvar/Downloads/msys2/msys2/opt/devkitpro/libctru/lib\libctru.a(decompress.o)
 .text.decompress_huff.isra.0
                0x001102b0      0x31c C:/Users/alvar/Downloads/msys2/msys2/opt/devkitpro/libctru/lib\libctru.a(decompress.o)
 .text.decompressCallback_Stdio
                0x001105cc       0x10 C:/Users/alvar/Downloads/msys2/msys2/opt/devkitpro/libctru/lib\libctru.a(decompress.o)
                0x001105cc                decompressCallback_Stdio
 .text.decompressHeader
                0x001105dc       0xe4 C:/Users/alvar/Downloads/msys2/msys2/opt/devkitpro/libctru/lib\libctru.a(decompress.o)
                0x001105dc                decompressHeader
 .text.decompressV
                0x001106c0      0x21c C:/Users/alvar/Downloads/msys2/msys2/opt/devkitpro/libctru/lib\libctru.a(decompress.o)
                0x001106c0                decompressV
 .text.decompressV_LZ11
                0x001108dc      0x110 C:/Users/alvar/Downloads/msys2/msys2/opt/devkitpro/libctru/lib\libctru.a(decompress.o)
                0x001108dc                decompressV_LZ11
 .text.rbtree_find
                0x001109ec       0x74 C:/Users/alvar/Downloads/msys2/msys2/opt/devkitpro/libctru/lib\libctru.a(rbtree_find.o)
                0x001109ec                rbtree_find
 .text.rbtree_init
                0x00110a60       0x10 C:/Users/alvar/Downloads/msys2/msys2/opt/devkitpro/libctru/lib\libctru.a(rbtree_init.o)
                0x00110a60                rbtree_init
 .text.do_insert
                0x00110a70      0x198 C:/Users/alvar/Downloads/msys2/msys2/opt/devkitpro/libctru/lib\libctru.a(rbtree_insert.o)
 .text.rbtree_insert
                0x00110c08        0x8 C:/Users/alvar/Downloads/msys2/msys2/opt/devkitpro/libctru/lib\libctru.a(rbtree_insert.o)
                0x00110c08                rbtree_insert
 .text.rbtree_remove
                0x00110c10      0x310 C:/Users/alvar/Downloads/msys2/msys2/opt/devkitpro/libctru/lib\libctru.a(rbtree_remove.o)
                0x00110c10                rbtree_remove
 .text.rbtree_rotate
                0x00110f20       0x90 C:/Users/alvar/Downloads/msys2/msys2/opt/devkitpro/libctru/lib\libctru.a(rbtree_rotate.o)
                0x00110f20                rbtree_rotate
 .text.decode_utf8
                0x00110fb0      0x140 C:/Users/alvar/Downloads/msys2/msys2/opt/devkitpro/libctru/lib\libctru.a(decode_utf8.o)
                0x00110fb0                decode_utf8
 .text.utf16_to_utf8
                0x001110f0       0xe8 C:/Users/alvar/Downloads/msys2/msys2/opt/devkitpro/libctru/lib\libctru.a(utf16_to_utf8.o)
                0x001110f0                utf16_to_utf8
 .text.utf8_to_utf16
                0x001111d8       0xc0 C:/Users/alvar/Downloads/msys2/msys2/opt/devkitpro/libctru/lib\libctru.a(utf8_to_utf16.o)
                0x001111d8                utf8_to_utf16
 .text.__system_allocateHeaps
                0x00111298      0x1e8 C:/Users/alvar/Downloads/msys2/msys2/opt/devkitpro/libctru/lib\libctru.a(allocateHeaps.o)
                0x00111298                __system_allocateHeaps
 .text.__libctru_init
                0x00111480       0x38 C:/Users/alvar/Downloads/msys2/msys2/opt/devkitpro/libctru/lib\libctru.a(ctru_init.o)
                0x00111480                __libctru_init
 .text.__system_initArgv
                0x001114b8      0x16c C:/Users/alvar/Downloads/msys2/msys2/opt/devkitpro/libctru/lib\libctru.a(initArgv.o)
                0x001114b8                __system_initArgv
 .text.__syscall_getreent
                0x00111624       0x30 C:/Users/alvar/Downloads/msys2/msys2/opt/devkitpro/libctru/lib\libctru.a(syscalls.o)
                0x00111624                __syscall_getreent
 .text.__syscall_gettod_r
                0x00111654       0x64 C:/Users/alvar/Downloads/msys2/msys2/opt/devkitpro/libctru/lib\libctru.a(syscalls.o)
                0x00111654                __syscall_gettod_r
 .text.__syscall_lock_acquire
                0x001116b8        0x4 C:/Users/alvar/Downloads/msys2/msys2/opt/devkitpro/libctru/lib\libctru.a(syscalls.o)
                0x001116b8                __syscall_lock_acquire
 .text.__syscall_lock_release
                0x001116bc        0x4 C:/Users/alvar/Downloads/msys2/msys2/opt/devkitpro/libctru/lib\libctru.a(syscalls.o)
                0x001116bc                __syscall_lock_release
 .text.__syscall_lock_acquire_recursive
                0x001116c0        0x4 C:/Users/alvar/Downloads/msys2/msys2/opt/devkitpro/libctru/lib\libctru.a(syscalls.o)
                0x001116c0                __syscall_lock_acquire_recursive
 .text.__syscall_lock_release_recursive
                0x001116c4        0x4 C:/Users/alvar/Downloads/msys2/msys2/opt/devkitpro/libctru/lib\libctru.a(syscalls.o)
                0x001116c4                __syscall_lock_release_recursive
 .text.__syscall_exit
                0x001116c8        0x4 C:/Users/alvar/Downloads/msys2/msys2/opt/devkitpro/libctru/lib\libctru.a(syscalls.o)
                0x001116c8                __syscall_exit
 .text.initThreadVars
                0x001116cc       0x54 C:/Users/alvar/Downloads/msys2/msys2/opt/devkitpro/libctru/lib\libctru.a(syscalls.o)
                0x001116cc                initThreadVars
 .text.__system_initSyscalls
                0x00111720       0x80 C:/Users/alvar/Downloads/msys2/msys2/opt/devkitpro/libctru/lib\libctru.a(syscalls.o)
                0x00111720                __system_initSyscalls
 .text.svcControlMemory
                0x001117a0       0x20 C:/Users/alvar/Downloads/msys2/msys2/opt/devkitpro/libctru/lib\libctru.a(svc.o)
                0x001117a0                svcControlMemory
 .text.svcQueryMemory
                0x001117c0       0x30 C:/Users/alvar/Downloads/msys2/msys2/opt/devkitpro/libctru/lib\libctru.a(svc.o)
                0x001117c0                svcQueryMemory
 .text.svcExitProcess
                0x001117f0        0x8 C:/Users/alvar/Downloads/msys2/msys2/opt/devkitpro/libctru/lib\libctru.a(svc.o)
                0x001117f0                svcExitProcess
 .text.svcCreateThread
                0x001117f8       0x20 C:/Users/alvar/Downloads/msys2/msys2/opt/devkitpro/libctru/lib\libctru.a(svc.o)
                0x001117f8                svcCreateThread
 .text.svcExitThread
                0x00111818        0x8 C:/Users/alvar/Downloads/msys2/msys2/opt/devkitpro/libctru/lib\libctru.a(svc.o)
                0x00111818                svcExitThread
 .text.svcSleepThread
                0x00111820        0x8 C:/Users/alvar/Downloads/msys2/msys2/opt/devkitpro/libctru/lib\libctru.a(svc.o)
                0x00111820                svcSleepThread
 .text.svcReleaseMutex
                0x00111828        0x8 C:/Users/alvar/Downloads/msys2/msys2/opt/devkitpro/libctru/lib\libctru.a(svc.o)
                0x00111828                svcReleaseMutex
 .text.svcCreateEvent
                0x00111830       0x14 C:/Users/alvar/Downloads/msys2/msys2/opt/devkitpro/libctru/lib\libctru.a(svc.o)
                0x00111830                svcCreateEvent
 .text.svcSignalEvent
                0x00111844        0x8 C:/Users/alvar/Downloads/msys2/msys2/opt/devkitpro/libctru/lib\libctru.a(svc.o)
                0x00111844                svcSignalEvent
 .text.svcClearEvent
                0x0011184c        0x8 C:/Users/alvar/Downloads/msys2/msys2/opt/devkitpro/libctru/lib\libctru.a(svc.o)
                0x0011184c                svcClearEvent
 .text.svcMapMemoryBlock
                0x00111854        0x8 C:/Users/alvar/Downloads/msys2/msys2/opt/devkitpro/libctru/lib\libctru.a(svc.o)
                0x00111854                svcMapMemoryBlock
 .text.svcUnmapMemoryBlock
                0x0011185c        0x8 C:/Users/alvar/Downloads/msys2/msys2/opt/devkitpro/libctru/lib\libctru.a(svc.o)
                0x0011185c                svcUnmapMemoryBlock
 .text.svcCreateAddressArbiter
                0x00111864       0x14 C:/Users/alvar/Downloads/msys2/msys2/opt/devkitpro/libctru/lib\libctru.a(svc.o)
                0x00111864                svcCreateAddressArbiter
 .text.svcArbitrateAddressNoTimeout
                0x00111878        0x8 C:/Users/alvar/Downloads/msys2/msys2/opt/devkitpro/libctru/lib\libctru.a(svc.o)
                0x00111878                svcArbitrateAddressNoTimeout
 .text.svcCloseHandle
                0x00111880        0x8 C:/Users/alvar/Downloads/msys2/msys2/opt/devkitpro/libctru/lib\libctru.a(svc.o)
                0x00111880                svcCloseHandle
 .text.svcWaitSynchronization
                0x00111888        0x8 C:/Users/alvar/Downloads/msys2/msys2/opt/devkitpro/libctru/lib\libctru.a(svc.o)
                0x00111888                svcWaitSynchronization
 .text.svcWaitSynchronizationN
                0x00111890       0x28 C:/Users/alvar/Downloads/msys2/msys2/opt/devkitpro/libctru/lib\libctru.a(svc.o)
                0x00111890                svcWaitSynchronizationN
 .text.svcDuplicateHandle
                0x001118b8       0x14 C:/Users/alvar/Downloads/msys2/msys2/opt/devkitpro/libctru/lib\libctru.a(svc.o)
                0x001118b8                svcDuplicateHandle
 .text.svcGetSystemTick
                0x001118cc        0x8 C:/Users/alvar/Downloads/msys2/msys2/opt/devkitpro/libctru/lib\libctru.a(svc.o)
                0x001118cc                svcGetSystemTick
 .text.svcConnectToPort
                0x001118d4       0x14 C:/Users/alvar/Downloads/msys2/msys2/opt/devkitpro/libctru/lib\libctru.a(svc.o)
                0x001118d4                svcConnectToPort
 .text.svcSendSyncRequest
                0x001118e8        0x8 C:/Users/alvar/Downloads/msys2/msys2/opt/devkitpro/libctru/lib\libctru.a(svc.o)
                0x001118e8                svcSendSyncRequest
 .text.svcGetResourceLimit
                0x001118f0       0x14 C:/Users/alvar/Downloads/msys2/msys2/opt/devkitpro/libctru/lib\libctru.a(svc.o)
                0x001118f0                svcGetResourceLimit
 .text.svcGetResourceLimitLimitValues
                0x00111904        0x8 C:/Users/alvar/Downloads/msys2/msys2/opt/devkitpro/libctru/lib\libctru.a(svc.o)
                0x00111904                svcGetResourceLimitLimitValues
 .text.svcGetResourceLimitCurrentValues
                0x0011190c        0x8 C:/Users/alvar/Downloads/msys2/msys2/opt/devkitpro/libctru/lib\libctru.a(svc.o)
                0x0011190c                svcGetResourceLimitCurrentValues
 .text.svcBreak
                0x00111914        0x8 C:/Users/alvar/Downloads/msys2/msys2/opt/devkitpro/libctru/lib\libctru.a(svc.o)
                0x00111914                svcBreak
 .text.__aeabi_read_tp
                0x0011191c        0xc C:/Users/alvar/Downloads/msys2/msys2/opt/devkitpro/libctru/lib\libctru.a(readtp.o)
                0x0011191c                __aeabi_read_tp
 .text.initSystem
                0x00111928       0x50 C:/Users/alvar/Downloads/msys2/msys2/opt/devkitpro/libctru/lib\libctru.a(stack_adjust.o)
                0x00111928                initSystem
 .text.__ctru_exit
                0x00111978       0x14 C:/Users/alvar/Downloads/msys2/msys2/opt/devkitpro/libctru/lib\libctru.a(stack_adjust.o)
                0x00111978                __ctru_exit
 .text.envGetHandle
                0x0011198c       0x8c C:/Users/alvar/Downloads/msys2/msys2/opt/devkitpro/libctru/lib\libctru.a(env.o)
                0x0011198c                envGetHandle
 .text.envDestroyHandles
                0x00111a18       0x50 C:/Users/alvar/Downloads/msys2/msys2/opt/devkitpro/libctru/lib\libctru.a(env.o)
                0x00111a18                envDestroyHandles
 .text.srvInit  0x00111a68      0x164 C:/Users/alvar/Downloads/msys2/msys2/opt/devkitpro/libctru/lib\libctru.a(srv.o)
                0x00111a68                srvInit
 .text.srvExit  0x00111bcc       0x64 C:/Users/alvar/Downloads/msys2/msys2/opt/devkitpro/libctru/lib\libctru.a(srv.o)
                0x00111bcc                srvExit
 .text.srvEnableNotification
                0x00111c30       0x60 C:/Users/alvar/Downloads/msys2/msys2/opt/devkitpro/libctru/lib\libctru.a(srv.o)
                0x00111c30                srvEnableNotification
 .text.srvGetServiceHandleDirect
                0x00111c90       0xa0 C:/Users/alvar/Downloads/msys2/msys2/opt/devkitpro/libctru/lib\libctru.a(srv.o)
                0x00111c90                srvGetServiceHandleDirect
 .text.srvGetServiceHandle
                0x00111d30       0x48 C:/Users/alvar/Downloads/msys2/msys2/opt/devkitpro/libctru/lib\libctru.a(srv.o)
                0x00111d30                srvGetServiceHandle
 .text.srvSubscribe
                0x00111d78       0x34 C:/Users/alvar/Downloads/msys2/msys2/opt/devkitpro/libctru/lib\libctru.a(srv.o)
                0x00111d78                srvSubscribe
 .text.srvReceiveNotification
                0x00111dac       0x60 C:/Users/alvar/Downloads/msys2/msys2/opt/devkitpro/libctru/lib\libctru.a(srv.o)
                0x00111dac                srvReceiveNotification
 .text.srvPublishToSubscriber
                0x00111e0c       0x38 C:/Users/alvar/Downloads/msys2/msys2/opt/devkitpro/libctru/lib\libctru.a(srv.o)
                0x00111e0c                srvPublishToSubscriber
 .text.__sync_init
                0x00111e44        0xc C:/Users/alvar/Downloads/msys2/msys2/opt/devkitpro/libctru/lib\libctru.a(synchronization.o)
                0x00111e44                __sync_init
 .text.__sync_fini
                0x00111e50       0x18 C:/Users/alvar/Downloads/msys2/msys2/opt/devkitpro/libctru/lib\libctru.a(synchronization.o)
                0x00111e50                __sync_fini
 .text.syncArbitrateAddress
                0x00111e68       0x28 C:/Users/alvar/Downloads/msys2/msys2/opt/devkitpro/libctru/lib\libctru.a(synchronization.o)
                0x00111e68                syncArbitrateAddress
 .text.LightLock_Lock
                0x00111e90       0xac C:/Users/alvar/Downloads/msys2/msys2/opt/devkitpro/libctru/lib\libctru.a(synchronization.o)
                0x00111e90                LightLock_Lock
 .text.LightLock_Unlock
                0x00111f3c       0x40 C:/Users/alvar/Downloads/msys2/msys2/opt/devkitpro/libctru/lib\libctru.a(synchronization.o)
                0x00111f3c                LightLock_Unlock
 .text.RecursiveLock_Lock
                0x00111f7c       0x54 C:/Users/alvar/Downloads/msys2/msys2/opt/devkitpro/libctru/lib\libctru.a(synchronization.o)
                0x00111f7c                RecursiveLock_Lock
 .text.RecursiveLock_Unlock
                0x00111fd0       0x54 C:/Users/alvar/Downloads/msys2/msys2/opt/devkitpro/libctru/lib\libctru.a(synchronization.o)
                0x00111fd0                RecursiveLock_Unlock
 .text.LightEvent_Init
                0x00112024       0x44 C:/Users/alvar/Downloads/msys2/msys2/opt/devkitpro/libctru/lib\libctru.a(synchronization.o)
                0x00112024                LightEvent_Init
 .text.LightEvent_Clear
                0x00112068       0xb8 C:/Users/alvar/Downloads/msys2/msys2/opt/devkitpro/libctru/lib\libctru.a(synchronization.o)
                0x00112068                LightEvent_Clear
 .text.LightEvent_Signal
                0x00112120       0xdc C:/Users/alvar/Downloads/msys2/msys2/opt/devkitpro/libctru/lib\libctru.a(synchronization.o)
                0x00112120                LightEvent_Signal
 .text.LightEvent_TryWait
                0x001121fc       0x50 C:/Users/alvar/Downloads/msys2/msys2/opt/devkitpro/libctru/lib\libctru.a(synchronization.o)
                0x001121fc                LightEvent_TryWait
 .text.LightEvent_Wait
                0x0011224c       0xac C:/Users/alvar/Downloads/msys2/msys2/opt/devkitpro/libctru/lib\libctru.a(synchronization.o)
                0x0011224c                LightEvent_Wait
 .text.threadCreate
                0x001122f8      0x1fc C:/Users/alvar/Downloads/msys2/msys2/opt/devkitpro/libctru/lib\libctru.a(thread.o)
                0x001122f8                threadCreate
 .text.threadFree
                0x001124f4       0x38 C:/Users/alvar/Downloads/msys2/msys2/opt/devkitpro/libctru/lib\libctru.a(thread.o)
                0x001124f4                threadFree
 .text.threadJoin
                0x0011252c       0x24 C:/Users/alvar/Downloads/msys2/msys2/opt/devkitpro/libctru/lib\libctru.a(thread.o)
                0x0011252c                threadJoin
 .text.threadGetCurrent
                0x00112550       0x30 C:/Users/alvar/Downloads/msys2/msys2/opt/devkitpro/libctru/lib\libctru.a(thread.o)
                0x00112550                threadGetCurrent
 .text.threadExit
                0x00112580       0x40 C:/Users/alvar/Downloads/msys2/msys2/opt/devkitpro/libctru/lib\libctru.a(thread.o)
                0x00112580                threadExit
 .text._thread_begin
                0x001125c0       0x20 C:/Users/alvar/Downloads/msys2/msys2/opt/devkitpro/libctru/lib\libctru.a(thread.o)
 .text.mappableFindAddressWithin
                0x001125e0       0x90 C:/Users/alvar/Downloads/msys2/msys2/opt/devkitpro/libctru/lib\libctru.a(mappable.o)
 .text.mappableInit
                0x00112670       0x28 C:/Users/alvar/Downloads/msys2/msys2/opt/devkitpro/libctru/lib\libctru.a(mappable.o)
                0x00112670                mappableInit
 .text.mappableAlloc
                0x00112698       0x7c C:/Users/alvar/Downloads/msys2/msys2/opt/devkitpro/libctru/lib\libctru.a(mappable.o)
                0x00112698                mappableAlloc
 .text.mappableFree
                0x00112714        0x4 C:/Users/alvar/Downloads/msys2/msys2/opt/devkitpro/libctru/lib\libctru.a(mappable.o)
                0x00112714                mappableFree
 .text.srvPmGetSessionHandle
                0x00112718        0xc C:/Users/alvar/Downloads/msys2/msys2/opt/devkitpro/libctru/lib\libctru.a(srvpm.o)
                0x00112718                srvPmGetSessionHandle
 .text.rbtree_node_next
                0x00112724       0x60 C:/Users/alvar/Downloads/msys2/msys2/opt/devkitpro/libctru/lib\libctru.a(rbtree_iterator.o)
                0x00112724                rbtree_node_next
 .text.decode_utf16
                0x00112784       0x54 C:/Users/alvar/Downloads/msys2/msys2/opt/devkitpro/libctru/lib\libctru.a(decode_utf16.o)
                0x00112784                decode_utf16
 .text.encode_utf16
                0x001127d8       0x54 C:/Users/alvar/Downloads/msys2/msys2/opt/devkitpro/libctru/lib\libctru.a(encode_utf16.o)
                0x001127d8                encode_utf16
 .text.encode_utf8
                0x0011282c       0xe0 C:/Users/alvar/Downloads/msys2/msys2/opt/devkitpro/libctru/lib\libctru.a(encode_utf8.o)
                0x0011282c                encode_utf8
 .text.__appExit
                0x0011290c       0x30 C:/Users/alvar/Downloads/msys2/msys2/opt/devkitpro/libctru/lib\libctru.a(appExit.o)
                0x0011290c                __appExit
 .text.__appInit
                0x0011293c       0x30 C:/Users/alvar/Downloads/msys2/msys2/opt/devkitpro/libctru/lib\libctru.a(appInit.o)
                0x0011293c                __appInit
 .text.__libctru_exit
                0x0011296c       0x90 C:/Users/alvar/Downloads/msys2/msys2/opt/devkitpro/libctru/lib\libctru.a(ctru_exit.o)
                0x0011296c                __libctru_exit
 .text.archive_link
                0x001129fc       0x14 C:/Users/alvar/Downloads/msys2/msys2/opt/devkitpro/libctru/lib\libctru.a(archive_dev.o)
 .text.archive_dirreset
                0x00112a10       0x14 C:/Users/alvar/Downloads/msys2/msys2/opt/devkitpro/libctru/lib\libctru.a(archive_dev.o)
 .text.archive_chmod
                0x00112a24       0x14 C:/Users/alvar/Downloads/msys2/msys2/opt/devkitpro/libctru/lib\libctru.a(archive_dev.o)
 .text.error_cmp
                0x00112a38       0x24 C:/Users/alvar/Downloads/msys2/msys2/opt/devkitpro/libctru/lib\libctru.a(archive_dev.o)
 .text.archive_translate_error
                0x00112a5c       0x50 C:/Users/alvar/Downloads/msys2/msys2/opt/devkitpro/libctru/lib\libctru.a(archive_dev.o)
 .text.archive_seek
                0x00112aac       0xc0 C:/Users/alvar/Downloads/msys2/msys2/opt/devkitpro/libctru/lib\libctru.a(archive_dev.o)
 .text._archiveInit.part.0
                0x00112b6c       0x78 C:/Users/alvar/Downloads/msys2/msys2/opt/devkitpro/libctru/lib\libctru.a(archive_dev.o)
 .text.archiveFindDevice.part.0
                0x00112be4       0xd4 C:/Users/alvar/Downloads/msys2/msys2/opt/devkitpro/libctru/lib\libctru.a(archive_dev.o)
 .text.archive_utf16path
                0x00112cb8      0x298 C:/Users/alvar/Downloads/msys2/msys2/opt/devkitpro/libctru/lib\libctru.a(archive_dev.o)
 .text._archiveUnmountDeviceStruct.part.0
                0x00112f50       0x98 C:/Users/alvar/Downloads/msys2/msys2/opt/devkitpro/libctru/lib\libctru.a(archive_dev.o)
 .text.archive_statvfs
                0x00112fe8       0x14 C:/Users/alvar/Downloads/msys2/msys2/opt/devkitpro/libctru/lib\libctru.a(archive_dev.o)
 .text.archive_fchmod
                0x00112ffc       0x14 C:/Users/alvar/Downloads/msys2/msys2/opt/devkitpro/libctru/lib\libctru.a(archive_dev.o)
 .text._archiveMountDevice
                0x00113010      0x178 C:/Users/alvar/Downloads/msys2/msys2/opt/devkitpro/libctru/lib\libctru.a(archive_dev.o)
 .text.archive_diropen
                0x00113188       0xf8 C:/Users/alvar/Downloads/msys2/msys2/opt/devkitpro/libctru/lib\libctru.a(archive_dev.o)
 .text.archive_fstat
                0x00113280       0xac C:/Users/alvar/Downloads/msys2/msys2/opt/devkitpro/libctru/lib\libctru.a(archive_dev.o)
 .text.archive_fsync
                0x0011332c       0x74 C:/Users/alvar/Downloads/msys2/msys2/opt/devkitpro/libctru/lib\libctru.a(archive_dev.o)
 .text.archive_close
                0x001133a0       0x74 C:/Users/alvar/Downloads/msys2/msys2/opt/devkitpro/libctru/lib\libctru.a(archive_dev.o)
 .text.archive_dirclose
                0x00113414       0x78 C:/Users/alvar/Downloads/msys2/msys2/opt/devkitpro/libctru/lib\libctru.a(archive_dev.o)
 .text.sdmc_statvfs
                0x0011348c       0xec C:/Users/alvar/Downloads/msys2/msys2/opt/devkitpro/libctru/lib\libctru.a(archive_dev.o)
 .text.archive_chdir
                0x00113578       0xf8 C:/Users/alvar/Downloads/msys2/msys2/opt/devkitpro/libctru/lib\libctru.a(archive_dev.o)
 .text.archive_ftruncate
                0x00113670       0x8c C:/Users/alvar/Downloads/msys2/msys2/opt/devkitpro/libctru/lib\libctru.a(archive_dev.o)
 .text.archive_read
                0x001136fc       0xbc C:/Users/alvar/Downloads/msys2/msys2/opt/devkitpro/libctru/lib\libctru.a(archive_dev.o)
 .text.archive_unlink
                0x001137b8       0xa8 C:/Users/alvar/Downloads/msys2/msys2/opt/devkitpro/libctru/lib\libctru.a(archive_dev.o)
 .text.archive_rmdir
                0x00113860       0xc0 C:/Users/alvar/Downloads/msys2/msys2/opt/devkitpro/libctru/lib\libctru.a(archive_dev.o)
 .text.archive_mkdir
                0x00113920       0xd8 C:/Users/alvar/Downloads/msys2/msys2/opt/devkitpro/libctru/lib\libctru.a(archive_dev.o)
 .text.archive_stat
                0x001139f8      0x1a0 C:/Users/alvar/Downloads/msys2/msys2/opt/devkitpro/libctru/lib\libctru.a(archive_dev.o)
 .text.archive_dirnext
                0x00113b98      0x164 C:/Users/alvar/Downloads/msys2/msys2/opt/devkitpro/libctru/lib\libctru.a(archive_dev.o)
 .text.archive_write
                0x00113cfc      0x13c C:/Users/alvar/Downloads/msys2/msys2/opt/devkitpro/libctru/lib\libctru.a(archive_dev.o)
 .text.archive_open
                0x00113e38      0x254 C:/Users/alvar/Downloads/msys2/msys2/opt/devkitpro/libctru/lib\libctru.a(archive_dev.o)
 .text.archive_rename
                0x0011408c      0x270 C:/Users/alvar/Downloads/msys2/msys2/opt/devkitpro/libctru/lib\libctru.a(archive_dev.o)
 .text.archiveMountSdmc
                0x001142fc      0x1c8 C:/Users/alvar/Downloads/msys2/msys2/opt/devkitpro/libctru/lib\libctru.a(archive_dev.o)
                0x001142fc                archiveMountSdmc
 .text.archiveUnmountAll
                0x001144c4       0x54 C:/Users/alvar/Downloads/msys2/msys2/opt/devkitpro/libctru/lib\libctru.a(archive_dev.o)
                0x001144c4                archiveUnmountAll
 .text.sinf     0x00114518      0x264 C:/Users/alvar/Downloads/msys2/msys2/opt/devkitpro/devkitARM/bin/../lib/gcc/arm-none-eabi/15.1.0/../../../../arm-none-eabi/lib/armv6k/fpu\libm.a(libm_a-sinf.o)
                0x00114518                sinf
 .text.with_errnof
                0x0011477c       0x24 C:/Users/alvar/Downloads/msys2/msys2/opt/devkitpro/devkitARM/bin/../lib/gcc/arm-none-eabi/15.1.0/../../../../arm-none-eabi/lib/armv6k/fpu\libm.a(libm_a-math_errf.o)
 .text.__math_invalidf
                0x001147a0       0x1c C:/Users/alvar/Downloads/msys2/msys2/opt/devkitpro/devkitARM/bin/../lib/gcc/arm-none-eabi/15.1.0/../../../../arm-none-eabi/lib/armv6k/fpu\libm.a(libm_a-math_errf.o)
                0x001147a0                __math_invalidf
 .text.ceilf    0x001147bc       0xc0 C:/Users/alvar/Downloads/msys2/msys2/opt/devkitpro/devkitARM/bin/../lib/gcc/arm-none-eabi/15.1.0/../../../../arm-none-eabi/lib/armv6k/fpu\libm.a(libm_a-sf_ceil.o)
                0x001147bc                ceilf
 *fill*         0x0011487c        0x4 
 .text.cosf     0x00114880      0x25c C:/Users/alvar/Downloads/msys2/msys2/opt/devkitpro/devkitARM/bin/../lib/gcc/arm-none-eabi/15.1.0/../../../../arm-none-eabi/lib/armv6k/fpu\libm.a(libm_a-cosf.o)
                0x00114880                cosf
 .text.__udivmoddi4
                0x00114adc      0x130 C:/Users/alvar/Downloads/msys2/msys2/opt/devkitpro/devkitARM/bin/../lib/gcc/arm-none-eabi/15.1.0/armv6k/fpu\libgcc.a(_udivmoddi4.o)
                0x00114adc                __udivmoddi4
 .text.strncmp  0x00114c0c       0xd8 C:/Users/alvar/Downloads/msys2/msys2/opt/devkitpro/devkitARM/bin/../lib/gcc/arm-none-eabi/15.1.0/../../../../arm-none-eabi/lib/armv6k/fpu\libg.a(libc_a-strncmp.o)
                0x00114c0c                strncmp
 .text.strchr   0x00114ce4      0x140 C:/Users/alvar/Downloads/msys2/msys2/opt/devkitpro/devkitARM/bin/../lib/gcc/arm-none-eabi/15.1.0/../../../../arm-none-eabi/lib/armv6k/fpu\libg.a(libc_a-strchr.o)
                0x00114ce4                strchr
 .text._fclose_r
                0x00114e24      0x144 C:/Users/alvar/Downloads/msys2/msys2/opt/devkitpro/devkitARM/bin/../lib/gcc/arm-none-eabi/15.1.0/../../../../arm-none-eabi/lib/armv6k/fpu\libg.a(libc_a-fclose.o)
                0x00114e24                _fclose_r
 .text.fclose   0x00114f68       0x20 C:/Users/alvar/Downloads/msys2/msys2/opt/devkitpro/devkitARM/bin/../lib/gcc/arm-none-eabi/15.1.0/../../../../arm-none-eabi/lib/armv6k/fpu\libg.a(libc_a-fclose.o)
                0x00114f68                fclose
 .text.strlen   0x00114f88       0x8c C:/Users/alvar/Downloads/msys2/msys2/opt/devkitpro/devkitARM/bin/../lib/gcc/arm-none-eabi/15.1.0/../../../../arm-none-eabi/lib/armv6k/fpu\libg.a(libc_a-strlen.o)
                0x00114f88                strlen
 .text.memcmp   0x00115014       0xd8 C:/Users/alvar/Downloads/msys2/msys2/opt/devkitpro/devkitARM/bin/../lib/gcc/arm-none-eabi/15.1.0/../../../../arm-none-eabi/lib/armv6k/fpu\libg.a(libc_a-memcmp.o)
                0x00115014                memcmp
 .text.stdio_exit_handler
                0x001150ec       0x1c C:/Users/alvar/Downloads/msys2/msys2/opt/devkitpro/devkitARM/bin/../lib/gcc/arm-none-eabi/15.1.0/../../../../arm-none-eabi/lib/armv6k/fpu\libg.a(libc_a-findfp.o)
 .text.cleanup_stdio
                0x00115108       0x5c C:/Users/alvar/Downloads/msys2/msys2/opt/devkitpro/devkitARM/bin/../lib/gcc/arm-none-eabi/15.1.0/../../../../arm-none-eabi/lib/armv6k/fpu\libg.a(libc_a-findfp.o)
 .text.global_stdio_init.part.0
                0x00115164      0x154 C:/Users/alvar/Downloads/msys2/msys2/opt/devkitpro/devkitARM/bin/../lib/gcc/arm-none-eabi/15.1.0/../../../../arm-none-eabi/lib/armv6k/fpu\libg.a(libc_a-findfp.o)
 .text.__sfp    0x001152b8      0x138 C:/Users/alvar/Downloads/msys2/msys2/opt/devkitpro/devkitARM/bin/../lib/gcc/arm-none-eabi/15.1.0/../../../../arm-none-eabi/lib/armv6k/fpu\libg.a(libc_a-findfp.o)
                0x001152b8                __sfp
 .text.__sinit  0x001153f0       0x5c C:/Users/alvar/Downloads/msys2/msys2/opt/devkitpro/devkitARM/bin/../lib/gcc/arm-none-eabi/15.1.0/../../../../arm-none-eabi/lib/armv6k/fpu\libg.a(libc_a-findfp.o)
                0x001153f0                __sinit
 .text.__sfp_lock_acquire
                0x0011544c        0xc C:/Users/alvar/Downloads/msys2/msys2/opt/devkitpro/devkitARM/bin/../lib/gcc/arm-none-eabi/15.1.0/../../../../arm-none-eabi/lib/armv6k/fpu\libg.a(libc_a-findfp.o)
                0x0011544c                __sfp_lock_acquire
 .text.__sfp_lock_release
                0x00115458        0xc C:/Users/alvar/Downloads/msys2/msys2/opt/devkitpro/devkitARM/bin/../lib/gcc/arm-none-eabi/15.1.0/../../../../arm-none-eabi/lib/armv6k/fpu\libg.a(libc_a-findfp.o)
                0x00115458                __sfp_lock_release
 .text._strtoul_l.isra.0
                0x00115464      0x1ec C:/Users/alvar/Downloads/msys2/msys2/opt/devkitpro/devkitARM/bin/../lib/gcc/arm-none-eabi/15.1.0/../../../../arm-none-eabi/lib/armv6k/fpu\libg.a(libc_a-strtoul.o)
 .text.strtoul  0x00115650       0x3c C:/Users/alvar/Downloads/msys2/msys2/opt/devkitpro/devkitARM/bin/../lib/gcc/arm-none-eabi/15.1.0/../../../../arm-none-eabi/lib/armv6k/fpu\libg.a(libc_a-strtoul.o)
                0x00115650                strtoul
 .text.__libc_init_array
                0x0011568c       0x84 C:/Users/alvar/Downloads/msys2/msys2/opt/devkitpro/devkitARM/bin/../lib/gcc/arm-none-eabi/15.1.0/../../../../arm-none-eabi/lib/armv6k/fpu\libg.a(libc_a-init.o)
                0x0011568c                __libc_init_array
 .text.strncat  0x00115710       0x9c C:/Users/alvar/Downloads/msys2/msys2/opt/devkitpro/devkitARM/bin/../lib/gcc/arm-none-eabi/15.1.0/../../../../arm-none-eabi/lib/armv6k/fpu\libg.a(libc_a-strncat.o)
                0x00115710                strncat
 .text._fwalk_sglue
                0x001157ac       0x70 C:/Users/alvar/Downloads/msys2/msys2/opt/devkitpro/devkitARM/bin/../lib/gcc/arm-none-eabi/15.1.0/../../../../arm-none-eabi/lib/armv6k/fpu\libg.a(libc_a-fwalk.o)
                0x001157ac                _fwalk_sglue
 .text.bsearch  0x0011581c       0x78 C:/Users/alvar/Downloads/msys2/msys2/opt/devkitpro/devkitARM/bin/../lib/gcc/arm-none-eabi/15.1.0/../../../../arm-none-eabi/lib/armv6k/fpu\libg.a(libc_a-bsearch.o)
                0x0011581c                bsearch
 .text.__errno  0x00115894        0xc C:/Users/alvar/Downloads/msys2/msys2/opt/devkitpro/devkitARM/bin/../lib/gcc/arm-none-eabi/15.1.0/../../../../arm-none-eabi/lib/armv6k/fpu\libg.a(libc_a-errno.o)
                0x00115894                __errno
 .text.calloc   0x001158a0       0x28 C:/Users/alvar/Downloads/msys2/msys2/opt/devkitpro/devkitARM/bin/../lib/gcc/arm-none-eabi/15.1.0/../../../../arm-none-eabi/lib/armv6k/fpu\libg.a(libc_a-calloc.o)
                0x001158a0                calloc
 .text.qsort    0x001158c8      0x8e8 C:/Users/alvar/Downloads/msys2/msys2/opt/devkitpro/devkitARM/bin/../lib/gcc/arm-none-eabi/15.1.0/../../../../arm-none-eabi/lib/armv6k/fpu\libg.a(libc_a-qsort.o)
                0x001158c8                qsort
 .text._calloc_r
                0x001161b0       0xd8 C:/Users/alvar/Downloads/msys2/msys2/opt/devkitpro/devkitARM/bin/../lib/gcc/arm-none-eabi/15.1.0/../../../../arm-none-eabi/lib/armv6k/fpu\libg.a(libc_a-callocr.o)
                0x001161b0                _calloc_r
 .text._fseek_r
                0x00116288       0x1c C:/Users/alvar/Downloads/msys2/msys2/opt/devkitpro/devkitARM/bin/../lib/gcc/arm-none-eabi/15.1.0/../../../../arm-none-eabi/lib/armv6k/fpu\libg.a(libc_a-fseek.o)
                0x00116288                _fseek_r
 .text.fseek    0x001162a4       0x34 C:/Users/alvar/Downloads/msys2/msys2/opt/devkitpro/devkitARM/bin/../lib/gcc/arm-none-eabi/15.1.0/../../../../arm-none-eabi/lib/armv6k/fpu\libg.a(libc_a-fseek.o)
                0x001162a4                fseek
 .text.memalign
                0x001162d8       0x28 C:/Users/alvar/Downloads/msys2/msys2/opt/devkitpro/devkitARM/bin/../lib/gcc/arm-none-eabi/15.1.0/../../../../arm-none-eabi/lib/armv6k/fpu\libg.a(libc_a-malign.o)
                0x001162d8                memalign
 .text._malloc_r
                0x00116300      0x82c C:/Users/alvar/Downloads/msys2/msys2/opt/devkitpro/devkitARM/bin/../lib/gcc/arm-none-eabi/15.1.0/../../../../arm-none-eabi/lib/armv6k/fpu\libg.a(libc_a-mallocr.o)
                0x00116300                _malloc_r
 .text._malloc_trim_r
                0x00116b2c      0x114 C:/Users/alvar/Downloads/msys2/msys2/opt/devkitpro/devkitARM/bin/../lib/gcc/arm-none-eabi/15.1.0/../../../../arm-none-eabi/lib/armv6k/fpu\libg.a(libc_a-freer.o)
                0x00116b2c                _malloc_trim_r
 .text._free_r  0x00116c40      0x314 C:/Users/alvar/Downloads/msys2/msys2/opt/devkitpro/devkitARM/bin/../lib/gcc/arm-none-eabi/15.1.0/../../../../arm-none-eabi/lib/armv6k/fpu\libg.a(libc_a-freer.o)
                0x00116c40                _free_r
 .text.rewind   0x00116f54       0x2c C:/Users/alvar/Downloads/msys2/msys2/opt/devkitpro/devkitARM/bin/../lib/gcc/arm-none-eabi/15.1.0/../../../../arm-none-eabi/lib/armv6k/fpu\libg.a(libc_a-rewind.o)
                0x00116f54                rewind
 .text.strnlen  0x00116f80       0x3c C:/Users/alvar/Downloads/msys2/msys2/opt/devkitpro/devkitARM/bin/../lib/gcc/arm-none-eabi/15.1.0/../../../../arm-none-eabi/lib/armv6k/fpu\libg.a(libc_a-strnlen.o)
                0x00116f80                strnlen
 .text.malloc   0x00116fbc       0x40 C:/Users/alvar/Downloads/msys2/msys2/opt/devkitpro/devkitARM/bin/../lib/gcc/arm-none-eabi/15.1.0/../../../../arm-none-eabi/lib/armv6k/fpu\libg.a(libc_a-malloc.o)
                0x00116fbc                malloc
 .text.free     0x00116ffc       0x20 C:/Users/alvar/Downloads/msys2/msys2/opt/devkitpro/devkitARM/bin/../lib/gcc/arm-none-eabi/15.1.0/../../../../arm-none-eabi/lib/armv6k/fpu\libg.a(libc_a-malloc.o)
                0x00116ffc                free
 .text.__sflush_r
                0x0011701c      0x22c C:/Users/alvar/Downloads/msys2/msys2/opt/devkitpro/devkitARM/bin/../lib/gcc/arm-none-eabi/15.1.0/../../../../arm-none-eabi/lib/armv6k/fpu\libg.a(libc_a-fflush.o)
                0x0011701c                __sflush_r
 .text._fflush_r
                0x00117248       0xc4 C:/Users/alvar/Downloads/msys2/msys2/opt/devkitpro/devkitARM/bin/../lib/gcc/arm-none-eabi/15.1.0/../../../../arm-none-eabi/lib/armv6k/fpu\libg.a(libc_a-fflush.o)
                0x00117248                _fflush_r
 .text.time     0x0011730c       0x48 C:/Users/alvar/Downloads/msys2/msys2/opt/devkitpro/devkitARM/bin/../lib/gcc/arm-none-eabi/15.1.0/../../../../arm-none-eabi/lib/armv6k/fpu\libg.a(libc_a-time.o)
                0x0011730c                time
 .text.memset   0x00117354       0xe4 C:/Users/alvar/Downloads/msys2/msys2/opt/devkitpro/devkitARM/bin/../lib/gcc/arm-none-eabi/15.1.0/../../../../arm-none-eabi/lib/armv6k/fpu\libg.a(libc_a-memset.o)
                0x00117354                memset
 .text._fread_r
                0x00117438      0x334 C:/Users/alvar/Downloads/msys2/msys2/opt/devkitpro/devkitARM/bin/../lib/gcc/arm-none-eabi/15.1.0/../../../../arm-none-eabi/lib/armv6k/fpu\libg.a(libc_a-fread.o)
                0x00117438                _fread_r
 .text.fread    0x0011776c       0x38 C:/Users/alvar/Downloads/msys2/msys2/opt/devkitpro/devkitARM/bin/../lib/gcc/arm-none-eabi/15.1.0/../../../../arm-none-eabi/lib/armv6k/fpu\libg.a(libc_a-fread.o)
                0x0011776c                fread
 .text.__malloc_lock
                0x001177a4        0xc C:/Users/alvar/Downloads/msys2/msys2/opt/devkitpro/devkitARM/bin/../lib/gcc/arm-none-eabi/15.1.0/../../../../arm-none-eabi/lib/armv6k/fpu\libg.a(libc_a-mlock.o)
                0x001177a4                __malloc_lock
 .text.__malloc_unlock
                0x001177b0        0xc C:/Users/alvar/Downloads/msys2/msys2/opt/devkitpro/devkitARM/bin/../lib/gcc/arm-none-eabi/15.1.0/../../../../arm-none-eabi/lib/armv6k/fpu\libg.a(libc_a-mlock.o)
                0x001177b0                __malloc_unlock
 .text.__call_exitprocs
                0x001177bc        0x4 C:/Users/alvar/Downloads/msys2/msys2/opt/devkitpro/devkitARM/bin/../lib/gcc/arm-none-eabi/15.1.0/../../../../arm-none-eabi/lib/armv6k/fpu\libg.a(libc_a-exit.o)
                0x001177bc                __call_exitprocs
 .text.exit     0x001177c0       0x30 C:/Users/alvar/Downloads/msys2/msys2/opt/devkitpro/devkitARM/bin/../lib/gcc/arm-none-eabi/15.1.0/../../../../arm-none-eabi/lib/armv6k/fpu\libg.a(libc_a-exit.o)
                0x001177c0                exit
 .text.setvbuf  0x001177f0      0x294 C:/Users/alvar/Downloads/msys2/msys2/opt/devkitpro/devkitARM/bin/../lib/gcc/arm-none-eabi/15.1.0/../../../../arm-none-eabi/lib/armv6k/fpu\libg.a(libc_a-setvbuf.o)
                0x001177f0                setvbuf
 .text._fopen_r
                0x00117a84      0x134 C:/Users/alvar/Downloads/msys2/msys2/opt/devkitpro/devkitARM/bin/../lib/gcc/arm-none-eabi/15.1.0/../../../../arm-none-eabi/lib/armv6k/fpu\libg.a(libc_a-fopen.o)
                0x00117a84                _fopen_r
 .text.fopen    0x00117bb8       0x28 C:/Users/alvar/Downloads/msys2/msys2/opt/devkitpro/devkitARM/bin/../lib/gcc/arm-none-eabi/15.1.0/../../../../arm-none-eabi/lib/armv6k/fpu\libg.a(libc_a-fopen.o)
                0x00117bb8                fopen
 .text.strncpy  0x00117be0       0xd4 C:/Users/alvar/Downloads/msys2/msys2/opt/devkitpro/devkitARM/bin/../lib/gcc/arm-none-eabi/15.1.0/../../../../arm-none-eabi/lib/armv6k/fpu\libg.a(libc_a-strncpy.o)
                0x00117be0                strncpy