         w __deregister_frame_info
         w __register_frame_info
         w userAppExit
         w userAppInit
00000000 00000802 B __ctru_dev_utf16_buf
00000000 A __sync_synchronize
00000000 b _TLS_MODULE_BASE_
00000000 a shift
00000000 a shift
00000804 00000401 B __ctru_dev_path_buf
00100000 A __start__
00100000 T _start
00100008 T __service_ptr
0010000c T __apt_appid
00100010 T __heap_size
00100014 T __linear_heap_size
00100018 T __system_arglist
0010001c T __system_runflags
00100020 t startup
00100058 t ClearMem
0010006c t ClrLoop
00100094 T _init
001000ac t .udivsi3_skip_div0_test
001000ac T __aeabi_uidiv
001000ac 000001ec T __udivsi3
00100298 00000020 T __aeabi_uidivmod
001002b8 T __aeabi_idiv
001002b8 00000220 T __divsi3
001002c0 t .divsi3_skip_div0_test
001004d8 00000020 T __aeabi_idivmod
001004f8 00000004 W __aeabi_idiv0
001004f8 00000004 W __aeabi_ldiv0
001004fc T __aeabi_drsub
00100504 000002b0 T __aeabi_dsub
00100504 000002b0 T __subdf3
00100508 000002ac T __adddf3
00100508 000002ac T __aeabi_dadd
001007b4 00000024 T __aeabi_ui2d
001007b4 00000024 T __floatunsidf
001007d8 00000028 T __aeabi_i2d
001007d8 00000028 T __floatsidf
00100800 00000048 T __aeabi_f2d
00100800 00000048 T __extendsfdf2
00100848 00000074 T __aeabi_ul2d
00100848 00000074 T __floatundidf
0010085c 00000060 T __aeabi_l2d
0010085c 00000060 T __floatdidf
001008bc T __aeabi_ldivmod
00100990 T __aeabi_uldivmod
001009e8 00000390 T strcmp
00100d70 t __do_global_dtors_aux
00100dc0 t frame_dummy
00100dec 00000798 T main
00101584 00000044 t C2Di_FrameEndHook
001015c8 0000036c T C2D_Init
00101934 0000004c T C2D_Fini
00101980 000000b8 T C2D_Prepare
00101a38 00000048 T C2D_Flush
00101a80 00000104 T C2D_SceneSize
00101b84 00000058 T C2D_CreateScreenTarget
00101bdc 00000064 T C2D_TargetClear
00101c40 0000013c T C2Di_CalcQuad
00101d7c 00000058 T C2Di_AppendQuad
00101dd4 00000040 T C2Di_AppendVtx
00101e14 00000550 T C2Di_Update
00102364 000002b0 T C2D_DrawImage
00102614 00000018 t C2Di_GlyphComp
0010262c 00000140 t C2Di_CalcLineWidths
0010276c 000001dc T C2D_TextBufNew
00102948 000001c8 T C2D_TextFontParseLine
00102b10 000000a8 T C2D_TextFontParse
00102bb8 00000030 T C2D_TextOptimize
00102be8 000000c0 T C2D_TextGetDimensions
00102ca8 00000f6c T C2D_DrawText
00103c14 0000006c T C2D_SpriteSheetLoadFromHandle
00103c80 00000048 T C2D_SpriteSheetLoad
00103cc8 00000028 T C2D_SpriteSheetFree
00103cf0 0000002c T C2D_SpriteSheetGetImage
00103d1c 00000028 T C2D_FontFree
00103d44 000000e8 t C2Di_PostLoadFont
00103e2c 000001c0 T C2D_FontLoadSystem
00103fec 00000044 T C2D_FontGlyphIndexFromCodePoint
00104030 00000078 T C2D_FontCalcGlyphPos
001040a8 00000028 T AttrInfo_Init
001040d0 00000094 T AttrInfo_AddLoader
00104164 00000054 T C3D_SetAttrInfo
001041b8 00000080 T C3Di_AttrInfoBind
00104238 00000004 W C3Di_LightEnvUpdate
0010423c 00000004 W C3Di_LightEnvDirty
00104240 000000b4 t C3Di_AptEventHook
001042f4 00000004 W C3Di_GasUpdate
001042f8 000001d0 T C3D_Init
001044c8 00000098 T C3D_SetViewport
00104560 000004e8 T C3Di_UpdateContext
00104a48 000000e0 T C3Di_SplitFrame
00104b28 00000044 T C3D_Fini
00104b6c 00000194 T C3D_BindProgram
00104d00 00000024 T BufInfo_Init
00104d24 00000080 T BufInfo_Add
00104da4 0000003c T C3D_SetBufInfo
00104de0 00000048 T C3Di_BufInfoBind
00104e28 0000021c T C3D_DrawElements
00105044 00000040 T C3D_DepthMap
00105084 0000001c T C3D_CullFace
001050a0 00000040 T C3D_StencilTest
001050e0 00000024 T C3D_StencilOp
00105104 0000001c T C3D_BlendingColor
00105120 00000024 T C3D_EarlyDepthTest
00105144 0000002c T C3D_DepthTest
00105170 0000002c T C3D_AlphaTest
0010519c 00000050 T C3D_AlphaBlend
001051ec 00000030 T C3D_FragOpMode
0010521c 00000044 T C3D_FragOpShadow
00105260 000001ac T C3Di_EffectBind
0010540c 0000001c T C3D_CalcColorBufSize
00105428 0000001c T C3D_CalcDepthBufSize
00105444 00000044 T C3D_SetFrameBuf
00105488 0000016c T C3Di_FrameBufBind
001055f4 000000c8 T C3D_FrameBufClear
001056bc 00000044 T C3D_FrameBufTransfer
00105700 000000a8 T C3D_ImmSendAttrib
001057a8 00000070 T C3D_ProcTexInit
00105818 00000054 T C3D_ProcTexBind
0010586c 0000005c T C3D_ProcTexLutBind
001058c8 000000a4 T ProcTexLut_FromArray
0010596c 00000178 T C3Di_ProcTexUpdate
00105ae4 00000068 T C3Di_ProcTexDirty
00105b4c 0000004c t onVBlank0
00105b98 0000004c t onVBlank1
00105be4 00000080 t C3Di_RenderTargetDestroy
00105c64 000000f4 t onQueueFinish
00105d58 00000038 T C3Di_RenderQueueEnableVBlank
00105d90 00000030 T C3Di_RenderQueueDisableVBlank
00105dc0 00000060 T C3Di_RenderQueueInit
00105e20 000000b4 T C3Di_RenderQueueExit
00105ed4 00000034 T C3Di_RenderQueueWaitDone
00105f08 000000e8 T C3D_FrameBegin
00105ff0 00000048 T C3D_FrameDrawOn
00106038 00000058 T C3D_FrameSplit
00106090 000001d0 T C3D_FrameEnd
00106260 0000001c T C3D_FrameEndHook
0010627c 00000170 T C3D_RenderTargetCreate
001063ec 000000a8 T C3D_RenderTargetSetOutput
00106494 000000fc T C3D_SyncTextureCopy
00106590 000003d8 t Tex3DSi_ImportCommon
00106968 00000038 T Tex3DS_TextureImportStdio
001069a0 0000001c T Tex3DS_GetSubTexture
001069bc 00000004 T Tex3DS_TextureFree
001069c0 00000034 T C3D_GetTexEnv
001069f4 00000024 T C3Di_TexEnvBind
00106a18 00000290 T C3D_TexInitWithParams
00106ca8 000000c8 T C3D_TexLoadImage
00106d70 00000044 T C3D_TexBind
00106db4 00000074 T C3D_TexDelete
00106e28 0000014c T C3Di_SetTex
00106f74 00000290 T C3D_UpdateUniforms
00107204 000000c0 T C3Di_DirtyUniforms
001072c4 000000d8 T C3Di_LoadShaderUniforms
0010739c 00000028 T C3Di_ClearShaderUniforms
001073c4 000000cc T Mtx_Ortho
00107490 000000cc T Mtx_OrthoTilt
0010755c 00000024 t addrMapNodeComparator(rbtree_node const*, rbtree_node const*)
00107580 00000004 t addrMapNodeDestructor(rbtree_node*)
00107584 0000012c T linearMemAlign
001076b0 00000008 T linearAlloc
001076b8 0000005c T linearFree
00107714 00000088 T MemPool::CoalesceRight(MemBlock*)
0010779c 00000178 T MemPool::Allocate(MemChunk&, unsigned long, int)
00107914 00000118 T MemPool::Deallocate(MemChunk const&)
00107a2c 00000030 T MemPool::GetFreeSpace()
00107a5c 00000024 t addrMapNodeComparator(rbtree_node const*, rbtree_node const*)
00107a80 00000004 t addrMapNodeDestructor(rbtree_node*)
00107a84 00000248 T vramMemAlignAt
00107ccc 0000000c T vramAlloc
00107cd8 0000000c T vramAllocAt
00107ce4 00000094 T vramFree
00107d78 00000454 t consoleHandleColorEsc
001081cc 000000d0 t consoleColorStateShift
0010829c 000001f8 T consoleDrawChar
00108494 00000160 T consolePrintChar
001085f4 00000640 T con_write
00108c34 0000010c t newRow
00108d40 0000018c T consoleInit
00108ecc 0000009c T fontEnsureMapped
00108f68 0000007c T fontFixPointers
00108fe4 00000100 T fontGlyphIndexFromCodePoint
001090e4 00000214 T fontCalcGlyphPos
001092f8 000000cc t gfxPresentFramebuffer
001093c4 0000001c T gfxIsWide
001093e0 000000f8 T gfxSetScreenFormat
001094d8 00000010 T gfxSetDoubleBuffering
001094e8 000000d8 T gfxInit
001095c0 00000010 T gfxInitDefault
001095d0 000000b8 T gfxExit
00109688 000000a0 T gfxGetFramebuffer
00109728 00000100 T gfxFlushBuffers
00109828 00000028 T gfxScreenSwapBuffers
00109850 00000050 T gfxSwapBuffersGpu
001098a0 00000074 T osConvertVirtToPhys
00109914 00000054 T osGetTimeRef
00109968 000000ec T osGetTime
00109a54 00000034 T __ctru_speedup_config
00109a88 00000008 t romfs_close
00109a90 000000ac t romfs_seek
00109b3c 00000024 t romfs_dirreset
00109b60 000000c0 t fill_dir
00109c20 000002ac t romfs_dirnext
00109ecc 00000074 t romfs_free
00109f40 000000d0 t searchForFile.constprop.0
0010a010 000000d4 t searchForDir.constprop.0
0010a0e4 000001c0 t navigateToDir.constprop.0
0010a2a4 00000114 t romfs_open
0010a3b8 0000004c t romfs_chdir
0010a404 00000068 t romfs_diropen
0010a46c 00000178 t romfs_stat
0010a5e4 00000008 t romfs_dirclose
0010a5f0 0000007c t romfs_fstat
0010a66c 000000d0 t romfs_read
0010a73c 0000028c T romfsMountFromFile
0010a9c8 00000098 T romfsMountFromCurrentProcess
0010aa60 00000258 T romfsMountSelf
0010acb8 000000ac T romfsMountFromTitle
0010ad64 000000a0 T romfsUnmount
0010ae04 0000013c T GPUCMD_Add
0010af40 000000b0 T GPUCMD_Split
0010aff0 00000034 T f32tof16
0010b024 00000034 T f32tof24
0010b058 00000038 T f32tof31
0010b090 00000010 T GX_BindQueue
0010b0a0 0000007c T GX_ProcessCommandList
0010b11c 00000074 T GX_MemoryFill
0010b190 00000074 T GX_DisplayTransfer
0010b204 00000078 T GX_TextureCopy
0010b27c 00000064 t gxCmdQueueDoCommands.part.0
0010b2e0 000000e4 T gxCmdQueueInterrupt
0010b3c4 00000068 T gxCmdQueueClear
0010b42c 00000108 T gxCmdQueueAdd
0010b534 00000080 T gxCmdQueueRun
0010b5b4 00000064 T gxCmdQueueStop
0010b618 0000008c T gxCmdQueueWait
0010b6a4 000001e0 T shaderInstanceInit
0010b884 00000018 T shaderInstanceGetUniformLocation
0010b89c 0000001c T shaderProgramInit
0010b8b8 00000074 T shaderProgramFree
0010b92c 00000094 T shaderProgramSetVsh
0010b9c0 000008d0 T shaderProgramConfigure
0010c290 000001dc t DVLE_GenerateOutmap.part.0
0010c46c 000001ac T DVLB_ParseFile
0010c618 00000050 T DVLB_Free
0010c668 00000074 T DVLE_GetUniformRegister
0010c6dc 00000158 t ndspUpdateMaster
0010c838 00000108 t ndspFinalize
0010c940 00000254 t ndspInitialize.part.0
0010cb94 00000108 t ndspHookCallback
0010cca0 00000318 t ndspThreadMain
0010cfb8 000003f0 T ndspInit
0010d3a8 000000d8 T ndspExit
0010d480 00000034 T ndspSetOutputMode
0010d4b4 000000e0 T ndspChnReset
0010d594 00000018 T ndspChnSetFormat
0010d5ac 00000050 T ndspChnSetInterp
0010d5fc 00000060 T ndspChnSetRate
0010d65c 00000080 T ndspChnSetMix
0010d6dc 000000c8 T ndspChnWaveBufAdd
0010d7a4 00000040 T ndspiInitChn
0010d7e4 0000002c T ndspiDirtyChn
0010d810 0000043c T ndspiUpdateChn
0010dc4c 00000180 T ndspiReadChnState
0010ddcc 00000180 t aptConvertScreenForCapture
0010df4c 00000138 T aptSendCommand
0010e088 00000044 t aptExitProcess
0010e0cc 00000394 T aptExit
0010e460 000000d8 T aptHandleSleep
0010e538 00000034 T aptHook
0010e56c 00000030 T aptUnhook
0010e59c 00000084 T APT_SleepIfShellClosed
0010e620 00000078 T aptSetSleepAllowed
0010e698 00000084 T APT_UnlockTransition
0010e720 00000470 t aptEventHandler
0010eb90 000000bc T APT_ReceiveParameter
0010ec4c 000000b0 t aptReceiveParameter.constprop.0
0010ed00 00000294 t aptScreenTransfer
0010ef94 000002d0 t aptWaitForWakeUp.isra.0
0010f264 000000f4 T aptJumpToHomeMenu
0010f358 00000058 T aptMainLoop
0010f3b0 00000240 T aptInit
0010f5f0 00000090 T APT_CheckNew3DS
0010f680 00000048 T APT_GetSharedFont
0010f6c8 000000a8 T cfguInit
0010f770 0000003c T cfguExit
0010f7ac 00000038 T CFGU_SecureInfoGetRegion
0010f7e4 0000004c T CFGU_GetConfigInfoBlk2
0010f830 000000a4 t DSP_LoadComponent.part.0
0010f8d4 000000fc T dspInit
0010f9d0 0000008c T dspExit
0010fa5c 00000024 T dspHook
0010fa80 00000030 T dspUnhook
0010fab0 000000b4 T aptDspSleep
0010fb64 000000b4 T aptDspWakeup
0010fc18 00000044 T aptDspCancel
0010fc5c 00000034 T DSP_SetSemaphore
0010fc90 00000034 T DSP_SetSemaphoreMask
0010fcc4 00000038 T DSP_GetSemaphoreHandle
0010fcfc 0000003c T DSP_LoadComponent
0010fd38 00000044 T DSP_RegisterInterruptEvents
0010fd7c 00000078 T DSP_ReadPipeIfPossible
0010fdf4 0000004c T DSP_WriteProcessPipe
0010fe40 00000044 T DSP_ConvertProcessAddressFromDspDram
0010fe84 00000044 T DSP_RecvData
0010fec8 00000050 T DSP_RecvDataIsReady
0010ff18 00000104 T fsInit
0011001c 0000003c T fsExit
00110058 00000068 T fsExemptFromSession
001100c0 00000050 T fsUnexemptFromSession
00110110 000000cc T FSUSER_OpenFile
001101dc 000000cc T FSUSER_OpenFileDirectly
001102a8 000000b8 T FSUSER_DeleteFile
00110360 000000f4 T FSUSER_RenameFile
00110454 000000b8 T FSUSER_DeleteDirectory
0011050c 000000d0 T FSUSER_CreateFile
001105dc 000000c0 T FSUSER_CreateDirectory
0011069c 000000f4 T FSUSER_RenameDirectory
00110790 000000b4 T FSUSER_OpenDirectory
00110844 00000090 T FSUSER_OpenArchive
001108d4 0000008c T FSUSER_CloseArchive
00110960 00000074 T FSUSER_GetSdmcArchiveResource
001109d4 00000064 T FSUSER_IsSdmcWritable
00110a38 00000064 T FSFILE_Read
00110a9c 0000006c T FSFILE_Write
00110b08 00000044 T FSFILE_GetSize
00110b4c 00000028 T FSFILE_SetSize
00110b74 0000003c T FSFILE_Close
00110bb0 00000024 T FSFILE_Flush
00110bd4 00000060 T FSDIR_Read
00110c34 0000003c T FSDIR_Close
00110c70 00000c70 t gspHardwareInit
001118e0 00000280 T gspInit
00111b60 00000110 T gspExit
00111c70 00000010 T gspHasGpuRight
00111c80 000000a4 T gspPresentBuffer
00111d24 00000030 T gspSetEventCallback
00111d54 00000050 T gspWaitForEvent
00111da4 0000004c T gspWaitForAnyEvent
00111df0 00000154 t gspEventThreadMain
00111f44 0000012c T gspSubmitGxCommand
00112070 00000050 T GSPGPU_FlushDataCache
001120c0 00000034 T GSPGPU_SetLcdForceBlack
001120f4 00000080 T GSPGPU_AcquireRight
00112174 0000005c T GSPGPU_ReleaseRight
001121d0 0000007c T GSPGPU_ImportDisplayCaptureInfo
0011224c 0000002c T GSPGPU_SaveVramSysArea
00112278 0000002c T GSPGPU_RestoreVramSysArea
001122a4 00000024 W hidShouldUseIrrst
001122c8 000001cc T hidInit
00112494 000000e8 T hidExit
0011257c 000002a0 T hidScanInput
0011281c 00000010 T hidKeysDown
0011282c 000001a4 T irrstInit
001129d0 000000dc T irrstExit
00112aac 000000b4 T irrstScanInput
00112b60 00000024 T irrstKeysHeld
00112b84 00000078 T ptmSysmInit
00112bfc 0000003c T ptmSysmExit
00112c38 00000034 T PTMSYSM_ConfigureNew3DSCPU
00112c6c 000000e0 t buffer_read
00112d4c 000000cc t iov_read
00112e18 00000164 t iov_memmove
00112f7c 000001e0 t decompress_rle
0011315c 00000264 t decompress_lzss
001133c0 00000418 t decompress_lz11
001137d8 0000031c t decompress_huff.isra.0
00113af4 00000010 T decompressCallback_Stdio
00113b04 000000e4 T decompressHeader
00113be8 0000021c T decompressV
00113e04 00000110 T decompressV_LZ11
00113f14 00000074 T rbtree_find
00113f88 00000010 T rbtree_init
00113f98 00000198 t do_insert
00114130 00000008 T rbtree_insert
00114138 00000310 T rbtree_remove
00114448 00000090 T rbtree_rotate
001144d8 00000140 T decode_utf8
00114618 000000e8 T utf16_to_utf8
00114700 000000c0 T utf8_to_utf16
001147c0 000001e8 W __system_allocateHeaps
001149a8 00000038 W __libctru_init
001149e0 0000016c W __system_initArgv
00114b4c 00000030 T __syscall_getreent
00114b7c 00000064 T __syscall_gettod_r
00114be0 00000004 T __syscall_lock_acquire
00114be4 00000004 T __syscall_lock_release
00114be8 00000004 T __syscall_lock_acquire_recursive
00114bec 00000004 T __syscall_lock_release_recursive
00114bf0 00000004 T __syscall_exit
00114bf4 00000054 T initThreadVars
00114c48 00000080 T __system_initSyscalls
00114cc8 T svcControlMemory
00114ce8 T svcQueryMemory
00114d18 T svcExitProcess
00114d20 T svcCreateThread
00114d40 T svcExitThread
00114d48 T svcSleepThread
00114d50 T svcReleaseMutex
00114d58 T svcCreateEvent
00114d6c T svcSignalEvent
00114d74 T svcClearEvent
00114d7c T svcMapMemoryBlock
00114d84 T svcUnmapMemoryBlock
00114d8c T svcCreateAddressArbiter
00114da0 T svcArbitrateAddressNoTimeout
00114da8 T svcCloseHandle
00114db0 T svcWaitSynchronization
00114db8 T svcWaitSynchronizationN
00114de0 T svcDuplicateHandle
00114df4 T svcGetSystemTick
00114dfc T svcConnectToPort
00114e10 T svcSendSyncRequest
00114e18 T svcGetResourceLimit
00114e2c T svcGetResourceLimitLimitValues
00114e34 T svcGetResourceLimitCurrentValues
00114e3c T svcBreak
00114e44 T __aeabi_read_tp
00114e50 W initSystem
00114ea0 W __ctru_exit
00114eb4 0000008c W envGetHandle
00114f40 00000050 W envDestroyHandles
00114f90 00000164 T srvInit
001150f4 00000064 T srvExit
00115158 00000060 T srvEnableNotification
001151b8 000000a0 T srvGetServiceHandleDirect
00115258 00000048 T srvGetServiceHandle
001152a0 00000034 T srvSubscribe
001152d4 00000060 T srvReceiveNotification
00115334 00000038 T srvPublishToSubscriber
0011536c 0000000c T __sync_init
00115378 00000018 T __sync_fini
00115390 00000028 T syncArbitrateAddress
001153b8 0000001c T LightLock_Init
001153d4 000000ac T LightLock_Lock
00115480 00000040 T LightLock_Unlock
001154c0 00000054 T RecursiveLock_Lock
00115514 00000054 T RecursiveLock_Unlock
00115568 00000044 T LightEvent_Init
001155ac 000000b8 T LightEvent_Clear
00115664 000000dc T LightEvent_Signal
00115740 00000050 T LightEvent_TryWait
00115790 000000ac T LightEvent_Wait
0011583c 000001fc T threadCreate
00115a38 00000038 T threadFree
00115a70 00000024 T threadJoin
00115a94 00000030 T threadGetCurrent
00115ac4 00000040 T threadExit
00115b04 00000020 t _thread_begin
00115b24 00000090 t mappableFindAddressWithin
00115bb4 00000028 T mappableInit
00115bdc 0000007c T mappableAlloc
00115c58 00000004 T mappableFree
00115c5c 0000000c T srvPmGetSessionHandle
00115c68 00000060 T rbtree_node_next
00115cc8 00000054 T decode_utf16
00115d1c 00000054 T encode_utf16
00115d70 000000e0 T encode_utf8
00115e50 00000030 W __appExit
00115e80 00000030 W __appInit
00115eb0 00000090 W __libctru_exit
00115f40 00000014 t archive_link
00115f54 00000014 t archive_dirreset
00115f68 00000014 t archive_chmod
00115f7c 00000024 t error_cmp
00115fa0 00000050 t archive_translate_error
00115ff0 000000c0 t archive_seek
001160b0 00000078 t _archiveInit.part.0
00116128 000000d4 t archiveFindDevice.part.0
001161fc 00000298 t archive_utf16path
00116494 00000098 t _archiveUnmountDeviceStruct.part.0
0011652c 00000014 t archive_statvfs
00116540 00000014 t archive_fchmod
00116554 00000178 t _archiveMountDevice
001166cc 000000f8 t archive_diropen
001167c4 000000ac t archive_fstat
00116870 00000074 t archive_fsync
001168e4 00000074 t archive_close
00116958 00000078 t archive_dirclose
001169d0 000000ec t sdmc_statvfs
00116abc 000000f8 t archive_chdir
00116bb4 0000008c t archive_ftruncate
00116c40 000000bc t archive_read
00116cfc 000000a8 t archive_unlink
00116da4 000000c0 t archive_rmdir
00116e64 000000d8 t archive_mkdir
00116f3c 000001a0 t archive_stat
001170dc 00000164 t archive_dirnext
00117240 0000013c t archive_write
00117380 00000254 t archive_open
001175d4 00000270 t archive_rename
00117844 000001c8 T archiveMountSdmc
00117a0c 00000054 T archiveUnmountAll
00117a60 00000264 T sinf
00117cc4 00000024 t with_errnof
00117ce8 0000001c T __math_invalidf
00117d04 000000c0 T ceilf
00117dc8 0000025c T cosf
00118024 00000130 T __udivmoddi4
00118154 000000d8 T strncmp
0011822c 00000140 T strchr
0011836c 00000144 T _fclose_r
001184b0 00000020 T fclose
001184d0 0000008c T strlen
0011855c 000000d8 T memcmp
00118634 0000001c t stdio_exit_handler
00118650 0000005c t cleanup_stdio
001186ac 00000154 t global_stdio_init.part.0
00118800 00000138 T __sfp
00118938 0000005c T __sinit
00118994 0000000c T __sfp_lock_acquire
001189a0 0000000c T __sfp_lock_release
001189ac 000001ec t _strtoul_l.isra.0
00118b98 0000003c T strtoul
00118bd4 00000084 T __libc_init_array
00118c58 0000009c T strncat
00118cf4 00000070 T _fwalk_sglue
00118d64 00000078 T bsearch
00118ddc 0000000c T __errno
00118de8 00000028 T calloc
00118e10 000008e8 T qsort
001196f8 000000e0 T _puts_r
001197d8 00000020 T puts
001197f8 000000d8 T _calloc_r
001198d0 0000001c T _fseek_r
001198ec 00000034 T fseek
00119920 00000028 T memalign
00119948 0000082c T _malloc_r
0011a174 00000114 T _malloc_trim_r
0011a288 00000314 T _free_r
0011a59c 00000034 T printf
0011a5d0 0000002c T rewind
0011a5fc 0000003c T strnlen
0011a638 00000040 T malloc
0011a678 00000020 T free
0011a698 0000022c T __sflush_r
0011a8c4 000000c4 T _fflush_r
0011a988 00000048 T time
0011a9d0 000000e4 T memset
0011aab4 000004f0 T _realloc_r
0011afa4 00000334 T _fread_r
0011b2d8 00000038 T fread
0011b310 0000000c T __malloc_lock
0011b31c 0000000c T __malloc_unlock
0011b328 00000004 W __call_exitprocs
0011b32c 00000030 T exit
0011b35c 00000294 T setvbuf
0011b5f0 00000134 T _fopen_r
0011b724 00000028 T fopen
0011b74c 000000d4 T strncpy
0011b820 00000034 T ftell
0011b854 0000012c T memcpy
0011b980 000004a4 T __sfvwrite_r
0011be24 00000044 T __sread
0011be68 00000068 T __swrite
0011bed0 00000040 T __sseek
0011bf10 00000008 T __sclose
0011bf18 0000016c T memmove
0011c084 0000016c T _memalign_r
0011c1f0 00000588 T _fseeko_r
0011c778 000005e0 t get_arg
0011cd58 00003554 T _vfprintf_r
001202ac 000000b4 t __sbprintf
00120360 000000e8 T memchr
00120448 000001c0 t quorem
00120608 000013f0 T _dtoa_r
001219f8 000000a0 T _wcrtomb_r
00121a98 000000b8 T __sflags
00121b50 0000003c T __libc_fini_array
00121b8c 00000038 t lflush
00121bc4 000001a8 T __srefill_r
00121d6c 00000164 T __smakebuf_r
00121ed0 00000090 T __swhatbuf_r
00121f60 000001c4 T _ftello_r
00122124 00000028 T _wcsrtombs_r
0012214c 00000140 T __swsetup_r
00122290 00000088 T frexp
00122318 0000005c T __assert_func
00122374 00000088 T _Balloc
001223fc 0000001c T _Bfree
00122418 000000f4 T __multadd
0012250c 00000080 T __hi0bits
0012258c 000000f0 T __lo0bits
0012267c 000000a4 T __i2b
00122720 00000230 T __multiply
00122950 00000130 T __pow5mult
00122a80 00000138 T __lshift
00122bb8 00000058 T __mcmp
00122c10 00000218 T __mdiff
00122e28 00000120 T __d2b
00122f48 00000024 T __locale_mb_cur_max
00122f6c 0000003c T fiprintf
00122fa8 0000015c T _wcsnrtombs_l
00123104 00000064 T _wcsnrtombs_r
00123168 00000340 T __utf8_mbtowc
001234a8 00000030 T __sprint_r
001234d8 00000014 T abort
001234ec 00000024 T _localeconv_r
00123510 000000f8 T __utf8_wctomb
00123608 0000009c T _raise_r
001236a4 00000020 T raise
001236c4 000005e0 t get_arg
00123ca4 000022f8 T _vfiprintf_r
00125f9c 000000b4 t __sbprintf
00126050 00000020 T _exit
00126070 00000140 T chdir
001261b0 000001c8 T _concatenate_path
00126378 0000009c T _fstat_r
00126414 00000014 T _getpid_r
00126428 0000002c T __getreent
00126454 00000030 T _gettimeofday_r
00126484 000000a0 T __release_handle
00126524 000000b0 T __alloc_handle
001265d4 00000058 T __get_handle
0012662c 00000110 T _close_r
0012673c 00000008 t null_write
00126744 00000018 T setDefaultDevice
0012675c 000000c4 T FindDevice
00126820 00000028 T RemoveDevice
00126848 00000098 T AddDevice
001268e0 00000020 T GetDeviceOpTab
00126900 00000008 T _isatty_r
00126908 00000014 T _kill_r
0012691c 00000094 T _lseek_r
001269b0 000000c0 T _open_r
00126a70 00000094 T _read_r
00126b04 00000078 W _sbrk_r
00126b7c 0000001c T __libc_lock_acquire
00126b98 0000001c T __libc_lock_release
00126bb4 0000001c T __libc_lock_acquire_recursive
00126bd0 0000001c T __libc_lock_release_recursive
00126bec 00000094 T _write_r
00126c80 00000048 T strrchr
00126cc8 T _fini
00127290 r .LC2
001273b4 00000008 r s_defaultTint.0
001273bc 00000010 r C2Di_FontPaths
001273cc R render2d_shbin
00127558 R render2d_shbin_end
00127558 R render2d_shbin_size
0012755c 00000004 r depthFmtSizes
00127560 00000005 r colorFmtSizes
00127568 00000010 r CSWTCH.11
00127578 00000038 r CSWTCH.19
00127668 00000080 r dotab_stdout
001276e8 00000018 r grayScale
00127700 00000006 r colorCube
00127708 00000030 r colorTable
00127738 00000080 r romFS_devoptab
001277c4 00000011 r dsp_filename.0
001277f4 00000008 r morton_y.2
001277fc 00000008 r morton_x.3
00127804 00000008 r s_sleepWakeEvents.4
0012780c 0000000c r serviceNameTable.5
0012783c R default_font_bin
0012803c R default_font_bin_end
0012803c 00000030 r error_table
0012806c 00000080 r archive_devoptab
001280ec 00000060 R __inv_pio4
00128150 000000e0 R __sincosf_table
00128230 00000101 R _ctype_
00128458 00000010 r zeroes.0
00128468 00000010 r blanks.1
00128480 0000006c R __action_table
001284ec 0000006c R __state_table
00128558 00000100 R __chclass
00128658 0000000c r p05.0
00128668 00000028 R __mprec_bigtens
00128690 000000c8 R __mprec_tens
00128844 00000010 r zeroes.0
00128854 00000010 r blanks.1
00128864 00000080 R dotab_stdnull
001288e4 R __tdata_align
001288e8 r __EH_FRAME_BEGIN__
001288e8 R __exidx_end
001288e8 R __exidx_start
00129000 00000008 d framerateCounter
00129008 00000004 d framerate
0012900c 00000001 d firstConsoleInit.0
00129010 00000004 D currentConsole
00129014 00000048 D defaultConsole
0012905c 00000004 d queueLock
00129060 00000004 d aptChainloadDeliverArgSize
00129064 00000004 d kCount
00129068 00000004 d kInterval
0012906c 00000004 d kDelay
00129070 W __stacksize__
00129074 0000000c D __sglue
00129080 00000004 D __malloc_sbrk_base
00129084 00000004 D __malloc_trim_threshold
00129088 00000408 D __malloc_av_
00129490 00000004 D _impure_ptr
00129498 00000140 D _impure_data
001295d8 0000016c D __global_locale
00129744 00000400 d _current_working_directory
00129b48 00001000 d handles
0012ab48 0000000c d __stderr_handle
0012ab54 0000000c d __stdout_handle
0012ab60 0000000c d __stdin_handle
0012ab6c 0000008c D devoptab_list
0012abf8 00000004 d defaultDevice
0012ac04 d _GLOBAL_OFFSET_TABLE_
0012ac10 d __frame_dummy_init_array_entry
0012ac10 D __init_array_start
0012ac10 B __preinit_array_end
0012ac10 B __preinit_array_start
0012ac10 D __tdata_lma
0012ac10 D __tdata_lma_end
0012ac14 d __do_global_dtors_aux_fini_array_entry
0012ac14 D __fini_array_start
0012ac14 D __init_array_end
0012ac18 D __bss_start__
0012ac18 D __fini_array_end
0012ac18 00000004 b musicData
0012ac1c 00000018 b musicBuf
0012ac34 b completed.1
0012ac38 b object.0
0012ac50 000005a8 B __C2Di_Context
0012b1f8 00000040 b s_projBot
0012b238 00000040 b s_projTop
0012b278 00000004 b uLoc_mdlvMtx
0012b27c 00000004 b uLoc_projMtx
0012b280 00000004 b s_glyphSheets
0012b284 00000004 b s_textScale
0012b288 0000000c b hookCookie
0012b298 000002d0 B __C3D_Context
0012b568 00000004 b frameEndCbData
0012b56c 00000004 b frameEndCb
0012b570 00000008 b frameCounter
0012b578 00000001 b isTopStereo
0012b579 00000001 b needSwapBot
0012b57a 00000001 b needSwapTop
0012b57b 00000001 b measureGpuTime
0012b57c 00000001 b inSafeTransfer
0012b57d 00000001 b inFrame
0012b580 00000010 b cpuTime
0012b590 00000010 b gpuTime
0012b5a0 0000000c b linkedTarget
0012b5ac 00000004 b lastTarget
0012b5b0 00000004 b firstTarget
0012b5b4 00000008 b C3Di_IVUnifEverDirty
0012b5bc 000000c0 b C3Di_FVUnifEverDirty
0012b67c 00000018 b C3Di_ShaderFVecData
0012b694 00000002 B C3D_BoolUnifsDirty
0012b698 00000008 B C3D_IVUnifDirty
0012b6a0 000000c0 B C3D_FVUnifDirty
0012b760 00000004 B C3D_BoolUnifs
0012b764 00000020 B C3D_IVUnif
0012b784 00000c00 B C3D_FVUnif
0012c388 00000008 b sLinearPool
0012c390 0000000c b sAddrMap
0012c3a0 00000008 b sVramPoolB
0012c3a8 00000008 b sVramPoolA
0012c3b0 0000000c b sAddrMap
0012c3bc 0000001c b escapeSeq
0012c3d8 00000048 B currentCopy
0012c420 00000004 b sharedFontAddr
0012c424 00000004 B g_sharedFont
0012c428 00000004 b screenAlloc
0012c42c 00000004 b screenFree
0012c430 00000002 b gfxIsDoubleBuf
0012c434 00000002 b gfxCurBuf
0012c436 00000001 b gfxIsVram
0012c437 00000001 b gfxTopMode
0012c438 00000002 b gfxFramebufferFormats
0012c43c 00000004 b gfxBottomFramebufferMaxSize
0012c440 00000004 b gfxTopFramebufferMaxSize
0012c448 00000008 b gfxBottomFramebuffers
0012c450 00000008 b gfxTopFramebuffers
0012c458 00000001 V __ctru_speedup
0012c45c 00000004 b romfs_mount_list
0012c460 00000004 V __romfs_path
0012c464 00000004 B gpuCmdBufOffset
0012c468 00000004 B gpuCmdBufSize
0012c46c 00000004 B gpuCmdBuf
0012c470 00000004 b boundQueue
0012c474 00000001 b shouldStop
0012c475 00000001 b isRunning
0012c476 00000001 b isActive
0012c478 00000004 b curQueue
0012c47c 00000004 b ndspRefCount
0012c480 00000048 b ndspMaster
0012c4c8 00000004 b ndspThread
0012c4cc 00000001 b ndspThreadRun
0012c4d0 00001080 b dspVar5Backup
0012d550 00000004 b ndspMutex
0012d554 00000008 b sleepEvent
0012d55c 00000004 b dspSem
0012d560 00000004 b irqEvent
0012d564 00000008 b ndspHookCookie
0012d56c 00000001 b componentFree
0012d56e 00000002 b componentDataMask
0012d570 00000002 b componentProgMask
0012d574 00000004 b componentSize
0012d578 00000004 b componentBin
0012d57c 00000004 b frameCount
0012d580 00000004 b droppedFrames
0012d584 00000001 b bCancelReceived
0012d585 00000001 b bSleeping
0012d586 00000001 b bEnteringSleep
0012d587 00000001 b bDspReady
0012d588 00000080 B ndspVars
0012d608 00000002 B ndspBufferId
0012d60a 00000002 B ndspBufferCurId
0012d60c 00000002 B ndspFrameId
0012d610 00000c60 b ndspChn
0012e270 00000001 b flagValue.0
0012e271 00000001 b flagInit.1
0012e274 00000004 b serviceName.6
0012e278 00000001 b aptChainloadFlags
0012e279 00000001 b aptChainloadMediatype
0012e27c 00000020 b aptChainloadHmac
0012e29c 00000300 b aptChainloadDeliverArg
0012e5a0 00000008 b aptChainloadTid
0012e5a8 00001000 b aptParameters
0012f5a8 00000004 b aptFlags
0012f5ac 00000001 b aptHomeButtonState
0012f5b0 00000004 b aptMessageFuncData
0012f5b4 00000004 b aptMessageFunc
0012f5b8 0000000c b aptFirstHook
0012f5c4 00000001 b aptEventHandlerThreadQuit
0012f5c8 00000004 b aptEventHandlerThread
0012f5cc 00000008 b aptSleepEvent
0012f5d4 00000008 b aptReceiveEvent
0012f5dc 00000008 b aptEvents
0012f5e4 00000004 b aptLockHandle
0012f5e8 00000004 b aptRefCount
0012f5ec 00000004 b cfguRefCount
0012f5f0 00000004 b cfguHandle
0012f5f4 00000002 b dspSavedCompDataMask
0012f5f6 00000002 b dspSavedCompProgMask
0012f5f8 00000004 b dspSavedCompSize
0012f5fc 00000004 b dspSavedCompBin
0012f600 00000001 b dspSleeping
0012f601 00000001 b dspComponentLoaded
0012f604 00000008 b dspFirstHook
0012f60c 00000004 b dspRefCount
0012f610 00000004 b dspHandle
0012f618 00000080 b fsExemptArchives
0012f698 00000004 b fsuRefCount
0012f69c 00000004 b fsuHandle
0012f6a0 00000007 b gspEventCbOneShot
0012f6a8 0000001c b gspEventCbData
0012f6c4 0000001c b gspEventCb
0012f6e0 00000038 b gspEvents
0012f718 00000004 b gspLastEvent
0012f71c 00000001 b gspRunEvents
0012f720 00000004 b gspEventThread
0012f724 00000004 b gspEvent
0012f728 00000001 b gspGpuRight
0012f729 00000001 b gspThreadId
0012f72c 00000004 b gspSharedMem
0012f730 00000004 b gspSharedMemHandle
0012f734 00000004 b gspRefCount
0012f738 00000004 b gspGpuHandle
0012f73c 00000001 b usingIrrst
0012f740 00000004 b hidRefCount
0012f744 00000006 b gRate
0012f74c 00000006 b aVec
0012f754 00000004 b cPos
0012f758 00000004 b tPos
0012f75c 00000004 b kRepeat
0012f760 00000004 b kUp
0012f764 00000004 b kDown
0012f768 00000004 b kHeld
0012f76c 00000004 b kOld
0012f770 00000004 B hidSharedMem
0012f774 00000014 B hidEvents
0012f788 00000004 B hidMemHandle
0012f78c 00000004 B hidHandle
0012f790 00000004 b irrstRefCount
0012f794 00000004 b csPos
0012f798 00000004 b kHeld
0012f79c 00000004 B irrstSharedMem
0012f7a0 00000004 B irrstEvent
0012f7a4 00000004 B irrstMemHandle
0012f7a8 00000004 B irrstHandle
0012f7ac 00000004 b ptmSysmRefCount
0012f7b0 00000004 b ptmSysmHandle
0012f7b4 00000004 V __ctru_linear_heap_size
0012f7b8 00000004 V __ctru_heap_size
0012f7bc 00000004 B __ctru_linear_heap
0012f7c0 00000004 B __ctru_heap
0012f7c4 00000004 B __system_retAddr
0012f7c8 00000004 B __system_argv
0012f7cc 00000004 B __system_argc
0012f7d0 b saved_stack
0012f7d8 00000004 B __3dslink_host
0012f7dc 00000004 b srvRefCount
0012f7e0 00000004 b srvHandle
0012f7e4 00000004 b arbiter
0012f7e8 00000004 b currentAddr
0012f7ec 00000004 b maxAddr
0012f7f0 00000004 b minAddr
0012f7f4 00000004 b srvPmHandle
0012f7f8 000005c0 b archive_devices
0012fdb8 00000004 b archive_device_cwd
0012fdbc 00000001 b archive_initialized
0012fdc0 0000000c b __sfp_recursive_mutex
0012fdd0 00000168 B __sf
0012ff38 00000004 B __stdio_exit_handler
0012ff3c 00000028 B __malloc_current_mallinfo
0012ff64 00000004 B __malloc_max_total_mem
0012ff68 00000004 B __malloc_max_sbrked_mem
0012ff6c 00000004 B __malloc_top_pad
0012ff70 0000000c b __malloc_recursive_mutex
0012ff7c 00000400 b temp_cwd
0013037c 00000004 b __hndl_lock
00130380 00000004 B fake_heap_start
00130384 00000004 B fake_heap_end
00130388 00000004 b heap_start.0
0013038c B __tls_start
00130f94 B __bss_end__
00130f94 A __end__
00130f94 B __tls_end
