         w __deregister_frame_info
         w __register_frame_info
         w userAppExit
         w userAppInit
00000000 00000802 B __ctru_dev_utf16_buf
00000000 A __sync_synchronize
00000000 b _TLS_MODULE_BASE_
00000000 a shift
00000000 a shift
00000804 00000401 B __ctru_dev_path_buf
00100000 A __start__
00100000 T _start
00100008 T __service_ptr
0010000c T __apt_appid
00100010 T __heap_size
00100014 T __linear_heap_size
00100018 T __system_arglist
0010001c T __system_runflags
00100020 t startup
00100058 t ClearMem
0010006c t ClrLoop
00100094 T _init
001000ac t .udivsi3_skip_div0_test
001000ac T __aeabi_uidiv
001000ac 000001ec T __udivsi3
00100298 00000020 T __aeabi_uidivmod
001002b8 T __aeabi_idiv
001002b8 00000220 T __divsi3
001002c0 t .divsi3_skip_div0_test
001004d8 00000020 T __aeabi_idivmod
001004f8 00000004 W __aeabi_idiv0
001004f8 00000004 W __aeabi_ldiv0
001004fc T __aeabi_drsub
00100504 000002b0 T __aeabi_dsub
00100504 000002b0 T __subdf3
00100508 000002ac T __adddf3
00100508 000002ac T __aeabi_dadd
001007b4 00000024 T __aeabi_ui2d
001007b4 00000024 T __floatunsidf
001007d8 00000028 T __aeabi_i2d
001007d8 00000028 T __floatsidf
00100800 00000048 T __aeabi_f2d
00100800 00000048 T __extendsfdf2
00100848 00000074 T __aeabi_ul2d
00100848 00000074 T __floatundidf
0010085c 00000060 T __aeabi_l2d
0010085c 00000060 T __floatdidf
001008bc T __aeabi_ldivmod
001009a8 00000390 T strcmp
00100d30 t __do_global_dtors_aux
00100d80 t frame_dummy
00100dac 00000028 T audioInit
00100dd4 000002f0 T audioPlayMusic
001010c4 00000034 T audioExit
001010f8 00000130 T main
00101228 000002d4 T menuInit
001014fc 00000110 T menuUpdate
0010160c 000000d8 T menuDraw
001016e4 00000048 T menuExit
0010172c 00000044 t C2Di_FrameEndHook
00101770 00000368 T C2D_Init
00101ad8 0000004c T C2D_Fini
00101b24 000000bc T C2D_Prepare
00101be0 00000048 T C2D_Flush
00101c28 000000fc T C2D_SceneSize
00101d24 00000060 T C2D_CreateScreenTarget
00101d84 00000060 T C2D_TargetClear
00101de4 0000014c T C2Di_CalcQuad
00101f30 00000054 T C2Di_AppendQuad
00101f84 00000040 T C2Di_AppendVtx
00101fc4 00000738 T C2Di_Update
001026fc 000002e8 T C2D_DrawImage
001029e4 00000040 T C2D_FontFree
00102a24 000000f8 t C2Di_PostLoadFont
00102b1c 000001b4 T C2D_FontLoadSystem
00102cd0 00000050 T C2D_FontGlyphIndexFromCodePoint
00102d20 00000074 T C2D_FontCalcGlyphPos
00102d94 00000068 T C2D_SpriteSheetLoadFromHandle
00102dfc 00000048 T C2D_SpriteSheetLoad
00102e44 00000028 T C2D_SpriteSheetFree
00102e6c 00000028 T C2D_SpriteSheetGetImage
00102e94 00000018 t C2Di_GlyphComp
00102eac 00000180 t C2Di_CalcLineWidths
0010302c 000001d0 T C2D_TextBufNew
001031fc 00000004 T C2D_TextBufDelete
00103200 000001c4 T C2D_TextFontParseLine
001033c4 000000a4 T C2D_TextFontParse
00103468 00000030 T C2D_TextOptimize
00103498 000000e8 T C2D_TextGetDimensions
00103580 00000fdc T C2D_DrawText
0010455c 00000028 T AttrInfo_Init
00104584 00000094 T AttrInfo_AddLoader
00104618 00000054 T C3D_SetAttrInfo
0010466c 00000080 T C3Di_AttrInfoBind
001046ec 00000004 W C3Di_LightEnvUpdate
001046f0 00000004 W C3Di_LightEnvDirty
001046f4 000000b4 t C3Di_AptEventHook
001047a8 00000004 W C3Di_GasUpdate
001047ac 000001d0 T C3D_Init
0010497c 00000098 T C3D_SetViewport
00104a14 000004e8 T C3Di_UpdateContext
00104efc 000000e0 T C3Di_SplitFrame
00104fdc 00000044 T C3D_Fini
00105020 00000194 T C3D_BindProgram
001051b4 00000024 T BufInfo_Init
001051d8 00000080 T BufInfo_Add
00105258 0000003c T C3D_SetBufInfo
00105294 00000048 T C3Di_BufInfoBind
001052dc 0000021c T C3D_DrawElements
001054f8 00000040 T C3D_DepthMap
00105538 0000001c T C3D_CullFace
00105554 00000040 T C3D_StencilTest
00105594 00000024 T C3D_StencilOp
001055b8 0000001c T C3D_BlendingColor
001055d4 00000024 T C3D_EarlyDepthTest
001055f8 0000002c T C3D_DepthTest
00105624 0000002c T C3D_AlphaTest
00105650 00000050 T C3D_AlphaBlend
001056a0 00000030 T C3D_FragOpMode
001056d0 00000044 T C3D_FragOpShadow
00105714 000001ac T C3Di_EffectBind
001058c0 0000001c T C3D_CalcColorBufSize
001058dc 0000001c T C3D_CalcDepthBufSize
001058f8 00000044 T C3D_SetFrameBuf
0010593c 0000016c T C3Di_FrameBufBind
00105aa8 000000c8 T C3D_FrameBufClear
00105b70 00000044 T C3D_FrameBufTransfer
00105bb4 000000a8 T C3D_ImmSendAttrib
00105c5c 00000070 T C3D_ProcTexInit
00105ccc 00000054 T C3D_ProcTexBind
00105d20 0000005c T C3D_ProcTexLutBind
00105d7c 000000a4 T ProcTexLut_FromArray
00105e20 00000178 T C3Di_ProcTexUpdate
00105f98 00000068 T C3Di_ProcTexDirty
00106000 0000004c t onVBlank0
0010604c 0000004c t onVBlank1
00106098 00000080 t C3Di_RenderTargetDestroy
00106118 000000f4 t onQueueFinish
0010620c 00000038 T C3Di_RenderQueueEnableVBlank
00106244 00000030 T C3Di_RenderQueueDisableVBlank
00106274 00000060 T C3Di_RenderQueueInit
001062d4 000000b4 T C3Di_RenderQueueExit
00106388 00000034 T C3Di_RenderQueueWaitDone
001063bc 000000e8 T C3D_FrameBegin
001064a4 00000048 T C3D_FrameDrawOn
001064ec 00000058 T C3D_FrameSplit
00106544 000001d0 T C3D_FrameEnd
00106714 0000001c T C3D_FrameEndHook
00106730 00000170 T C3D_RenderTargetCreate
001068a0 000000a8 T C3D_RenderTargetSetOutput
00106948 000000fc T C3D_SyncTextureCopy
00106a44 000003d8 t Tex3DSi_ImportCommon
00106e1c 00000038 T Tex3DS_TextureImportStdio
00106e54 0000001c T Tex3DS_GetSubTexture
00106e70 00000004 T Tex3DS_TextureFree
00106e74 00000034 T C3D_GetTexEnv
00106ea8 00000024 T C3Di_TexEnvBind
00106ecc 00000290 T C3D_TexInitWithParams
0010715c 000000c8 T C3D_TexLoadImage
00107224 00000044 T C3D_TexBind
00107268 00000074 T C3D_TexDelete
001072dc 0000014c T C3Di_SetTex
00107428 00000290 T C3D_UpdateUniforms
001076b8 000000c0 T C3Di_DirtyUniforms
00107778 000000d8 T C3Di_LoadShaderUniforms
00107850 00000028 T C3Di_ClearShaderUniforms
00107878 000000cc T Mtx_Ortho
00107944 000000cc T Mtx_OrthoTilt
00107a10 00000024 t addrMapNodeComparator(rbtree_node const*, rbtree_node const*)
00107a34 00000004 t addrMapNodeDestructor(rbtree_node*)
00107a38 0000012c T linearMemAlign
00107b64 00000008 T linearAlloc
00107b6c 0000005c T linearFree
00107bc8 00000088 T MemPool::CoalesceRight(MemBlock*)
00107c50 00000178 T MemPool::Allocate(MemChunk&, unsigned long, int)
00107dc8 00000118 T MemPool::Deallocate(MemChunk const&)
00107ee0 00000030 T MemPool::GetFreeSpace()
00107f10 00000024 t addrMapNodeComparator(rbtree_node const*, rbtree_node const*)
00107f34 00000004 t addrMapNodeDestructor(rbtree_node*)
00107f38 00000248 T vramMemAlignAt
00108180 0000000c T vramAlloc
0010818c 0000000c T vramAllocAt
00108198 00000094 T vramFree
0010822c 000001c8 T consoleDrawChar
001083f4 00000170 T consolePrintChar
00108564 00000cc8 T con_write
0010922c 000000fc t newRow
00109328 00000180 T consoleInit
001094a8 0000009c T fontEnsureMapped
00109544 0000007c T fontFixPointers
001095c0 00000100 T fontGlyphIndexFromCodePoint
001096c0 00000214 T fontCalcGlyphPos
001098d4 000000cc t gfxPresentFramebuffer
001099a0 0000001c T gfxIsWide
001099bc 000000f8 T gfxSetScreenFormat
00109ab4 00000010 T gfxSetDoubleBuffering
00109ac4 000000d8 T gfxInit
00109b9c 00000010 T gfxInitDefault
00109bac 000000b8 T gfxExit
00109c64 000000a0 T gfxGetFramebuffer
00109d04 00000100 T gfxFlushBuffers
00109e04 00000028 T gfxScreenSwapBuffers
00109e2c 00000050 T gfxSwapBuffersGpu
00109e7c 00000074 T osConvertVirtToPhys
00109ef0 00000054 T osGetTimeRef
00109f44 000000ec T osGetTime
0010a030 00000034 T __ctru_speedup_config
0010a064 00000008 t romfs_close
0010a06c 000000ac t romfs_seek
0010a118 00000024 t romfs_dirreset
0010a13c 000000c0 t fill_dir
0010a1fc 000002ac t romfs_dirnext
0010a4a8 00000074 t romfs_free
0010a51c 000000d0 t searchForFile.constprop.0
0010a5ec 000000d4 t searchForDir.constprop.0
0010a6c0 000001c0 t navigateToDir.constprop.0
0010a880 00000114 t romfs_open
0010a994 0000004c t romfs_chdir
0010a9e0 00000068 t romfs_diropen
0010aa48 00000178 t romfs_stat
0010abc0 00000008 t romfs_dirclose
0010abc8 0000007c t romfs_fstat
0010ac44 000000d0 t romfs_read
0010ad14 00000294 T romfsMountFromFile
0010afa8 00000098 T romfsMountFromCurrentProcess
0010b040 00000258 T romfsMountSelf
0010b298 000000ac T romfsMountFromTitle
0010b344 000000a0 T romfsUnmount
0010b3e4 0000013c T GPUCMD_Add
0010b520 000000b0 T GPUCMD_Split
0010b5d0 00000034 T f32tof16
0010b604 00000034 T f32tof24
0010b638 00000038 T f32tof31
0010b670 00000010 T GX_BindQueue
0010b680 0000007c T GX_ProcessCommandList
0010b6fc 00000074 T GX_MemoryFill
0010b770 00000074 T GX_DisplayTransfer
0010b7e4 00000078 T GX_TextureCopy
0010b85c 00000064 t gxCmdQueueDoCommands.part.0
0010b8c0 000000e4 T gxCmdQueueInterrupt
0010b9a4 00000068 T gxCmdQueueClear
0010ba0c 00000108 T gxCmdQueueAdd
0010bb14 00000080 T gxCmdQueueRun
0010bb94 00000064 T gxCmdQueueStop
0010bbf8 000000ac T gxCmdQueueWait
0010bca4 000001e0 T shaderInstanceInit
0010be84 00000018 T shaderInstanceGetUniformLocation
0010be9c 0000001c T shaderProgramInit
0010beb8 00000074 T shaderProgramFree
0010bf2c 00000094 T shaderProgramSetVsh
0010bfc0 000008d0 T shaderProgramConfigure
0010c890 000001dc t DVLE_GenerateOutmap.part.0
0010ca6c 000001ac T DVLB_ParseFile
0010cc18 00000050 T DVLB_Free
0010cc68 00000074 T DVLE_GetUniformRegister
0010ccdc 00000158 t ndspUpdateMaster
0010ce38 00000108 t ndspFinalize
0010cf40 0000025c t ndspInitialize.part.0
0010d19c 00000108 t ndspHookCallback
0010d2a8 00000318 t ndspThreadMain
0010d5c0 000003f0 T ndspInit
0010d9b0 000000d8 T ndspExit
0010da88 00000034 T ndspSetOutputMode
0010dabc 000000e0 T ndspChnReset
0010db9c 00000018 T ndspChnSetFormat
0010dbb4 00000050 T ndspChnSetInterp
0010dc04 00000060 T ndspChnSetRate
0010dc64 00000080 T ndspChnSetMix
0010dce4 000000c8 T ndspChnWaveBufAdd
0010ddac 00000040 T ndspiInitChn
0010ddec 0000002c T ndspiDirtyChn
0010de18 0000043c T ndspiUpdateChn
0010e254 00000180 T ndspiReadChnState
0010e3d4 00000180 t aptConvertScreenForCapture
0010e554 00000138 T aptSendCommand
0010e690 00000044 t aptExitProcess
0010e6d4 00000394 T aptExit
0010ea68 000000d8 T aptHandleSleep
0010eb40 00000034 T aptHook
0010eb74 00000030 T aptUnhook
0010eba4 00000084 T APT_SleepIfShellClosed
0010ec28 00000078 T aptSetSleepAllowed
0010eca0 00000084 T APT_UnlockTransition
0010ed28 00000470 t aptEventHandler
0010f198 000000bc T APT_ReceiveParameter
0010f254 000000b0 t aptReceiveParameter.constprop.0
0010f308 00000294 t aptScreenTransfer
0010f59c 000002d0 t aptWaitForWakeUp.isra.0
0010f86c 000000f4 T aptJumpToHomeMenu
0010f960 00000058 T aptMainLoop
0010f9b8 00000240 T aptInit
0010fbf8 00000090 T APT_CheckNew3DS
0010fc88 00000048 T APT_GetSharedFont
0010fcd0 000000a8 T cfguInit
0010fd78 0000003c T cfguExit
0010fdb4 00000038 T CFGU_SecureInfoGetRegion
0010fdec 0000004c T CFGU_GetConfigInfoBlk2
0010fe38 000000a4 t DSP_LoadComponent.part.0
0010fedc 000000fc T dspInit
0010ffd8 0000008c T dspExit
00110064 00000024 T dspHook
00110088 00000030 T dspUnhook
001100b8 000000b4 T aptDspSleep
0011016c 000000b4 T aptDspWakeup
00110220 00000044 T aptDspCancel
00110264 00000034 T DSP_SetSemaphore
00110298 00000034 T DSP_SetSemaphoreMask
001102cc 00000038 T DSP_GetSemaphoreHandle
00110304 0000003c T DSP_LoadComponent
00110340 00000044 T DSP_RegisterInterruptEvents
00110384 00000078 T DSP_ReadPipeIfPossible
001103fc 0000004c T DSP_WriteProcessPipe
00110448 00000044 T DSP_ConvertProcessAddressFromDspDram
0011048c 00000044 T DSP_RecvData
001104d0 00000050 T DSP_RecvDataIsReady
00110520 00000104 T fsInit
00110624 0000003c T fsExit
00110660 00000068 T fsExemptFromSession
001106c8 00000050 T fsUnexemptFromSession
00110718 000000cc T FSUSER_OpenFile
001107e4 000000cc T FSUSER_OpenFileDirectly
001108b0 000000b8 T FSUSER_DeleteFile
00110968 000000f4 T FSUSER_RenameFile
00110a5c 000000b8 T FSUSER_DeleteDirectory
00110b14 000000d0 T FSUSER_CreateFile
00110be4 000000c0 T FSUSER_CreateDirectory
00110ca4 000000f4 T FSUSER_RenameDirectory
00110d98 000000b4 T FSUSER_OpenDirectory
00110e4c 00000090 T FSUSER_OpenArchive
00110edc 0000008c T FSUSER_CloseArchive
00110f68 00000074 T FSUSER_GetSdmcArchiveResource
00110fdc 00000064 T FSUSER_IsSdmcWritable
00111040 00000064 T FSFILE_Read
001110a4 0000006c T FSFILE_Write
00111110 00000044 T FSFILE_GetSize
00111154 00000028 T FSFILE_SetSize
0011117c 0000003c T FSFILE_Close
001111b8 00000024 T FSFILE_Flush
001111dc 00000060 T FSDIR_Read
0011123c 0000003c T FSDIR_Close
00111278 00000c70 t gspHardwareInit
00111ee8 00000288 T gspInit
00112170 00000104 T gspExit
00112274 00000010 T gspHasGpuRight
00112284 000000a4 T gspPresentBuffer
00112328 00000030 T gspSetEventCallback
00112358 00000050 T gspWaitForEvent
001123a8 0000004c T gspWaitForAnyEvent
001123f4 00000154 t gspEventThreadMain
00112548 0000012c T gspSubmitGxCommand
00112674 00000050 T GSPGPU_FlushDataCache
001126c4 00000034 T GSPGPU_SetLcdForceBlack
001126f8 00000084 T GSPGPU_AcquireRight
0011277c 00000064 T GSPGPU_ReleaseRight
001127e0 0000007c T GSPGPU_ImportDisplayCaptureInfo
0011285c 0000002c T GSPGPU_SaveVramSysArea
00112888 0000002c T GSPGPU_RestoreVramSysArea
001128b4 00000024 W hidShouldUseIrrst
001128d8 000001cc T hidInit
00112aa4 000000e8 T hidExit
00112b8c 000002a0 T hidScanInput
00112e2c 00000010 T hidKeysDown
00112e3c 000001a4 T irrstInit
00112fe0 000000dc T irrstExit
001130bc 000000b4 T irrstScanInput
00113170 00000024 T irrstKeysHeld
00113194 00000078 T ptmSysmInit
0011320c 0000003c T ptmSysmExit
00113248 00000034 T PTMSYSM_ConfigureNew3DSCPU
0011327c 000000e0 t buffer_read
0011335c 000000cc t iov_read
00113428 00000164 t iov_memmove
0011358c 000001e0 t decompress_rle
0011376c 00000264 t decompress_lzss
001139d0 00000418 t decompress_lz11
00113de8 0000033c t decompress_huff.isra.0
00114124 00000010 T decompressCallback_Stdio
00114134 000000e4 T decompressHeader
00114218 0000021c T decompressV
00114434 00000110 T decompressV_LZ11
00114544 00000074 T rbtree_find
001145b8 00000010 T rbtree_init
001145c8 00000198 t do_insert
00114760 00000008 T rbtree_insert
00114768 00000310 T rbtree_remove
00114a78 00000090 T rbtree_rotate
00114b08 00000140 T decode_utf8
00114c48 000000e8 T utf16_to_utf8
00114d30 000000c0 T utf8_to_utf16
00114df0 000001e8 W __system_allocateHeaps
00114fd8 00000038 W __libctru_init
00115010 0000016c W __system_initArgv
0011517c 00000030 T __syscall_getreent
001151ac 00000064 T __syscall_gettod_r
00115210 00000004 T __syscall_lock_acquire
00115214 00000004 T __syscall_lock_release
00115218 00000004 T __syscall_lock_acquire_recursive
0011521c 00000004 T __syscall_lock_release_recursive
00115220 00000004 T __syscall_exit
00115224 00000054 T initThreadVars
00115278 00000080 T __system_initSyscalls
001152f8 T svcControlMemory
00115318 T svcQueryMemory
00115348 T svcExitProcess
00115350 T svcCreateThread
00115370 T svcExitThread
00115378 T svcSleepThread
00115380 T svcReleaseMutex
00115388 T svcCreateEvent
0011539c T svcSignalEvent
001153a4 T svcClearEvent
001153ac T svcMapMemoryBlock
001153b4 T svcUnmapMemoryBlock
001153bc T svcCreateAddressArbiter
001153d0 T svcArbitrateAddressNoTimeout
001153d8 T svcCloseHandle
001153e0 T svcWaitSynchronization
001153e8 T svcWaitSynchronizationN
00115410 T svcDuplicateHandle
00115424 T svcGetSystemTick
0011542c T svcConnectToPort
00115440 T svcSendSyncRequest
00115448 T svcGetResourceLimit
0011545c T svcGetResourceLimitLimitValues
00115464 T svcGetResourceLimitCurrentValues
0011546c T svcBreak
00115474 T __aeabi_read_tp
00115480 W initSystem
001154d0 W __ctru_exit
001154e4 0000008c W envGetHandle
00115570 00000050 W envDestroyHandles
001155c0 00000164 T srvInit
00115724 00000064 T srvExit
00115788 00000060 T srvEnableNotification
001157e8 000000a0 T srvGetServiceHandleDirect
00115888 00000048 T srvGetServiceHandle
001158d0 00000034 T srvSubscribe
00115904 00000060 T srvReceiveNotification
00115964 00000038 T srvPublishToSubscriber
0011599c 0000000c T __sync_init
001159a8 00000018 T __sync_fini
001159c0 00000028 T syncArbitrateAddress
001159e8 0000001c T LightLock_Init
00115a04 000000ac T LightLock_Lock
00115ab0 00000040 T LightLock_Unlock
00115af0 00000054 T RecursiveLock_Lock
00115b44 00000054 T RecursiveLock_Unlock
00115b98 00000044 T LightEvent_Init
00115bdc 000000b8 T LightEvent_Clear
00115c94 000000dc T LightEvent_Signal
00115d70 00000050 T LightEvent_TryWait
00115dc0 000000ac T LightEvent_Wait
00115e6c 000001fc T threadCreate
00116068 00000038 T threadFree
001160a0 00000024 T threadJoin
001160c4 00000030 T threadGetCurrent
001160f4 00000040 T threadExit
00116134 00000020 t _thread_begin
00116154 00000090 t mappableFindAddressWithin
001161e4 00000028 T mappableInit
0011620c 0000007c T mappableAlloc
00116288 00000004 T mappableFree
0011628c 0000000c T srvPmGetSessionHandle
00116298 00000060 T rbtree_node_next
001162f8 00000054 T decode_utf16
0011634c 00000054 T encode_utf16
001163a0 000000e0 T encode_utf8
00116480 00000030 W __appExit
001164b0 00000030 W __appInit
001164e0 00000090 W __libctru_exit
00116570 00000024 t error_cmp
00116594 00000050 t archive_translate_error
001165e4 000000c0 t archive_seek
001166a4 00000078 t _archiveInit.part.0
0011671c 00000110 t archiveFindDevice.part.0
0011682c 00000298 t archive_utf16path
00116ac4 00000098 t _archiveUnmountDeviceStruct.part.0
00116b5c 00000178 t _archiveMountDevice
00116cd4 000000f8 t archive_diropen
00116dcc 000000ac t archive_fstat
00116e78 00000074 t archive_fsync
00116eec 00000074 t archive_close
00116f60 00000078 t archive_dirclose
00116fd8 000000ec t sdmc_statvfs
001170c4 000000f8 t archive_chdir
001171bc 0000008c t archive_ftruncate
00117248 000000bc t archive_read
00117304 000000a8 t archive_unlink
001173ac 000000c0 t archive_rmdir
0011746c 000000d8 t archive_mkdir
00117544 000001a0 t archive_stat
001176e4 00000164 t archive_dirnext
00117848 0000013c t archive_write
00117988 00000254 t archive_open
00117bdc 00000270 t archive_rename
00117e4c 000001c8 T archiveMountSdmc
00118014 00000054 T archiveUnmountAll
00118068 00000264 T sinf
001182cc 00000024 t with_errnof
001182f0 0000001c T __math_invalidf
0011830c 000000c0 T ceilf
001183d0 0000025c T cosf
0011862c 00000130 T __udivmoddi4
0011875c 000000e4 T strncat
00118840 00000034 T ftell
00118874 00000128 T memcpy
0011899c 0000008c T strlen
00118a28 00000334 T _fread_r
00118d5c 00000038 T fread
00118d94 00000078 T bsearch
00118e0c 00000134 T _fopen_r
00118f40 00000028 T fopen
00118f68 00000028 T memalign
00118f90 000001ec t _strtoul_l.isra.0
0011917c 0000003c T strtoul
001191b8 00000140 T strchr
001192f8 000000d8 T memcmp
001193d0 00000028 T calloc
001193f8 0000016c T _memalign_r
00119564 0000000c T __errno
00119570 00000164 T __smakebuf_r
001196d4 00000090 T __swhatbuf_r
00119764 000000e4 T memset
00119848 000000d8 T _calloc_r
00119920 0000022c T __sflush_r
00119b4c 000000c4 T _fflush_r
00119c10 000008e8 T qsort
0011a4f8 000001c4 T _ftello_r
0011a6bc 0000082c T _malloc_r
0011aee8 00000114 T _malloc_trim_r
0011affc 00000314 T _free_r
0011b310 00000294 T setvbuf
0011b5a4 0000001c t stdio_exit_handler
0011b5c0 0000005c t cleanup_stdio
0011b61c 00000154 t global_stdio_init.part.0
0011b770 00000138 T __sfp
0011b8a8 0000005c T __sinit
0011b904 0000000c T __sfp_lock_acquire
0011b910 0000000c T __sfp_lock_release
0011b91c 00000084 T __libc_init_array
0011b9a0 000000d4 T strncpy
0011ba74 0000001c T _fseek_r
0011ba90 00000034 T fseek
0011bac4 00000040 T malloc
0011bb04 00000020 T free
0011bb24 000000e0 T _puts_r
0011bc04 00000020 T puts
0011bc24 00000044 T __sread
0011bc68 00000068 T __swrite
0011bcd0 00000040 T __sseek
0011bd10 00000008 T __sclose
0011bd18 000004f0 T _realloc_r
0011c208 0000000c T __malloc_lock
0011c214 0000000c T __malloc_unlock
0011c220 00000588 T _fseeko_r
0011c7a8 00000148 T _fclose_r
0011c8f0 00000020 T fclose
0011c910 00000048 T time
0011c958 00000004 W __call_exitprocs
0011c95c 00000030 T exit
0011c98c 000000b8 T __sflags
0011ca44 0000003c T __libc_fini_array
0011ca80 0000003c T strnlen
0011cabc 0000002c T rewind
0011cae8 000000d8 T strncmp
0011cbc0 00000038 t lflush
0011cbf8 000001a8 T __srefill_r
0011cda0 00000070 T _fwalk_sglue
0011ce10 000004a4 T __sfvwrite_r
0011d2b4 000000e8 T memchr
0011d39c 00000140 T __swsetup_r
0011d4dc 000001a8 T memmove
0011d684 00000020 T _exit
0011d6a4 00000140 T chdir
0011d7e4 000001c8 T _concatenate_path
0011d9ac 0000009c T _fstat_r
0011da48 0000002c T __getreent
0011da74 00000030 T _gettimeofday_r
0011daa4 000000a0 T __release_handle
0011db44 000000b0 T __alloc_handle
0011dbf4 00000058 T __get_handle
0011dc4c 00000110 T _close_r
0011dd5c 00000008 t null_write
0011dd64 00000018 T setDefaultDevice
0011dd7c 00000098 T FindDevice
0011de14 00000024 T RemoveDevice
0011de38 00000088 T AddDevice
0011dec0 00000020 T GetDeviceOpTab
0011dee0 00000008 T _isatty_r
0011dee8 00000094 T _lseek_r
0011df7c 000000c0 T _open_r
0011e03c 00000094 T _read_r
0011e0d0 00000078 W _sbrk_r
0011e148 0000001c T __libc_lock_acquire
0011e164 0000001c T __libc_lock_release
0011e180 0000001c T __libc_lock_acquire_recursive
0011e19c 0000001c T __libc_lock_release_recursive
0011e1b8 00000094 T _write_r
0011e24c 00000048 T strrchr
0011e294 T _fini
0011f014 00000008 r s_defaultTint.0
0011f01c 00000010 r C2Di_FontPaths
0011f390 R render2d_shbin
0011f51c 00000004 r depthFmtSizes
0011f51c R render2d_shbin_end
0011f520 00000005 r colorFmtSizes
0011f528 00000010 r CSWTCH.11
0011f538 00000038 r CSWTCH.19
0011f7b4 00000080 r dotab_stdout
0011f834 00000018 r grayScale
0011f84c 00000006 r colorCube
0011f854 00000030 r colorTable
0011f884 00000080 r romFS_devoptab
0011f910 00000011 r dsp_filename.0
0011f940 00000008 r morton_y.2
0011f948 00000008 r morton_x.3
0011f950 00000008 r s_sleepWakeEvents.4
0011f958 0000000c r serviceNameTable.5
0011f988 R default_font_bin
00120188 R default_font_bin_end
00120188 00000030 r error_table
001201b8 00000080 r archive_devoptab
00120238 00000060 R __inv_pio4
00120298 000000e0 R __sincosf_table
00120378 00000101 R _ctype_
0012047c 00000080 R dotab_stdnull
001204fc R __tdata_align
00120500 r __EH_FRAME_BEGIN__
00120500 R __exidx_end
00120500 R __exidx_start
00121000 00000008 d framerateCounter
00121008 00000004 d framerate
0012100c 00000001 d firstConsoleInit.0
00121010 00000004 D currentConsole
00121014 00000048 D defaultConsole
0012105c 00000004 d queueLock
00121060 00000004 d aptChainloadDeliverArgSize
00121064 00000004 d kCount
00121068 00000004 d kInterval
0012106c 00000004 d kDelay
00121070 W __stacksize__
00121074 00000004 D _impure_ptr
00121078 00000200 D _impure_data
00121278 00000004 D __malloc_sbrk_base
0012127c 00000004 D __malloc_trim_threshold
00121280 00000408 D __malloc_av_
00121688 0000000c D __sglue
00121694 00000400 d _current_working_directory
00121a98 00001000 d handles
00122a98 0000000c d __stderr_handle
00122aa4 0000000c d __stdout_handle
00122ab0 0000000c d __stdin_handle
00122abc 0000008c D devoptab_list
00122b48 00000004 d defaultDevice
00122b54 d _GLOBAL_OFFSET_TABLE_
00122b60 d __frame_dummy_init_array_entry
00122b60 D __init_array_start
00122b60 B __preinit_array_end
00122b60 B __preinit_array_start
00122b60 D __tdata_lma
00122b60 D __tdata_lma_end
00122b64 d __do_global_dtors_aux_fini_array_entry
00122b64 D __fini_array_start
00122b64 D __init_array_end
00122b68 D __bss_start__
00122b68 D __fini_array_end
00122b68 00000004 b musicData
00122b6c 00000018 b musicBuf
00122b84 00000004 b top
00122b88 00000004 b spriteSheet
00122b8c 00000028 b wizardsUnited
00122bb4 00000028 b titleLogo
00122bdc 00000028 b selectionArrow
00122c04 00000004 b textBuf
00122c08 00000004 b font
00122c0c 00000070 b labels
00122c7c 00000010 b labelX
00122c8c 00000010 b labelY
00122c9c 00000010 b labelH
00122cac 00000004 b selectedIndex
00122cb0 000005a8 B __C2Di_Context
00123258 00000040 b s_projTop
00123298 00000040 b s_projBot
001232d8 00000004 b uLoc_mdlvMtx
001232dc 00000004 b uLoc_projMtx
001232e0 00000004 b s_glyphSheets
001232e4 00000004 b s_textScale
001232e8 b completed.1
001232ec b object.0
00123304 0000000c b hookCookie
00123310 000002d0 B __C3D_Context
001235e0 00000004 b frameEndCbData
001235e4 00000004 b frameEndCb
001235e8 00000008 b frameCounter
001235f0 00000001 b isTopStereo
001235f1 00000001 b needSwapBot
001235f2 00000001 b needSwapTop
001235f3 00000001 b measureGpuTime
001235f4 00000001 b inSafeTransfer
001235f5 00000001 b inFrame
001235f8 00000010 b cpuTime
00123608 00000010 b gpuTime
00123618 0000000c b linkedTarget
00123624 00000004 b lastTarget
00123628 00000004 b firstTarget
0012362c 00000008 b C3Di_IVUnifEverDirty
00123634 000000c0 b C3Di_FVUnifEverDirty
001236f4 00000018 b C3Di_ShaderFVecData
0012370c 00000002 B C3D_BoolUnifsDirty
00123710 00000008 B C3D_IVUnifDirty
00123718 000000c0 B C3D_FVUnifDirty
001237d8 00000004 B C3D_BoolUnifs
001237dc 00000020 B C3D_IVUnif
001237fc 00000c00 B C3D_FVUnif
00124400 00000008 b sLinearPool
00124408 0000000c b sAddrMap
00124418 00000008 b sVramPoolB
00124420 00000008 b sVramPoolA
00124428 0000000c b sAddrMap
00124434 00000064 b escapeSeq
00124498 00000048 B currentCopy
001244e0 00000004 b sharedFontAddr
001244e4 00000004 B g_sharedFont
001244e8 00000004 b screenAlloc
001244ec 00000004 b screenFree
001244f0 00000002 b gfxIsDoubleBuf
001244f4 00000002 b gfxCurBuf
001244f6 00000001 b gfxIsVram
001244f7 00000001 b gfxTopMode
001244f8 00000002 b gfxFramebufferFormats
001244fc 00000004 b gfxBottomFramebufferMaxSize
00124500 00000004 b gfxTopFramebufferMaxSize
00124508 00000008 b gfxBottomFramebuffers
00124510 00000008 b gfxTopFramebuffers
00124518 00000001 V __ctru_speedup
0012451c 00000004 b romfs_mount_list
00124520 00000004 V __romfs_path
00124524 00000004 B gpuCmdBufOffset
00124528 00000004 B gpuCmdBufSize
0012452c 00000004 B gpuCmdBuf
00124530 00000004 b boundQueue
00124534 00000001 b shouldStop
00124535 00000001 b isRunning
00124536 00000001 b isActive
00124538 00000004 b curQueue
0012453c 00000004 b ndspRefCount
00124540 00000048 b ndspMaster
00124588 00000004 b ndspThread
0012458c 00000001 b ndspThreadRun
00124590 00001080 b dspVar5Backup
00125610 00000004 b ndspMutex
00125614 00000008 b sleepEvent
0012561c 00000004 b dspSem
00125620 00000004 b irqEvent
00125624 00000008 b ndspHookCookie
0012562c 00000001 b componentFree
0012562e 00000002 b componentDataMask
00125630 00000002 b componentProgMask
00125634 00000004 b componentSize
00125638 00000004 b componentBin
0012563c 00000004 b frameCount
00125640 00000004 b droppedFrames
00125644 00000001 b bCancelReceived
00125645 00000001 b bSleeping
00125646 00000001 b bEnteringSleep
00125647 00000001 b bDspReady
00125648 00000080 B ndspVars
001256c8 00000002 B ndspBufferId
001256ca 00000002 B ndspBufferCurId
001256cc 00000002 B ndspFrameId
001256d0 00000c60 b ndspChn
00126330 00000001 b flagValue.0
00126331 00000001 b flagInit.1
00126334 00000004 b serviceName.6
00126338 00000001 b aptChainloadFlags
00126339 00000001 b aptChainloadMediatype
0012633c 00000020 b aptChainloadHmac
0012635c 00000300 b aptChainloadDeliverArg
00126660 00000008 b aptChainloadTid
00126668 00001000 b aptParameters
00127668 00000004 b aptFlags
0012766c 00000001 b aptHomeButtonState
00127670 00000004 b aptMessageFuncData
00127674 00000004 b aptMessageFunc
00127678 0000000c b aptFirstHook
00127684 00000001 b aptEventHandlerThreadQuit
00127688 00000004 b aptEventHandlerThread
0012768c 00000008 b aptSleepEvent
00127694 00000008 b aptReceiveEvent
0012769c 00000008 b aptEvents
001276a4 00000004 b aptLockHandle
001276a8 00000004 b aptRefCount
001276ac 00000004 b cfguRefCount
001276b0 00000004 b cfguHandle
001276b4 00000002 b dspSavedCompDataMask
001276b6 00000002 b dspSavedCompProgMask
001276b8 00000004 b dspSavedCompSize
001276bc 00000004 b dspSavedCompBin
001276c0 00000001 b dspSleeping
001276c1 00000001 b dspComponentLoaded
001276c4 00000008 b dspFirstHook
001276cc 00000004 b dspRefCount
001276d0 00000004 b dspHandle
001276d8 00000080 b fsExemptArchives
00127758 00000004 b fsuRefCount
0012775c 00000004 b fsuHandle
00127760 00000007 b gspEventCbOneShot
00127768 0000001c b gspEventCbData
00127784 0000001c b gspEventCb
001277a0 00000038 b gspEvents
001277d8 00000004 b gspLastEvent
001277dc 00000001 b gspRunEvents
001277e0 00000004 b gspEventThread
001277e4 00000004 b gspEvent
001277e8 00000001 b gspGpuRight
001277e9 00000001 b gspThreadId
001277ec 00000004 b gspSharedMem
001277f0 00000004 b gspSharedMemHandle
001277f4 00000004 b gspRefCount
001277f8 00000004 b gspGpuHandle
001277fc 00000001 b usingIrrst
00127800 00000004 b hidRefCount
00127804 00000006 b gRate
0012780c 00000006 b aVec
00127814 00000004 b cPos
00127818 00000004 b tPos
0012781c 00000004 b kRepeat
00127820 00000004 b kUp
00127824 00000004 b kDown
00127828 00000004 b kHeld
0012782c 00000004 b kOld
00127830 00000004 B hidSharedMem
00127834 00000014 B hidEvents
00127848 00000004 B hidMemHandle
0012784c 00000004 B hidHandle
00127850 00000004 b irrstRefCount
00127854 00000004 b csPos
00127858 00000004 b kHeld
0012785c 00000004 B irrstSharedMem
00127860 00000004 B irrstEvent
00127864 00000004 B irrstMemHandle
00127868 00000004 B irrstHandle
0012786c 00000004 b ptmSysmRefCount
00127870 00000004 b ptmSysmHandle
00127874 00000004 V __ctru_linear_heap_size
00127878 00000004 V __ctru_heap_size
0012787c 00000004 B __ctru_linear_heap
00127880 00000004 B __ctru_heap
00127884 00000004 B __system_retAddr
00127888 00000004 B __system_argv
0012788c 00000004 B __system_argc
00127890 b saved_stack
00127898 00000004 B __3dslink_host
0012789c 00000004 b srvRefCount
001278a0 00000004 b srvHandle
001278a4 00000004 b arbiter
001278a8 00000004 b currentAddr
001278ac 00000004 b maxAddr
001278b0 00000004 b minAddr
001278b4 00000004 b srvPmHandle
001278b8 000005c0 b archive_devices
00127e78 00000004 b archive_device_cwd
00127e7c 00000001 b archive_initialized
00127e80 00000028 B __malloc_current_mallinfo
00127ea8 00000004 B __malloc_max_total_mem
00127eac 00000004 B __malloc_max_sbrked_mem
00127eb0 00000004 B __malloc_top_pad
00127eb4 0000000c b __sfp_recursive_mutex
00127ec0 00000168 B __sf
00128028 00000004 B __stdio_exit_handler
0012802c 0000000c b __malloc_recursive_mutex
00128038 00000400 b temp_cwd
00128438 00000004 b __hndl_lock
0012843c 00000004 B fake_heap_start
00128440 00000004 B fake_heap_end
00128444 00000004 b heap_start.0
00128448 B __tls_start
00129050 B __bss_end__
00129050 A __end__
00129050 B __tls_end
