Archive member included to satisfy reference by file (symbol)

C:/devkitPro/libctru/lib\libcitro2d.a(base.o)
                              main.o (C2D_Init)
C:/devkitPro/libctru/lib\libcitro2d.a(font.o)
                              menu.o (C2D_FontLoadSystem)
C:/devkitPro/libctru/lib\libcitro2d.a(spritesheet.o)
                              menu.o (C2D_SpriteSheetLoad)
C:/devkitPro/libctru/lib\libcitro2d.a(text.o)
                              menu.o (C2D_TextBufNew)
C:/devkitPro/libctru/lib\libcitro2d.a(render2d_shbin.o)
                              C:/devkitPro/libctru/lib\libcitro2d.a(base.o) (render2d_shbin)
C:/devkitPro/libctru/lib\libcitro3d.a(attribs.o)
                              C:/devkitPro/libctru/lib\libcitro2d.a(base.o) (AttrInfo_Init)
C:/devkitPro/libctru/lib\libcitro3d.a(base.o)
                              C:/devkitPro/libctru/lib\libcitro3d.a(attribs.o) (__C3D_Context)
C:/devkitPro/libctru/lib\libcitro3d.a(buffers.o)
                              C:/devkitPro/libctru/lib\libcitro2d.a(base.o) (BufInfo_Init)
C:/devkitPro/libctru/lib\libcitro3d.a(drawElements.o)
                              C:/devkitPro/libctru/lib\libcitro2d.a(base.o) (C3D_DrawElements)
C:/devkitPro/libctru/lib\libcitro3d.a(effect.o)
                              C:/devkitPro/libctru/lib\libcitro3d.a(base.o) (C3D_DepthMap)
C:/devkitPro/libctru/lib\libcitro3d.a(framebuffer.o)
                              C:/devkitPro/libctru/lib\libcitro3d.a(base.o) (C3Di_FrameBufBind)
C:/devkitPro/libctru/lib\libcitro3d.a(immediate.o)
                              C:/devkitPro/libctru/lib\libcitro3d.a(base.o) (C3D_ImmSendAttrib)
C:/devkitPro/libctru/lib\libcitro3d.a(proctex.o)
                              C:/devkitPro/libctru/lib\libcitro2d.a(base.o) (C3D_ProcTexInit)
C:/devkitPro/libctru/lib\libcitro3d.a(renderqueue.o)
                              C:/devkitPro/libctru/lib\libcitro3d.a(base.o) (C3Di_RenderQueueEnableVBlank)
C:/devkitPro/libctru/lib\libcitro3d.a(tex3ds.o)
                              C:/devkitPro/libctru/lib\libcitro2d.a(spritesheet.o) (Tex3DS_TextureImport)
C:/devkitPro/libctru/lib\libcitro3d.a(texenv.o)
                              C:/devkitPro/libctru/lib\libcitro2d.a(base.o) (C3D_GetTexEnv)
C:/devkitPro/libctru/lib\libcitro3d.a(texture.o)
                              C:/devkitPro/libctru/lib\libcitro3d.a(tex3ds.o) (C3D_TexInitWithParams)
C:/devkitPro/libctru/lib\libcitro3d.a(uniforms.o)
                              C:/devkitPro/libctru/lib\libcitro3d.a(base.o) (C3D_UpdateUniforms)
C:/devkitPro/libctru/lib\libcitro3d.a(mtx_multiply.o)
                              C:/devkitPro/libctru/lib\libcitro2d.a(base.o) (Mtx_Multiply)
C:/devkitPro/libctru/lib\libcitro3d.a(mtx_ortho.o)
                              C:/devkitPro/libctru/lib\libcitro2d.a(base.o) (Mtx_Ortho)
C:/devkitPro/libctru/lib\libcitro3d.a(mtx_orthotilt.o)
                              C:/devkitPro/libctru/lib\libcitro2d.a(base.o) (Mtx_OrthoTilt)
C:/devkitPro/libctru/lib\libcitro3d.a(mtx_rotatez.o)
                              C:/devkitPro/libctru/lib\libcitro2d.a(base.o) (Mtx_RotateZ)
C:/devkitPro/libctru/lib\libcitro3d.a(mtx_scale.o)
                              C:/devkitPro/libctru/lib\libcitro2d.a(base.o) (Mtx_Scale)
C:/devkitPro/libctru/lib\libcitro3d.a(mtx_translate.o)
                              C:/devkitPro/libctru/lib\libcitro2d.a(base.o) (Mtx_Translate)
C:/devkitPro/libctru/lib\libctru.a(linear.o)
                              audio_core.o (linearAlloc)
C:/devkitPro/libctru/lib\libctru.a(mem_pool.o)
                              C:/devkitPro/libctru/lib\libctru.a(linear.o) (MemPool::Allocate(MemChunk&, unsigned long, int))
C:/devkitPro/libctru/lib\libctru.a(vram.o)
                              C:/devkitPro/libctru/lib\libcitro3d.a(renderqueue.o) (vramAlloc)
C:/devkitPro/libctru/lib\libctru.a(console.o)
                              main.o (consoleInit)
C:/devkitPro/libctru/lib\libctru.a(font.o)
                              C:/devkitPro/libctru/lib\libcitro2d.a(font.o) (fontEnsureMapped)
C:/devkitPro/libctru/lib\libctru.a(gfx.o)
                              C:/devkitPro/libctru/lib\libcitro2d.a(base.o) (gfxIsWide)
C:/devkitPro/libctru/lib\libctru.a(os.o)
                              C:/devkitPro/libctru/lib\libcitro3d.a(buffers.o) (osConvertVirtToPhys)
C:/devkitPro/libctru/lib\libctru.a(romfs_dev.o)
                              main.o (romfsMountSelf)
C:/devkitPro/libctru/lib\libctru.a(gpu.o)
                              C:/devkitPro/libctru/lib\libcitro3d.a(renderqueue.o) (gpuCmdBuf)
C:/devkitPro/libctru/lib\libctru.a(gx.o)
                              C:/devkitPro/libctru/lib\libcitro3d.a(renderqueue.o) (GX_BindQueue)
C:/devkitPro/libctru/lib\libctru.a(gxqueue.o)
                              C:/devkitPro/libctru/lib\libcitro3d.a(renderqueue.o) (gxCmdQueueClear)
C:/devkitPro/libctru/lib\libctru.a(shaderProgram.o)
[...]
Memory Configuration

Name             Origin             Length             Attributes
*default*        0x00000000         0xffffffff

Linker script and memory map

                0x00000000                        __sync_synchronize = __sync_synchronize_dmb
                0x00100000                        PROVIDE (__start__ = 0x100000)
                0x00100000                        . = __start__

.text           0x00100000    0x1e2ac
 *(.crt0)
 .crt0          0x00100000       0x94 C:/devkitPro/devkitARM/bin/../lib/gcc/arm-none-eabi/16.1.0/../../../../arm-none-eabi/lib/armv6k/fpu/3dsx_crt0.o
                0x00100000                _start
                0x00100008                __service_ptr
                0x0010000c                __apt_appid
                0x00100010                __heap_size
                0x00100014                __linear_heap_size
                0x00100018                __system_arglist
                0x0010001c                __system_runflags
 *(.init)
 .init          0x00100094        0xc C:/devkitPro/devkitARM/bin/../lib/gcc/arm-none-eabi/16.1.0/armv6k/fpu/crti.o
                0x00100094                _init
 .init          0x001000a0        0xc C:/devkitPro/devkitARM/bin/../lib/gcc/arm-none-eabi/16.1.0/armv6k/fpu/crtn.o
                0x001000ac                        . = ALIGN (0x4)
 *(.text)
 .text          0x001000ac      0x20c C:/devkitPro/devkitARM/bin/../lib/gcc/arm-none-eabi/16.1.0/armv6k/fpu\libgcc.a(_udivsi3.o)
                0x001000ac                __aeabi_uidiv
                0x001000ac                __udivsi3
                0x00100298                __aeabi_uidivmod
 .text          0x001002b8      0x240 C:/devkitPro/devkitARM/bin/../lib/gcc/arm-none-eabi/16.1.0/armv6k/fpu\libgcc.a(_divsi3.o)
                0x001002b8                __divsi3
                0x001002b8                __aeabi_idiv
                0x001004d8                __aeabi_idivmod
 .text          0x001004f8        0x4 C:/devkitPro/devkitARM/bin/../lib/gcc/arm-none-eabi/16.1.0/armv6k/fpu\libgcc.a(_dvmd_tls.o)
                0x001004f8                __aeabi_idiv0
                0x001004f8                __aeabi_ldiv0
 .text          0x001004fc      0x3c0 C:/devkitPro/devkitARM/bin/../lib/gcc/arm-none-eabi/16.1.0/armv6k/fpu\libgcc.a(_arm_addsubdf3.o)
                0x001004fc                __aeabi_drsub
                0x00100504                __aeabi_dsub
                0x00100504                __subdf3
                0x00100508                __aeabi_dadd
                0x00100508                __adddf3
                0x001007b4                __floatunsidf
                0x001007b4                __aeabi_ui2d
                0x001007d8                __floatsidf
                0x001007d8                __aeabi_i2d
                0x00100800                __aeabi_f2d
                0x00100800                __extendsfdf2
                0x00100848                __floatundidf
                0x00100848                __aeabi_ul2d
                0x0010085c                __floatdidf
                0x0010085c                __aeabi_l2d
 .text          0x001008bc       0xd4 C:/devkitPro/devkitARM/bin/../lib/gcc/arm-none-eabi/16.1.0/armv6k/fpu\libgcc.a(_aeabi_ldivmod.o)
                0x001008bc                __aeabi_ldivmod
 *fill*         0x00100990       0x10 
 .text          0x001009a0      0x390 C:/devkitPro/devkitARM/bin/../lib/gcc/arm-none-eabi/16.1.0/../../../../arm-none-eabi/lib/armv6k/fpu\libg.a(libc_a-strcmp.o)
                0x001009a8                strcmp
 *(.text.*)
 .text.__do_global_dtors_aux
                0x00100d30       0x50 C:/devkitPro/devkitARM/bin/../lib/gcc/arm-none-eabi/16.1.0/armv6k/fpu/crtbegin.o
 .text.frame_dummy
                0x00100d80       0x2c C:/devkitPro/devkitARM/bin/../lib/gcc/arm-none-eabi/16.1.0/armv6k/fpu/crtbegin.o
 .text.audioInit
                0x00100dac       0x28 audio_core.o
                0x00100dac                audioInit
 .text.audioPlayMusic
                0x00100dd4      0x2f0 audio_core.o
                0x00100dd4                audioPlayMusic
 .text.audioExit
                0x001010c4       0x34 audio_core.o
                0x001010c4                audioExit
 .text.startup.main
                0x001010f8      0x130 main.o
                0x001010f8                main
 .text.menuInit
                0x00101228      0x2d4 menu.o
                0x00101228                menuInit
 .text.menuUpdate
                0x001014fc      0x110 menu.o
                0x001014fc                menuUpdate
 .text.menuDraw
                0x0010160c       0xd8 menu.o
                0x0010160c                menuDraw
 .text.menuExit
                0x001016e4       0x48 menu.o
                0x001016e4                menuExit
 .text.C2Di_FrameEndHook
                0x0010172c       0x44 C:/devkitPro/libctru/lib\libcitro2d.a(base.o)
 .text.C2D_Init
                0x00101770      0x368 C:/devkitPro/libctru/lib\libcitro2d.a(base.o)
                0x00101770                C2D_Init
 .text.C2D_Fini
                0x00101ad8       0x4c C:/devkitPro/libctru/lib\libcitro2d.a(base.o)
                0x00101ad8                C2D_Fini
 .text.C2D_Prepare
                0x00101b24       0xbc C:/devkitPro/libctru/lib\libcitro2d.a(base.o)
                0x00101b24                C2D_Prepare
 .text.C2D_Flush
                0x00101be0       0x48 C:/devkitPro/libctru/lib\libcitro2d.a(base.o)
                0x00101be0                C2D_Flush
 .text.C2D_SceneSize
                0x00101c28       0xfc C:/devkitPro/libctru/lib\libcitro2d.a(base.o)
                0x00101c28                C2D_SceneSize
 .text.C2D_CreateScreenTarget
                0x00101d24       0x60 C:/devkitPro/libctru/lib\libcitro2d.a(base.o)
                0x00101d24                C2D_CreateScreenTarget
 .text.C2D_TargetClear
                0x00101d84       0x60 C:/devkitPro/libctru/lib\libcitro2d.a(base.o)
                0x00101d84                C2D_TargetClear
 .text.C2Di_CalcQuad
                0x00101de4      0x14c C:/devkitPro/libctru/lib\libcitro2d.a(base.o)
                0x00101de4                C2Di_CalcQuad
 .text.C2Di_AppendQuad
                0x00101f30       0x54 C:/devkitPro/libctru/lib\libcitro2d.a(base.o)
                0x00101f30                C2Di_AppendQuad
 .text.C2Di_AppendVtx
                0x00101f84       0x40 C:/devkitPro/libctru/lib\libcitro2d.a(base.o)
                0x00101f84                C2Di_AppendVtx
 .text.C2Di_Update
                0x00101fc4      0x738 C:/devkitPro/libctru/lib\libcitro2d.a(base.o)
                0x00101fc4                C2Di_Update
 .text.C2D_DrawImage
                0x001026fc      0x2e8 C:/devkitPro/libctru/lib\libcitro2d.a(base.o)
                0x001026fc                C2D_DrawImage
 .text.C2D_FontFree
                0x001029e4       0x40 C:/devkitPro/libctru/lib\libcitro2d.a(font.o)
                0x001029e4                C2D_FontFree
 .text.C2Di_PostLoadFont
                0x00102a24       0xf8 C:/devkitPro/libctru/lib\libcitro2d.a(font.o)
 .text.C2D_FontLoadSystem
                0x00102b1c      0x1b4 C:/devkitPro/libctru/lib\libcitro2d.a(font.o)
                0x00102b1c                C2D_FontLoadSystem
 .text.C2D_FontGlyphIndexFromCodePoint
                0x00102cd0       0x50 C:/devkitPro/libctru/lib\libcitro2d.a(font.o)
                0x00102cd0                C2D_FontGlyphIndexFromCodePoint
 .text.C2D_FontCalcGlyphPos
                0x00102d20       0x74 C:/devkitPro/libctru/lib\libcitro2d.a(font.o)
                0x00102d20                C2D_FontCalcGlyphPos
 .text.C2D_SpriteSheetLoadFromHandle
                0x00102d94       0x68 C:/devkitPro/libctru/lib\libcitro2d.a(spritesheet.o)
                0x00102d94                C2D_SpriteSheetLoadFromHandle
 .text.C2D_SpriteSheetLoad
                0x00102dfc       0x48 C:/devkitPro/libctru/lib\libcitro2d.a(spritesheet.o)
                0x00102dfc                C2D_SpriteSheetLoad
 .text.C2D_SpriteSheetFree
                0x00102e44       0x28 C:/devkitPro/libctru/lib\libcitro2d.a(spritesheet.o)
                0x00102e44                C2D_SpriteSheetFree
 .text.C2D_SpriteSheetGetImage
                0x00102e6c       0x28 C:/devkitPro/libctru/lib\libcitro2d.a(spritesheet.o)
                0x00102e6c                C2D_SpriteSheetGetImage
 .text.C2Di_GlyphComp
                0x00102e94       0x18 C:/devkitPro/libctru/lib\libcitro2d.a(text.o)
 .text.C2Di_CalcLineWidths
                0x00102eac      0x180 C:/devkitPro/libctru/lib\libcitro2d.a(text.o)
 .text.C2D_TextBufNew
                0x0010302c      0x1d0 C:/devkitPro/libctru/lib\libcitro2d.a(text.o)
                0x0010302c                C2D_TextBufNew
 .text.C2D_TextBufDelete
                0x001031fc        0x4 C:/devkitPro/libctru/lib\libcitro2d.a(text.o)
                0x001031fc                C2D_TextBufDelete
 .text.C2D_TextFontParseLine
                0x00103200      0x1c4 C:/devkitPro/libctru/lib\libcitro2d.a(text.o)
                0x00103200                C2D_TextFontParseLine
 .text.C2D_TextFontParse
                0x001033c4       0xa4 C:/devkitPro/libctru/lib\libcitro2d.a(text.o)
                0x001033c4                C2D_TextFontParse
 .text.C2D_TextOptimize
                0x00103468       0x30 C:/devkitPro/libctru/lib\libcitro2d.a(text.o)
                0x00103468                C2D_TextOptimize
 .text.C2D_TextGetDimensions
                0x00103498       0xe8 C:/devkitPro/libctru/lib\libcitro2d.a(text.o)
                0x00103498                C2D_TextGetDimensions
 .text.C2D_DrawText
                0x00103580      0xfdc C:/devkitPro/libctru/lib\libcitro2d.a(text.o)
                0x00103580                C2D_DrawText
 .text.AttrInfo_Init
                0x0010455c       0x28 C:/devkitPro/libctru/lib\libcitro3d.a(attribs.o)
                0x0010455c                AttrInfo_Init
 .text.AttrInfo_AddLoader
                0x00104584       0x94 C:/devkitPro/libctru/lib\libcitro3d.a(attribs.o)
                0x00104584                AttrInfo_AddLoader
 .text.C3D_SetAttrInfo
                0x00104618       0x54 C:/devkitPro/libctru/lib\libcitro3d.a(attribs.o)
                0x00104618                C3D_SetAttrInfo
 .text.C3Di_AttrInfoBind
                0x0010466c       0x80 C:/devkitPro/libctru/lib\libcitro3d.a(attribs.o)
                0x0010466c                C3Di_AttrInfoBind
 .text.C3Di_LightEnvUpdate
                0x001046ec        0x4 C:/devkitPro/libctru/lib\libcitro3d.a(base.o)
                0x001046ec                C3Di_LightEnvUpdate
 .text.C3Di_LightEnvDirty
                0x001046f0        0x4 C:/devkitPro/libctru/lib\libcitro3d.a(base.o)
                0x001046f0                C3Di_LightEnvDirty
 .text.C3Di_AptEventHook
                0x001046f4       0xb4 C:/devkitPro/libctru/lib\libcitro3d.a(base.o)
 .text.C3Di_GasUpdate
                0x001047a8        0x4 C:/devkitPro/libctru/lib\libcitro3d.a(base.o)
                0x001047a8                C3Di_GasUpdate
 .text.C3D_Init
                0x001047ac      0x1d0 C:/devkitPro/libctru/lib\libcitro3d.a(base.o)
                0x001047ac                C3D_Init
 .text.C3D_SetViewport
                0x0010497c       0x98 C:/devkitPro/libctru/lib\libcitro3d.a(base.o)
                0x0010497c                C3D_SetViewport
 .text.C3Di_UpdateContext
                0x00104a14      0x4e8 C:/devkitPro/libctru/lib\libcitro3d.a(base.o)
                0x00104a14                C3Di_UpdateContext
 .text.C3Di_SplitFrame
                0x00104efc       0xe0 C:/devkitPro/libctru/lib\libcitro3d.a(base.o)
                0x00104efc                C3Di_SplitFrame
 .text.C3D_Fini
                0x00104fdc       0x44 C:/devkitPro/libctru/lib\libcitro3d.a(base.o)
                0x00104fdc                C3D_Fini
 .text.C3D_BindProgram
                0x00105020      0x194 C:/devkitPro/libctru/lib\libcitro3d.a(base.o)
                0x00105020                C3D_BindProgram
 .text.BufInfo_Init
                0x001051b4       0x24 C:/devkitPro/libctru/lib\libcitro3d.a(buffers.o)
                0x001051b4                BufInfo_Init
 .text.BufInfo_Add
                0x001051d8       0x80 C:/devkitPro/libctru/lib\libcitro3d.a(buffers.o)
                0x001051d8                BufInfo_Add
 .text.C3D_SetBufInfo
                0x00105258       0x3c C:/devkitPro/libctru/lib\libcitro3d.a(buffers.o)
                0x00105258                C3D_SetBufInfo
 .text.C3Di_BufInfoBind
                0x00105294       0x48 C:/devkitPro/libctru/lib\libcitro3d.a(buffers.o)
                0x00105294                C3Di_BufInfoBind
 .text.C3D_DrawElements
                0x001052dc      0x21c C:/devkitPro/libctru/lib\libcitro3d.a(drawElements.o)
                0x001052dc                C3D_DrawElements
 .text.C3D_DepthMap
                0x001054f8       0x40 C:/devkitPro/libctru/lib\libcitro3d.a(effect.o)
                0x001054f8                C3D_DepthMap
 .text.C3D_CullFace
                0x00105538       0x1c C:/devkitPro/libctru/lib\libcitro3d.a(effect.o)
                0x00105538                C3D_CullFace
 .text.C3D_StencilTest
                0x00105554       0x40 C:/devkitPro/libctru/lib\libcitro3d.a(effect.o)
                0x00105554                C3D_StencilTest
 .text.C3D_StencilOp
                0x00105594       0x24 C:/devkitPro/libctru/lib\libcitro3d.a(effect.o)
                0x00105594                C3D_StencilOp
 .text.C3D_BlendingColor
                0x001055b8       0x1c C:/devkitPro/libctru/lib\libcitro3d.a(effect.o)
                0x001055b8                C3D_BlendingColor
 .text.C3D_EarlyDepthTest
                0x001055d4       0x24 C:/devkitPro/libctru/lib\libcitro3d.a(effect.o)
                0x001055d4                C3D_EarlyDepthTest
 .text.C3D_DepthTest
                0x001055f8       0x2c C:/devkitPro/libctru/lib\libcitro3d.a(effect.o)
                0x001055f8                C3D_DepthTest
 .text.C3D_AlphaTest
                0x00105624       0x2c C:/devkitPro/libctru/lib\libcitro3d.a(effect.o)
                0x00105624                C3D_AlphaTest
 .text.C3D_AlphaBlend
                0x00105650       0x50 C:/devkitPro/libctru/lib\libcitro3d.a(effect.o)
                0x00105650                C3D_AlphaBlend
 .text.C3D_FragOpMode
                0x001056a0       0x30 C:/devkitPro/libctru/lib\libcitro3d.a(effect.o)
                0x001056a0                C3D_FragOpMode
 .text.C3D_FragOpShadow
                0x001056d0       0x44 C:/devkitPro/libctru/lib\libcitro3d.a(effect.o)
                0x001056d0                C3D_FragOpShadow
 .text.C3Di_EffectBind
                0x00105714      0x1ac C:/devkitPro/libctru/lib\libcitro3d.a(effect.o)
                0x00105714                C3Di_EffectBind
 .text.C3D_CalcColorBufSize
                0x001058c0       0x1c C:/devkitPro/libctru/lib\libcitro3d.a(framebuffer.o)
                0x001058c0                C3D_CalcColorBufSize
 .text.C3D_CalcDepthBufSize
                0x001058dc       0x1c C:/devkitPro/libctru/lib\libcitro3d.a(framebuffer.o)
                0x001058dc                C3D_CalcDepthBufSize
 .text.C3D_SetFrameBuf
                0x001058f8       0x44 C:/devkitPro/libctru/lib\libcitro3d.a(framebuffer.o)
                0x001058f8                C3D_SetFrameBuf
 .text.C3Di_FrameBufBind
                0x0010593c      0x16c C:/devkitPro/libctru/lib\libcitro3d.a(framebuffer.o)
                0x0010593c                C3Di_FrameBufBind
 .text.C3D_FrameBufClear
                0x00105aa8       0xc8 C:/devkitPro/libctru/lib\libcitro3d.a(framebuffer.o)
                0x00105aa8                C3D_FrameBufClear
 .text.C3D_FrameBufTransfer
                0x00105b70       0x44 C:/devkitPro/libctru/lib\libcitro3d.a(framebuffer.o)
                0x00105b70                C3D_FrameBufTransfer
 .text.C3D_ImmSendAttrib
                0x00105bb4       0xa8 C:/devkitPro/libctru/lib\libcitro3d.a(immediate.o)
                0x00105bb4                C3D_ImmSendAttrib
 .text.C3D_ProcTexInit
                0x00105c5c       0x70 C:/devkitPro/libctru/lib\libcitro3d.a(proctex.o)
                0x00105c5c                C3D_ProcTexInit
 .text.C3D_ProcTexBind
                0x00105ccc       0x54 C:/devkitPro/libctru/lib\libcitro3d.a(proctex.o)
                0x00105ccc                C3D_ProcTexBind
 .text.C3D_ProcTexLutBind
                0x00105d20       0x5c C:/devkitPro/libctru/lib\libcitro3d.a(proctex.o)
                0x00105d20                C3D_ProcTexLutBind
 .text.ProcTexLut_FromArray
                0x00105d7c       0xa4 C:/devkitPro/libctru/lib\libcitro3d.a(proctex.o)
                0x00105d7c                ProcTexLut_FromArray
 .text.C3Di_ProcTexUpdate
                0x00105e20      0x178 C:/devkitPro/libctru/lib\libcitro3d.a(proctex.o)
                0x00105e20                C3Di_ProcTexUpdate
 .text.C3Di_ProcTexDirty
                0x00105f98       0x68 C:/devkitPro/libctru/lib\libcitro3d.a(proctex.o)
                0x00105f98                C3Di_ProcTexDirty
 .text.onVBlank0
                0x00106000       0x4c C:/devkitPro/libctru/lib\libcitro3d.a(renderqueue.o)
 .text.onVBlank1
                0x0010604c       0x4c C:/devkitPro/libctru/lib\libcitro3d.a(renderqueue.o)
 .text.C3Di_RenderTargetDestroy
                0x00106098       0x80 C:/devkitPro/libctru/lib\libcitro3d.a(renderqueue.o)
 .text.onQueueFinish
                0x00106118       0xf4 C:/devkitPro/libctru/lib\libcitro3d.a(renderqueue.o)
 .text.C3Di_RenderQueueEnableVBlank
                0x0010620c       0x38 C:/devkitPro/libctru/lib\libcitro3d.a(renderqueue.o)
                0x0010620c                C3Di_RenderQueueEnableVBlank
 .text.C3Di_RenderQueueDisableVBlank
                0x00106244       0x30 C:/devkitPro/libctru/lib\libcitro3d.a(renderqueue.o)
                0x00106244                C3Di_RenderQueueDisableVBlank
 .text.C3Di_RenderQueueInit
                0x00106274       0x60 C:/devkitPro/libctru/lib\libcitro3d.a(renderqueue.o)
                0x00106274                C3Di_RenderQueueInit
 .text.C3Di_RenderQueueExit
                0x001062d4       0xb4 C:/devkitPro/libctru/lib\libcitro3d.a(renderqueue.o)
                0x001062d4                C3Di_RenderQueueExit
 .text.C3Di_RenderQueueWaitDone
                0x00106388       0x34 C:/devkitPro/libctru/lib\libcitro3d.a(renderqueue.o)
                0x00106388                C3Di_RenderQueueWaitDone
 .text.C3D_FrameBegin
                0x001063bc       0xe8 C:/devkitPro/libctru/lib\libcitro3d.a(renderqueue.o)
                0x001063bc                C3D_FrameBegin
 .text.C3D_FrameDrawOn
                0x001064a4       0x48 C:/devkitPro/libctru/lib\libcitro3d.a(renderqueue.o)
                0x001064a4                C3D_FrameDrawOn
 .text.C3D_FrameSplit
                0x001064ec       0x58 C:/devkitPro/libctru/lib\libcitro3d.a(renderqueue.o)
                0x001064ec                C3D_FrameSplit
 .text.C3D_FrameEnd
                0x00106544      0x1d0 C:/devkitPro/libctru/lib\libcitro3d.a(renderqueue.o)
                0x00106544                C3D_FrameEnd
 .text.C3D_FrameEndHook
                0x00106714       0x1c C:/devkitPro/libctru/lib\libcitro3d.a(renderqueue.o)
                0x00106714                C3D_FrameEndHook
 .text.C3D_RenderTargetCreate
                0x00106730      0x170 C:/devkitPro/libctru/lib\libcitro3d.a(renderqueue.o)
                0x00106730                C3D_RenderTargetCreate
 .text.C3D_RenderTargetSetOutput
                0x001068a0       0xa8 C:/devkitPro/libctru/lib\libcitro3d.a(renderqueue.o)
                0x001068a0                C3D_RenderTargetSetOutput
 .text.C3D_SyncTextureCopy
                0x00106948       0xfc C:/devkitPro/libctru/lib\libcitro3d.a(renderqueue.o)
                0x00106948                C3D_SyncTextureCopy
 .text.Tex3DSi_ImportCommon
                0x00106a44      0x3d8 C:/devkitPro/libctru/lib\libcitro3d.a(tex3ds.o)
 .text.Tex3DS_TextureImportStdio
                0x00106e1c       0x38 C:/devkitPro/libctru/lib\libcitro3d.a(tex3ds.o)
                0x00106e1c                Tex3DS_TextureImportStdio
 .text.Tex3DS_GetSubTexture
                0x00106e54       0x1c C:/devkitPro/libctru/lib\libcitro3d.a(tex3ds.o)
                0x00106e54                Tex3DS_GetSubTexture
 .text.Tex3DS_TextureFree
                0x00106e70        0x4 C:/devkitPro/libctru/lib\libcitro3d.a(tex3ds.o)
                0x00106e70                Tex3DS_TextureFree
 .text.C3D_GetTexEnv
                0x00106e74       0x34 C:/devkitPro/libctru/lib\libcitro3d.a(texenv.o)
                0x00106e74                C3D_GetTexEnv
 .text.C3Di_TexEnvBind
                0x00106ea8       0x24 C:/devkitPro/libctru/lib\libcitro3d.a(texenv.o)
                0x00106ea8                C3Di_TexEnvBind
 .text.C3D_TexInitWithParams
                0x00106ecc      0x290 C:/devkitPro/libctru/lib\libcitro3d.a(texture.o)
                0x00106ecc                C3D_TexInitWithParams
 .text.C3D_TexLoadImage
                0x0010715c       0xc8 C:/devkitPro/libctru/lib\libcitro3d.a(texture.o)
                0x0010715c                C3D_TexLoadImage
 .text.C3D_TexBind
                0x00107224       0x44 C:/devkitPro/libctru/lib\libcitro3d.a(texture.o)
                0x00107224                C3D_TexBind
 .text.C3D_TexDelete
                0x00107268       0x74 C:/devkitPro/libctru/lib\libcitro3d.a(texture.o)
                0x00107268                C3D_TexDelete
 .text.C3Di_SetTex
                0x001072dc      0x14c C:/devkitPro/libctru/lib\libcitro3d.a(texture.o)
                0x001072dc                C3Di_SetTex
 .text.C3D_UpdateUniforms
                0x00107428      0x290 C:/devkitPro/libctru/lib\libcitro3d.a(uniforms.o)
                0x00107428                C3D_UpdateUniforms
 .text.C3Di_DirtyUniforms
                0x001076b8       0xc0 C:/devkitPro/libctru/lib\libcitro3d.a(uniforms.o)
                0x001076b8                C3Di_DirtyUniforms
 .text.C3Di_LoadShaderUniforms
                0x00107778       0xd8 C:/devkitPro/libctru/lib\libcitro3d.a(uniforms.o)
                0x00107778                C3Di_LoadShaderUniforms
 .text.C3Di_ClearShaderUniforms
                0x00107850       0x28 C:/devkitPro/libctru/lib\libcitro3d.a(uniforms.o)
                0x00107850                C3Di_ClearShaderUniforms
 .text.Mtx_Ortho
                0x00107878       0xcc C:/devkitPro/libctru/lib\libcitro3d.a(mtx_ortho.o)
                0x00107878                Mtx_Ortho
 .text.Mtx_OrthoTilt
                0x00107944       0xcc C:/devkitPro/libctru/lib\libcitro3d.a(mtx_orthotilt.o)
                0x00107944                Mtx_OrthoTilt
 .text._ZL21addrMapNodeComparatorPK11rbtree_nodeS1_
                0x00107a10       0x24 C:/devkitPro/libctru/lib\libctru.a(linear.o)
 .text._ZL21addrMapNodeDestructorP11rbtree_node
                0x00107a34        0x4 C:/devkitPro/libctru/lib\libctru.a(linear.o)
 .text.linearMemAlign
                0x00107a38      0x12c C:/devkitPro/libctru/lib\libctru.a(linear.o)
                0x00107a38                linearMemAlign
 .text.linearAlloc
                0x00107b64        0x8 C:/devkitPro/libctru/lib\libctru.a(linear.o)
                0x00107b64                linearAlloc
 .text.linearFree
                0x00107b6c       0x5c C:/devkitPro/libctru/lib\libctru.a(linear.o)
                0x00107b6c                linearFree
 .text._ZN7MemPool13CoalesceRightEP8MemBlock
                0x00107bc8       0x88 C:/devkitPro/libctru/lib\libctru.a(mem_pool.o)
                0x00107bc8                MemPool::CoalesceRight(MemBlock*)
 .text._ZN7MemPool8AllocateER8MemChunkmi
                0x00107c50      0x178 C:/devkitPro/libctru/lib\libctru.a(mem_pool.o)
                0x00107c50                MemPool::Allocate(MemChunk&, unsigned long, int)
 .text._ZN7MemPool10DeallocateERK8MemChunk
                0x00107dc8      0x118 C:/devkitPro/libctru/lib\libctru.a(mem_pool.o)
                0x00107dc8                MemPool::Deallocate(MemChunk const&)
 .text._ZN7MemPool12GetFreeSpaceEv
                0x00107ee0       0x30 C:/devkitPro/libctru/lib\libctru.a(mem_pool.o)
                0x00107ee0                MemPool::GetFreeSpace()
 .text._ZL21addrMapNodeComparatorPK11rbtree_nodeS1_
                0x00107f10       0x24 C:/devkitPro/libctru/lib\libctru.a(vram.o)
 .text._ZL21addrMapNodeDestructorP11rbtree_node
                0x00107f34        0x4 C:/devkitPro/libctru/lib\libctru.a(vram.o)
 .text.vramMemAlignAt
                0x00107f38      0x248 C:/devkitPro/libctru/lib\libctru.a(vram.o)
                0x00107f38                vramMemAlignAt
 .text.vramAlloc
                0x00108180        0xc C:/devkitPro/libctru/lib\libctru.a(vram.o)
                0x00108180                vramAlloc
 .text.vramAllocAt
                0x0010818c        0xc C:/devkitPro/libctru/lib\libctru.a(vram.o)
                0x0010818c                vramAllocAt
 .text.vramFree
                0x00108198       0x94 C:/devkitPro/libctru/lib\libctru.a(vram.o)
                0x00108198                vramFree
 .text.consoleDrawChar
                0x0010822c      0x1c8 C:/devkitPro/libctru/lib\libctru.a(console.o)
                0x0010822c                consoleDrawChar
 .text.consolePrintChar
                0x001083f4      0x170 C:/devkitPro/libctru/lib\libctru.a(console.o)
                0x001083f4                consolePrintChar
 .text.con_write
                0x00108564      0xcc8 C:/devkitPro/libctru/lib\libctru.a(console.o)
                0x00108564                con_write
 .text.newRow   0x0010922c       0xfc C:/devkitPro/libctru/lib\libctru.a(console.o)
 .text.consoleInit
                0x00109328      0x180 C:/devkitPro/libctru/lib\libctru.a(console.o)
                0x00109328                consoleInit
 .text.fontEnsureMapped
                0x001094a8       0x9c C:/devkitPro/libctru/lib\libctru.a(font.o)
                0x001094a8                fontEnsureMapped
 .text.fontFixPointers
                0x00109544       0x7c C:/devkitPro/libctru/lib\libctru.a(font.o)
                0x00109544                fontFixPointers
 .text.fontGlyphIndexFromCodePoint
                0x001095c0      0x100 C:/devkitPro/libctru/lib\libctru.a(font.o)
                0x001095c0                fontGlyphIndexFromCodePoint
 .text.fontCalcGlyphPos
                0x001096c0      0x214 C:/devkitPro/libctru/lib\libctru.a(font.o)
                0x001096c0                fontCalcGlyphPos
 .text.gfxPresentFramebuffer
                0x001098d4       0xcc C:/devkitPro/libctru/lib\libctru.a(gfx.o)
 .text.gfxIsWide
                0x001099a0       0x1c C:/devkitPro/libctru/lib\libctru.a(gfx.o)
                0x001099a0                gfxIsWide
 .text.gfxSetScreenFormat
                0x001099bc       0xf8 C:/devkitPro/libctru/lib\libctru.a(gfx.o)
                0x001099bc                gfxSetScreenFormat
 .text.gfxSetDoubleBuffering
                0x00109ab4       0x10 C:/devkitPro/libctru/lib\libctru.a(gfx.o)
                0x00109ab4                gfxSetDoubleBuffering
 .text.gfxInit  0x00109ac4       0xd8 C:/devkitPro/libctru/lib\libctru.a(gfx.o)
                0x00109ac4                gfxInit
 .text.gfxInitDefault
                0x00109b9c       0x10 C:/devkitPro/libctru/lib\libctru.a(gfx.o)
                0x00109b9c                gfxInitDefault
 .text.gfxExit  0x00109bac       0xb8 C:/devkitPro/libctru/lib\libctru.a(gfx.o)
                0x00109bac                gfxExit
 .text.gfxGetFramebuffer
                0x00109c64       0xa0 C:/devkitPro/libctru/lib\libctru.a(gfx.o)
                0x00109c64                gfxGetFramebuffer
 .text.gfxFlushBuffers
                0x00109d04      0x100 C:/devkitPro/libctru/lib\libctru.a(gfx.o)
                0x00109d04                gfxFlushBuffers
 .text.gfxScreenSwapBuffers
                0x00109e04       0x28 C:/devkitPro/libctru/lib\libctru.a(gfx.o)
                0x00109e04                gfxScreenSwapBuffers
 .text.gfxSwapBuffersGpu
                0x00109e2c       0x50 C:/devkitPro/libctru/lib\libctru.a(gfx.o)
                0x00109e2c                gfxSwapBuffersGpu
 .text.osConvertVirtToPhys
                0x00109e7c       0x74 C:/devkitPro/libctru/lib\libctru.a(os.o)
                0x00109e7c                osConvertVirtToPhys
 .text.osGetTimeRef
                0x00109ef0       0x54 C:/devkitPro/libctru/lib\libctru.a(os.o)
                0x00109ef0                osGetTimeRef
 .text.osGetTime
                0x00109f44       0xec C:/devkitPro/libctru/lib\libctru.a(os.o)
                0x00109f44                osGetTime
 .text.__ctru_speedup_config
                0x0010a030       0x34 C:/devkitPro/libctru/lib\libctru.a(os.o)
                0x0010a030                __ctru_speedup_config
 .text.romfs_close
                0x0010a064        0x8 C:/devkitPro/libctru/lib\libctru.a(romfs_dev.o)
 .text.romfs_seek
                0x0010a06c       0xac C:/devkitPro/libctru/lib\libctru.a(romfs_dev.o)
 .text.romfs_dirreset
                0x0010a118       0x24 C:/devkitPro/libctru/lib\libctru.a(romfs_dev.o)
 .text.fill_dir
                0x0010a13c       0xc0 C:/devkitPro/libctru/lib\libctru.a(romfs_dev.o)
 .text.romfs_dirnext
                0x0010a1fc      0x2ac C:/devkitPro/libctru/lib\libctru.a(romfs_dev.o)
 .text.romfs_free
                0x0010a4a8       0x74 C:/devkitPro/libctru/lib\libctru.a(romfs_dev.o)
 .text.searchForFile.constprop.0
                0x0010a51c       0xd0 C:/devkitPro/libctru/lib\libctru.a(romfs_dev.o)
 .text.searchForDir.constprop.0
                0x0010a5ec       0xd4 C:/devkitPro/libctru/lib\libctru.a(romfs_dev.o)
 .text.navigateToDir.constprop.0
                0x0010a6c0      0x1c0 C:/devkitPro/libctru/lib\libctru.a(romfs_dev.o)
 .text.romfs_open
                0x0010a880      0x114 C:/devkitPro/libctru/lib\libctru.a(romfs_dev.o)
 .text.romfs_chdir
                0x0010a994       0x4c C:/devkitPro/libctru/lib\libctru.a(romfs_dev.o)
 .text.romfs_diropen
                0x0010a9e0       0x68 C:/devkitPro/libctru/lib\libctru.a(romfs_dev.o)
 .text.romfs_stat
                0x0010aa48      0x178 C:/devkitPro/libctru/lib\libctru.a(romfs_dev.o)
 .text.romfs_dirclose
                0x0010abc0        0x8 C:/devkitPro/libctru/lib\libctru.a(romfs_dev.o)
 .text.romfs_fstat
                0x0010abc8       0x7c C:/devkitPro/libctru/lib\libctru.a(romfs_dev.o)
 .text.romfs_read
                0x0010ac44       0xd0 C:/devkitPro/libctru/lib\libctru.a(romfs_dev.o)
 .text.romfsMountFromFile
                0x0010ad14      0x294 C:/devkitPro/libctru/lib\libctru.a(romfs_dev.o)
                0x0010ad14                romfsMountFromFile
 .text.romfsMountFromCurrentProcess
                0x0010afa8       0x98 C:/devkitPro/libctru/lib\libctru.a(romfs_dev.o)
                0x0010afa8                romfsMountFromCurrentProcess
 .text.romfsMountSelf
                0x0010b040      0x258 C:/devkitPro/libctru/lib\libctru.a(romfs_dev.o)
                0x0010b040                romfsMountSelf
 .text.romfsMountFromTitle
                0x0010b298       0xac C:/devkitPro/libctru/lib\libctru.a(romfs_dev.o)
                0x0010b298                romfsMountFromTitle
 .text.romfsUnmount
                0x0010b344       0xa0 C:/devkitPro/libctru/lib\libctru.a(romfs_dev.o)
                0x0010b344                romfsUnmount
 .text.GPUCMD_Add
                0x0010b3e4      0x13c C:/devkitPro/libctru/lib\libctru.a(gpu.o)
                0x0010b3e4                GPUCMD_Add
 .text.GPUCMD_Split
                0x0010b520       0xb0 C:/devkitPro/libctru/lib\libctru.a(gpu.o)
                0x0010b520                GPUCMD_Split
 .text.f32tof16
                0x0010b5d0       0x34 C:/devkitPro/libctru/lib\libctru.a(gpu.o)
                0x0010b5d0                f32tof16
 .text.f32tof24
                0x0010b604       0x34 C:/devkitPro/libctru/lib\libctru.a(gpu.o)
                0x0010b604                f32tof24
 .text.f32tof31
                0x0010b638       0x38 C:/devkitPro/libctru/lib\libctru.a(gpu.o)
                0x0010b638                f32tof31
 .text.GX_BindQueue
                0x0010b670       0x10 C:/devkitPro/libctru/lib\libctru.a(gx.o)
                0x0010b670                GX_BindQueue
 .text.GX_ProcessCommandList
                0x0010b680       0x7c C:/devkitPro/libctru/lib\libctru.a(gx.o)
                0x0010b680                GX_ProcessCommandList
 .text.GX_MemoryFill
                0x0010b6fc       0x74 C:/devkitPro/libctru/lib\libctru.a(gx.o)
                0x0010b6fc                GX_MemoryFill
 .text.GX_DisplayTransfer
                0x0010b770       0x74 C:/devkitPro/libctru/lib\libctru.a(gx.o)
                0x0010b770                GX_DisplayTransfer
 .text.GX_TextureCopy
                0x0010b7e4       0x78 C:/devkitPro/libctru/lib\libctru.a(gx.o)
                0x0010b7e4                GX_TextureCopy
 .text.gxCmdQueueDoCommands.part.0
                0x0010b85c       0x64 C:/devkitPro/libctru/lib\libctru.a(gxqueue.o)
 .text.gxCmdQueueInterrupt
                0x0010b8c0       0xe4 C:/devkitPro/libctru/lib\libctru.a(gxqueue.o)
                0x0010b8c0                gxCmdQueueInterrupt
 .text.gxCmdQueueClear
                0x0010b9a4       0x68 C:/devkitPro/libctru/lib\libctru.a(gxqueue.o)
                0x0010b9a4                gxCmdQueueClear
 .text.gxCmdQueueAdd
                0x0010ba0c      0x108 C:/devkitPro/libctru/lib\libctru.a(gxqueue.o)
                0x0010ba0c                gxCmdQueueAdd
 .text.gxCmdQueueRun
                0x0010bb14       0x80 C:/devkitPro/libctru/lib\libctru.a(gxqueue.o)
                0x0010bb14                gxCmdQueueRun
 .text.gxCmdQueueStop
                0x0010bb94       0x64 C:/devkitPro/libctru/lib\libctru.a(gxqueue.o)
                0x0010bb94                gxCmdQueueStop
 .text.gxCmdQueueWait
                0x0010bbf8       0xac C:/devkitPro/libctru/lib\libctru.a(gxqueue.o)
                0x0010bbf8                gxCmdQueueWait
 .text.shaderInstanceInit
                0x0010bca4      0x1e0 C:/devkitPro/libctru/lib\libctru.a(shaderProgram.o)
                0x0010bca4                shaderInstanceInit
 .text.shaderInstanceGetUniformLocation
                0x0010be84       0x18 C:/devkitPro/libctru/lib\libctru.a(shaderProgram.o)
                0x0010be84                shaderInstanceGetUniformLocation
 .text.shaderProgramInit
                0x0010be9c       0x1c C:/devkitPro/libctru/lib\libctru.a(shaderProgram.o)
                0x0010be9c                shaderProgramInit
 .text.shaderProgramFree
                0x0010beb8       0x74 C:/devkitPro/libctru/lib\libctru.a(shaderProgram.o)
                0x0010beb8                shaderProgramFree
 .text.shaderProgramSetVsh
                0x0010bf2c       0x94 C:/devkitPro/libctru/lib\libctru.a(shaderProgram.o)
                0x0010bf2c                shaderProgramSetVsh
 .text.shaderProgramConfigure
                0x0010bfc0      0x8d0 C:/devkitPro/libctru/lib\libctru.a(shaderProgram.o)
                0x0010bfc0                shaderProgramConfigure
 .text.DVLE_GenerateOutmap.part.0
                0x0010c890      0x1dc C:/devkitPro/libctru/lib\libctru.a(shbin.o)
 .text.DVLB_ParseFile
                0x0010ca6c      0x1ac C:/devkitPro/libctru/lib\libctru.a(shbin.o)
                0x0010ca6c                DVLB_ParseFile
 .text.DVLB_Free
                0x0010cc18       0x50 C:/devkitPro/libctru/lib\libctru.a(shbin.o)
                0x0010cc18                DVLB_Free
 .text.DVLE_GetUniformRegister
                0x0010cc68       0x74 C:/devkitPro/libctru/lib\libctru.a(shbin.o)
                0x0010cc68                DVLE_GetUniformRegister
 .text.ndspUpdateMaster
                0x0010ccdc      0x158 C:/devkitPro/libctru/lib\libctru.a(ndsp.o)
 *fill*         0x0010ce34        0x4 
 .text.ndspFinalize
                0x0010ce38      0x108 C:/devkitPro/libctru/lib\libctru.a(ndsp.o)
 .text.ndspInitialize.part.0
                0x0010cf40      0x25c C:/devkitPro/libctru/lib\libctru.a(ndsp.o)
 .text.ndspHookCallback
                0x0010d19c      0x108 C:/devkitPro/libctru/lib\libctru.a(ndsp.o)
 *fill*         0x0010d2a4        0x4 
 .text.ndspThreadMain
                0x0010d2a8      0x318 C:/devkitPro/libctru/lib\libctru.a(ndsp.o)
 .text.ndspInit
                0x0010d5c0      0x3f0 C:/devkitPro/libctru/lib\libctru.a(ndsp.o)
                0x0010d5c0                ndspInit
 .text.ndspExit
                0x0010d9b0       0xd8 C:/devkitPro/libctru/lib\libctru.a(ndsp.o)
                0x0010d9b0                ndspExit
 .text.ndspSetOutputMode
                0x0010da88       0x34 C:/devkitPro/libctru/lib\libctru.a(ndsp.o)
                0x0010da88                ndspSetOutputMode
 .text.ndspChnReset
                0x0010dabc       0xe0 C:/devkitPro/libctru/lib\libctru.a(ndsp-channel.o)
                0x0010dabc                ndspChnReset
 .text.ndspChnSetFormat
                0x0010db9c       0x18 C:/devkitPro/libctru/lib\libctru.a(ndsp-channel.o)
                0x0010db9c                ndspChnSetFormat
 .text.ndspChnSetInterp
                0x0010dbb4       0x50 C:/devkitPro/libctru/lib\libctru.a(ndsp-channel.o)
                0x0010dbb4                ndspChnSetInterp
 .text.ndspChnSetRate
                0x0010dc04       0x60 C:/devkitPro/libctru/lib\libctru.a(ndsp-channel.o)
                0x0010dc04                ndspChnSetRate
 .text.ndspChnSetMix
                0x0010dc64       0x80 C:/devkitPro/libctru/lib\libctru.a(ndsp-channel.o)
                0x0010dc64                ndspChnSetMix
 .text.ndspChnWaveBufAdd
                0x0010dce4       0xc8 C:/devkitPro/libctru/lib\libctru.a(ndsp-channel.o)
                0x0010dce4                ndspChnWaveBufAdd
 .text.ndspiInitChn
                0x0010ddac       0x40 C:/devkitPro/libctru/lib\libctru.a(ndsp-channel.o)
                0x0010ddac                ndspiInitChn
 .text.ndspiDirtyChn
                0x0010ddec       0x2c C:/devkitPro/libctru/lib\libctru.a(ndsp-channel.o)
                0x0010ddec                ndspiDirtyChn
 .text.ndspiUpdateChn
                0x0010de18      0x43c C:/devkitPro/libctru/lib\libctru.a(ndsp-channel.o)
                0x0010de18                ndspiUpdateChn
 .text.ndspiReadChnState
                0x0010e254      0x180 C:/devkitPro/libctru/lib\libctru.a(ndsp-channel.o)
                0x0010e254                ndspiReadChnState
 .text.aptConvertScreenForCapture
                0x0010e3d4      0x180 C:/devkitPro/libctru/lib\libctru.a(apt.o)
 .text.aptSendCommand
                0x0010e554      0x138 C:/devkitPro/libctru/lib\libctru.a(apt.o)
                0x0010e554                aptSendCommand
 *fill*         0x0010e68c        0x4 
 .text.aptExitProcess
                0x0010e690       0x44 C:/devkitPro/libctru/lib\libctru.a(apt.o)
 .text.aptExit  0x0010e6d4      0x394 C:/devkitPro/libctru/lib\libctru.a(apt.o)
                0x0010e6d4                aptExit
 .text.aptHandleSleep
                0x0010ea68       0xd8 C:/devkitPro/libctru/lib\libctru.a(apt.o)
                0x0010ea68                aptHandleSleep
 .text.aptHook  0x0010eb40       0x34 C:/devkitPro/libctru/lib\libctru.a(apt.o)
                0x0010eb40                aptHook
 .text.aptUnhook
                0x0010eb74       0x30 C:/devkitPro/libctru/lib\libctru.a(apt.o)
                0x0010eb74                aptUnhook
 .text.APT_SleepIfShellClosed
                0x0010eba4       0x84 C:/devkitPro/libctru/lib\libctru.a(apt.o)
                0x0010eba4                APT_SleepIfShellClosed
 .text.aptSetSleepAllowed
                0x0010ec28       0x78 C:/devkitPro/libctru/lib\libctru.a(apt.o)
                0x0010ec28                aptSetSleepAllowed
 .text.APT_UnlockTransition
                0x0010eca0       0x84 C:/devkitPro/libctru/lib\libctru.a(apt.o)
                0x0010eca0                APT_UnlockTransition
 *fill*         0x0010ed24        0x4 
 .text.aptEventHandler
                0x0010ed28      0x470 C:/devkitPro/libctru/lib\libctru.a(apt.o)
 .text.APT_ReceiveParameter
                0x0010f198       0xbc C:/devkitPro/libctru/lib\libctru.a(apt.o)
                0x0010f198                APT_ReceiveParameter
 .text.aptReceiveParameter.constprop.0
                0x0010f254       0xb0 C:/devkitPro/libctru/lib\libctru.a(apt.o)
 *fill*         0x0010f304        0x4 
 .text.aptScreenTransfer
                0x0010f308      0x294 C:/devkitPro/libctru/lib\libctru.a(apt.o)
 .text.aptWaitForWakeUp.isra.0
                0x0010f59c      0x2d0 C:/devkitPro/libctru/lib\libctru.a(apt.o)
 .text.aptJumpToHomeMenu
                0x0010f86c       0xf4 C:/devkitPro/libctru/lib\libctru.a(apt.o)
                0x0010f86c                aptJumpToHomeMenu
 .text.aptMainLoop
                0x0010f960       0x58 C:/devkitPro/libctru/lib\libctru.a(apt.o)
                0x0010f960                aptMainLoop
 .text.aptInit  0x0010f9b8      0x240 C:/devkitPro/libctru/lib\libctru.a(apt.o)
                0x0010f9b8                aptInit
 .text.APT_CheckNew3DS
                0x0010fbf8       0x90 C:/devkitPro/libctru/lib\libctru.a(apt.o)
                0x0010fbf8                APT_CheckNew3DS
 .text.APT_GetSharedFont
                0x0010fc88       0x48 C:/devkitPro/libctru/lib\libctru.a(apt.o)
                0x0010fc88                APT_GetSharedFont
 .text.cfguInit
                0x0010fcd0       0xa8 C:/devkitPro/libctru/lib\libctru.a(cfgu.o)
                0x0010fcd0                cfguInit
 .text.cfguExit
                0x0010fd78       0x3c C:/devkitPro/libctru/lib\libctru.a(cfgu.o)
                0x0010fd78                cfguExit
 .text.CFGU_SecureInfoGetRegion
                0x0010fdb4       0x38 C:/devkitPro/libctru/lib\libctru.a(cfgu.o)
                0x0010fdb4                CFGU_SecureInfoGetRegion
 .text.CFGU_GetConfigInfoBlk2
                0x0010fdec       0x4c C:/devkitPro/libctru/lib\libctru.a(cfgu.o)
                0x0010fdec                CFGU_GetConfigInfoBlk2
 .text.DSP_LoadComponent.part.0
                0x0010fe38       0xa4 C:/devkitPro/libctru/lib\libctru.a(dsp.o)
 .text.dspInit  0x0010fedc       0xfc C:/devkitPro/libctru/lib\libctru.a(dsp.o)
                0x0010fedc                dspInit
 .text.dspExit  0x0010ffd8       0x8c C:/devkitPro/libctru/lib\libctru.a(dsp.o)
                0x0010ffd8                dspExit
 .text.dspHook  0x00110064       0x24 C:/devkitPro/libctru/lib\libctru.a(dsp.o)
                0x00110064                dspHook
 .text.dspUnhook
                0x00110088       0x30 C:/devkitPro/libctru/lib\libctru.a(dsp.o)
                0x00110088                dspUnhook
 .text.aptDspSleep
                0x001100b8       0xb4 C:/devkitPro/libctru/lib\libctru.a(dsp.o)
                0x001100b8                aptDspSleep
 .text.aptDspWakeup
                0x0011016c       0xb4 C:/devkitPro/libctru/lib\libctru.a(dsp.o)
                0x0011016c                aptDspWakeup
 .text.aptDspCancel
                0x00110220       0x44 C:/devkitPro/libctru/lib\libctru.a(dsp.o)
                0x00110220                aptDspCancel
 .text.DSP_SetSemaphore
                0x00110264       0x34 C:/devkitPro/libctru/lib\libctru.a(dsp.o)
                0x00110264                DSP_SetSemaphore
 .text.DSP_SetSemaphoreMask
                0x00110298       0x34 C:/devkitPro/libctru/lib\libctru.a(dsp.o)
                0x00110298                DSP_SetSemaphoreMask
 .text.DSP_GetSemaphoreHandle
                0x001102cc       0x38 C:/devkitPro/libctru/lib\libctru.a(dsp.o)
                0x001102cc                DSP_GetSemaphoreHandle
 .text.DSP_LoadComponent
                0x00110304       0x3c C:/devkitPro/libctru/lib\libctru.a(dsp.o)
                0x00110304                DSP_LoadComponent
 .text.DSP_RegisterInterruptEvents
                0x00110340       0x44 C:/devkitPro/libctru/lib\libctru.a(dsp.o)
                0x00110340                DSP_RegisterInterruptEvents
 .text.DSP_ReadPipeIfPossible
                0x00110384       0x78 C:/devkitPro/libctru/lib\libctru.a(dsp.o)
                0x00110384                DSP_ReadPipeIfPossible
 .text.DSP_WriteProcessPipe
                0x001103fc       0x4c C:/devkitPro/libctru/lib\libctru.a(dsp.o)
                0x001103fc                DSP_WriteProcessPipe
 .text.DSP_ConvertProcessAddressFromDspDram
                0x00110448       0x44 C:/devkitPro/libctru/lib\libctru.a(dsp.o)
                0x00110448                DSP_ConvertProcessAddressFromDspDram
 .text.DSP_RecvData
                0x0011048c       0x44 C:/devkitPro/libctru/lib\libctru.a(dsp.o)
                0x0011048c                DSP_RecvData
 .text.DSP_RecvDataIsReady
                0x001104d0       0x50 C:/devkitPro/libctru/lib\libctru.a(dsp.o)
                0x001104d0                DSP_RecvDataIsReady
 .text.fsInit   0x00110520      0x104 C:/devkitPro/libctru/lib\libctru.a(fs.o)
                0x00110520                fsInit
 .text.fsExit   0x00110624       0x3c C:/devkitPro/libctru/lib\libctru.a(fs.o)
                0x00110624                fsExit
 .text.fsExemptFromSession
                0x00110660       0x68 C:/devkitPro/libctru/lib\libctru.a(fs.o)
                0x00110660                fsExemptFromSession
 .text.fsUnexemptFromSession
                0x001106c8       0x50 C:/devkitPro/libctru/lib\libctru.a(fs.o)
                0x001106c8                fsUnexemptFromSession
 .text.FSUSER_OpenFile
                0x00110718       0xcc C:/devkitPro/libctru/lib\libctru.a(fs.o)
                0x00110718                FSUSER_OpenFile
 .text.FSUSER_OpenFileDirectly
                0x001107e4       0xcc C:/devkitPro/libctru/lib\libctru.a(fs.o)
                0x001107e4                FSUSER_OpenFileDirectly
 .text.FSUSER_DeleteFile
                0x001108b0       0xb8 C:/devkitPro/libctru/lib\libctru.a(fs.o)
                0x001108b0                FSUSER_DeleteFile
 .text.FSUSER_RenameFile
                0x00110968       0xf4 C:/devkitPro/libctru/lib\libctru.a(fs.o)
                0x00110968                FSUSER_RenameFile
 .text.FSUSER_DeleteDirectory
                0x00110a5c       0xb8 C:/devkitPro/libctru/lib\libctru.a(fs.o)
                0x00110a5c                FSUSER_DeleteDirectory
 .text.FSUSER_CreateFile
                0x00110b14       0xd0 C:/devkitPro/libctru/lib\libctru.a(fs.o)
                0x00110b14                FSUSER_CreateFile
 .text.FSUSER_CreateDirectory
                0x00110be4       0xc0 C:/devkitPro/libctru/lib\libctru.a(fs.o)
                0x00110be4                FSUSER_CreateDirectory
 .text.FSUSER_RenameDirectory
                0x00110ca4       0xf4 C:/devkitPro/libctru/lib\libctru.a(fs.o)
                0x00110ca4                FSUSER_RenameDirectory
 .text.FSUSER_OpenDirectory
                0x00110d98       0xb4 C:/devkitPro/libctru/lib\libctru.a(fs.o)
                0x00110d98                FSUSER_OpenDirectory
 .text.FSUSER_OpenArchive
                0x00110e4c       0x90 C:/devkitPro/libctru/lib\libctru.a(fs.o)
                0x00110e4c                FSUSER_OpenArchive
 .text.FSUSER_CloseArchive
                0x00110edc       0x8c C:/devkitPro/libctru/lib\libctru.a(fs.o)
                0x00110edc                FSUSER_CloseArchive
 .text.FSUSER_GetSdmcArchiveResource
                0x00110f68       0x74 C:/devkitPro/libctru/lib\libctru.a(fs.o)
                0x00110f68                FSUSER_GetSdmcArchiveResource
 .text.FSUSER_IsSdmcWritable
                0x00110fdc       0x64 C:/devkitPro/libctru/lib\libctru.a(fs.o)
                0x00110fdc                FSUSER_IsSdmcWritable
 .text.FSFILE_Read
                0x00111040       0x64 C:/devkitPro/libctru/lib\libctru.a(fs.o)
                0x00111040                FSFILE_Read
 .text.FSFILE_Write
                0x001110a4       0x6c C:/devkitPro/libctru/lib\libctru.a(fs.o)
                0x001110a4                FSFILE_Write
 .text.FSFILE_GetSize
                0x00111110       0x44 C:/devkitPro/libctru/lib\libctru.a(fs.o)
                0x00111110                FSFILE_GetSize
 .text.FSFILE_SetSize
                0x00111154       0x28 C:/devkitPro/libctru/lib\libctru.a(fs.o)
                0x00111154                FSFILE_SetSize
 .text.FSFILE_Close
                0x0011117c       0x3c C:/devkitPro/libctru/lib\libctru.a(fs.o)
                0x0011117c                FSFILE_Close
 .text.FSFILE_Flush
                0x001111b8       0x24 C:/devkitPro/libctru/lib\libctru.a(fs.o)
                0x001111b8                FSFILE_Flush
 .text.FSDIR_Read
                0x001111dc       0x60 C:/devkitPro/libctru/lib\libctru.a(fs.o)
                0x001111dc                FSDIR_Read
 .text.FSDIR_Close
                0x0011123c       0x3c C:/devkitPro/libctru/lib\libctru.a(fs.o)
                0x0011123c                FSDIR_Close
 .text.gspHardwareInit
                0x00111278      0xc70 C:/devkitPro/libctru/lib\libctru.a(gspgpu.o)
 .text.gspInit  0x00111ee8      0x288 C:/devkitPro/libctru/lib\libctru.a(gspgpu.o)
                0x00111ee8                gspInit
 .text.gspExit  0x00112170      0x104 C:/devkitPro/libctru/lib\libctru.a(gspgpu.o)
                0x00112170                gspExit
 .text.gspHasGpuRight
                0x00112274       0x10 C:/devkitPro/libctru/lib\libctru.a(gspgpu.o)
                0x00112274                gspHasGpuRight
 .text.gspPresentBuffer
                0x00112284       0xa4 C:/devkitPro/libctru/lib\libctru.a(gspgpu.o)
                0x00112284                gspPresentBuffer
 .text.gspSetEventCallback
                0x00112328       0x30 C:/devkitPro/libctru/lib\libctru.a(gspgpu.o)
                0x00112328                gspSetEventCallback
 .text.gspWaitForEvent
                0x00112358       0x50 C:/devkitPro/libctru/lib\libctru.a(gspgpu.o)
                0x00112358                gspWaitForEvent
 .text.gspWaitForAnyEvent
                0x001123a8       0x4c C:/devkitPro/libctru/lib\libctru.a(gspgpu.o)
                0x001123a8                gspWaitForAnyEvent
 .text.gspEventThreadMain
                0x001123f4      0x154 C:/devkitPro/libctru/lib\libctru.a(gspgpu.o)
 .text.gspSubmitGxCommand
                0x00112548      0x12c C:/devkitPro/libctru/lib\libctru.a(gspgpu.o)
                0x00112548                gspSubmitGxCommand
 .text.GSPGPU_FlushDataCache
                0x00112674       0x50 C:/devkitPro/libctru/lib\libctru.a(gspgpu.o)
                0x00112674                GSPGPU_FlushDataCache
 .text.GSPGPU_SetLcdForceBlack
                0x001126c4       0x34 C:/devkitPro/libctru/lib\libctru.a(gspgpu.o)
                0x001126c4                GSPGPU_SetLcdForceBlack
 .text.GSPGPU_AcquireRight
                0x001126f8       0x84 C:/devkitPro/libctru/lib\libctru.a(gspgpu.o)
                0x001126f8                GSPGPU_AcquireRight
 .text.GSPGPU_ReleaseRight
                0x0011277c       0x64 C:/devkitPro/libctru/lib\libctru.a(gspgpu.o)
                0x0011277c                GSPGPU_ReleaseRight
 .text.GSPGPU_ImportDisplayCaptureInfo
                0x001127e0       0x7c C:/devkitPro/libctru/lib\libctru.a(gspgpu.o)
                0x001127e0                GSPGPU_ImportDisplayCaptureInfo
 .text.GSPGPU_SaveVramSysArea
                0x0011285c       0x2c C:/devkitPro/libctru/lib\libctru.a(gspgpu.o)
                0x0011285c                GSPGPU_SaveVramSysArea
 .text.GSPGPU_RestoreVramSysArea
                0x00112888       0x2c C:/devkitPro/libctru/lib\libctru.a(gspgpu.o)
                0x00112888                GSPGPU_RestoreVramSysArea
 .text.hidShouldUseIrrst
                0x001128b4       0x24 C:/devkitPro/libctru/lib\libctru.a(hid.o)
                0x001128b4                hidShouldUseIrrst
 .text.hidInit  0x001128d8      0x1cc C:/devkitPro/libctru/lib\libctru.a(hid.o)
                0x001128d8                hidInit
 .text.hidExit  0x00112aa4       0xe8 C:/devkitPro/libctru/lib\libctru.a(hid.o)
                0x00112aa4                hidExit
 .text.hidScanInput
                0x00112b8c      0x2a0 C:/devkitPro/libctru/lib\libctru.a(hid.o)
                0x00112b8c                hidScanInput
 .text.hidKeysDown
                0x00112e2c       0x10 C:/devkitPro/libctru/lib\libctru.a(hid.o)
                0x00112e2c                hidKeysDown
 .text.irrstInit
                0x00112e3c      0x1a4 C:/devkitPro/libctru/lib\libctru.a(irrst.o)
                0x00112e3c                irrstInit
 .text.irrstExit
                0x00112fe0       0xdc C:/devkitPro/libctru/lib\libctru.a(irrst.o)
                0x00112fe0                irrstExit
 .text.irrstScanInput
                0x001130bc       0xb4 C:/devkitPro/libctru/lib\libctru.a(irrst.o)
                0x001130bc                irrstScanInput
 .text.irrstKeysHeld
                0x00113170       0x24 C:/devkitPro/libctru/lib\libctru.a(irrst.o)
                0x00113170                irrstKeysHeld
 .text.ptmSysmInit
                0x00113194       0x78 C:/devkitPro/libctru/lib\libctru.a(ptmsysm.o)
                0x00113194                ptmSysmInit
 .text.ptmSysmExit
                0x0011320c       0x3c C:/devkitPro/libctru/lib\libctru.a(ptmsysm.o)
                0x0011320c                ptmSysmExit
 .text.PTMSYSM_ConfigureNew3DSCPU
                0x00113248       0x34 C:/devkitPro/libctru/lib\libctru.a(ptmsysm.o)
                0x00113248                PTMSYSM_ConfigureNew3DSCPU
 .text.buffer_read
                0x0011327c       0xe0 C:/devkitPro/libctru/lib\libctru.a(decompress.o)
 .text.iov_read
                0x0011335c       0xcc C:/devkitPro/libctru/lib\libctru.a(decompress.o)
 .text.iov_memmove
                0x00113428      0x164 C:/devkitPro/libctru/lib\libctru.a(decompress.o)
 .text.decompress_rle
                0x0011358c      0x1e0 C:/devkitPro/libctru/lib\libctru.a(decompress.o)
 .text.decompress_lzss
                0x0011376c      0x264 C:/devkitPro/libctru/lib\libctru.a(decompress.o)
 .text.decompress_lz11
                0x001139d0      0x418 C:/devkitPro/libctru/lib\libctru.a(decompress.o)
 .text.decompress_huff.isra.0
                0x00113de8      0x33c C:/devkitPro/libctru/lib\libctru.a(decompress.o)
 .text.decompressCallback_Stdio
                0x00114124       0x10 C:/devkitPro/libctru/lib\libctru.a(decompress.o)
                0x00114124                decompressCallback_Stdio
 .text.decompressHeader
                0x00114134       0xe4 C:/devkitPro/libctru/lib\libctru.a(decompress.o)
                0x00114134                decompressHeader
 .text.decompressV
                0x00114218      0x21c C:/devkitPro/libctru/lib\libctru.a(decompress.o)
                0x00114218                decompressV
 .text.decompressV_LZ11
                0x00114434      0x110 C:/devkitPro/libctru/lib\libctru.a(decompress.o)
                0x00114434                decompressV_LZ11
 .text.rbtree_find
                0x00114544       0x74 C:/devkitPro/libctru/lib\libctru.a(rbtree_find.o)
                0x00114544                rbtree_find
 .text.rbtree_init
                0x001145b8       0x10 C:/devkitPro/libctru/lib\libctru.a(rbtree_init.o)
                0x001145b8                rbtree_init
 .text.do_insert
                0x001145c8      0x198 C:/devkitPro/libctru/lib\libctru.a(rbtree_insert.o)
 .text.rbtree_insert
                0x00114760        0x8 C:/devkitPro/libctru/lib\libctru.a(rbtree_insert.o)
                0x00114760                rbtree_insert
 .text.rbtree_remove
                0x00114768      0x310 C:/devkitPro/libctru/lib\libctru.a(rbtree_remove.o)
                0x00114768                rbtree_remove
 .text.rbtree_rotate
                0x00114a78       0x90 C:/devkitPro/libctru/lib\libctru.a(rbtree_rotate.o)
                0x00114a78                rbtree_rotate
 .text.decode_utf8
                0x00114b08      0x140 C:/devkitPro/libctru/lib\libctru.a(decode_utf8.o)
                0x00114b08                decode_utf8
 .text.utf16_to_utf8
                0x00114c48       0xe8 C:/devkitPro/libctru/lib\libctru.a(utf16_to_utf8.o)
                0x00114c48                utf16_to_utf8
 .text.utf8_to_utf16
                0x00114d30       0xc0 C:/devkitPro/libctru/lib\libctru.a(utf8_to_utf16.o)
                0x00114d30                utf8_to_utf16
 .text.__system_allocateHeaps
                0x00114df0      0x1e8 C:/devkitPro/libctru/lib\libctru.a(allocateHeaps.o)
                0x00114df0                __system_allocateHeaps
 .text.__libctru_init
                0x00114fd8       0x38 C:/devkitPro/libctru/lib\libctru.a(ctru_init.o)
                0x00114fd8                __libctru_init
 .text.__system_initArgv
                0x00115010      0x16c C:/devkitPro/libctru/lib\libctru.a(initArgv.o)
                0x00115010                __system_initArgv
 .text.__syscall_getreent
                0x0011517c       0x30 C:/devkitPro/libctru/lib\libctru.a(syscalls.o)
                0x0011517c                __syscall_getreent
 .text.__syscall_gettod_r
                0x001151ac       0x64 C:/devkitPro/libctru/lib\libctru.a(syscalls.o)
                0x001151ac                __syscall_gettod_r
 .text.__syscall_lock_acquire
                0x00115210        0x4 C:/devkitPro/libctru/lib\libctru.a(syscalls.o)
                0x00115210                __syscall_lock_acquire
 .text.__syscall_lock_release
                0x00115214        0x4 C:/devkitPro/libctru/lib\libctru.a(syscalls.o)
                0x00115214                __syscall_lock_release
 .text.__syscall_lock_acquire_recursive
                0x00115218        0x4 C:/devkitPro/libctru/lib\libctru.a(syscalls.o)
                0x00115218                __syscall_lock_acquire_recursive
 .text.__syscall_lock_release_recursive
                0x0011521c        0x4 C:/devkitPro/libctru/lib\libctru.a(syscalls.o)
                0x0011521c                __syscall_lock_release_recursive
 .text.__syscall_exit
                0x00115220        0x4 C:/devkitPro/libctru/lib\libctru.a(syscalls.o)
                0x00115220                __syscall_exit
 .text.initThreadVars
                0x00115224       0x54 C:/devkitPro/libctru/lib\libctru.a(syscalls.o)
                0x00115224                initThreadVars
 .text.__system_initSyscalls
                0x00115278       0x80 C:/devkitPro/libctru/lib\libctru.a(syscalls.o)
                0x00115278                __system_initSyscalls
 .text.svcControlMemory
                0x001152f8       0x20 C:/devkitPro/libctru/lib\libctru.a(svc.o)
                0x001152f8                svcControlMemory
 .text.svcQueryMemory
                0x00115318       0x30 C:/devkitPro/libctru/lib\libctru.a(svc.o)
                0x00115318                svcQueryMemory
 .text.svcExitProcess
                0x00115348        0x8 C:/devkitPro/libctru/lib\libctru.a(svc.o)
                0x00115348                svcExitProcess
 .text.svcCreateThread
                0x00115350       0x20 C:/devkitPro/libctru/lib\libctru.a(svc.o)
                0x00115350                svcCreateThread
 .text.svcExitThread
                0x00115370        0x8 C:/devkitPro/libctru/lib\libctru.a(svc.o)
                0x00115370                svcExitThread
 .text.svcSleepThread
                0x00115378        0x8 C:/devkitPro/libctru/lib\libctru.a(svc.o)
                0x00115378                svcSleepThread
 .text.svcReleaseMutex
                0x00115380        0x8 C:/devkitPro/libctru/lib\libctru.a(svc.o)
                0x00115380                svcReleaseMutex
 .text.svcCreateEvent
                0x00115388       0x14 C:/devkitPro/libctru/lib\libctru.a(svc.o)
                0x00115388                svcCreateEvent
 .text.svcSignalEvent
                0x0011539c        0x8 C:/devkitPro/libctru/lib\libctru.a(svc.o)
                0x0011539c                svcSignalEvent
 .text.svcClearEvent
                0x001153a4        0x8 C:/devkitPro/libctru/lib\libctru.a(svc.o)
                0x001153a4                svcClearEvent
 .text.svcMapMemoryBlock
                0x001153ac        0x8 C:/devkitPro/libctru/lib\libctru.a(svc.o)
                0x001153ac                svcMapMemoryBlock
 .text.svcUnmapMemoryBlock
                0x001153b4        0x8 C:/devkitPro/libctru/lib\libctru.a(svc.o)
                0x001153b4                svcUnmapMemoryBlock
 .text.svcCreateAddressArbiter
                0x001153bc       0x14 C:/devkitPro/libctru/lib\libctru.a(svc.o)
                0x001153bc                svcCreateAddressArbiter
 .text.svcArbitrateAddressNoTimeout
                0x001153d0        0x8 C:/devkitPro/libctru/lib\libctru.a(svc.o)
                0x001153d0                svcArbitrateAddressNoTimeout
 .text.svcCloseHandle
                0x001153d8        0x8 C:/devkitPro/libctru/lib\libctru.a(svc.o)
                0x001153d8                svcCloseHandle
 .text.svcWaitSynchronization
                0x001153e0        0x8 C:/devkitPro/libctru/lib\libctru.a(svc.o)
                0x001153e0                svcWaitSynchronization
 .text.svcWaitSynchronizationN
                0x001153e8       0x28 C:/devkitPro/libctru/lib\libctru.a(svc.o)
                0x001153e8                svcWaitSynchronizationN
 .text.svcDuplicateHandle
                0x00115410       0x14 C:/devkitPro/libctru/lib\libctru.a(svc.o)
                0x00115410                svcDuplicateHandle
 .text.svcGetSystemTick
                0x00115424        0x8 C:/devkitPro/libctru/lib\libctru.a(svc.o)
                0x00115424                svcGetSystemTick
 .text.svcConnectToPort
                0x0011542c       0x14 C:/devkitPro/libctru/lib\libctru.a(svc.o)
                0x0011542c                svcConnectToPort
 .text.svcSendSyncRequest
                0x00115440        0x8 C:/devkitPro/libctru/lib\libctru.a(svc.o)
                0x00115440                svcSendSyncRequest
 .text.svcGetResourceLimit
                0x00115448       0x14 C:/devkitPro/libctru/lib\libctru.a(svc.o)
                0x00115448                svcGetResourceLimit
 .text.svcGetResourceLimitLimitValues
                0x0011545c        0x8 C:/devkitPro/libctru/lib\libctru.a(svc.o)
                0x0011545c                svcGetResourceLimitLimitValues
 .text.svcGetResourceLimitCurrentValues
                0x00115464        0x8 C:/devkitPro/libctru/lib\libctru.a(svc.o)
                0x00115464                svcGetResourceLimitCurrentValues
 .text.svcBreak
                0x0011546c        0x8 C:/devkitPro/libctru/lib\libctru.a(svc.o)
                0x0011546c                svcBreak
 .text.__aeabi_read_tp
                0x00115474        0xc C:/devkitPro/libctru/lib\libctru.a(readtp.o)
                0x00115474                __aeabi_read_tp
 .text.initSystem
                0x00115480       0x50 C:/devkitPro/libctru/lib\libctru.a(stack_adjust.o)
                0x00115480                initSystem
 .text.__ctru_exit
                0x001154d0       0x14 C:/devkitPro/libctru/lib\libctru.a(stack_adjust.o)
                0x001154d0                __ctru_exit
 .text.envGetHandle
                0x001154e4       0x8c C:/devkitPro/libctru/lib\libctru.a(env.o)
                0x001154e4                envGetHandle
 .text.envDestroyHandles
                0x00115570       0x50 C:/devkitPro/libctru/lib\libctru.a(env.o)
                0x00115570                envDestroyHandles
 .text.srvInit  0x001155c0      0x164 C:/devkitPro/libctru/lib\libctru.a(srv.o)
                0x001155c0                srvInit
 .text.srvExit  0x00115724       0x64 C:/devkitPro/libctru/lib\libctru.a(srv.o)
                0x00115724                srvExit
 .text.srvEnableNotification
                0x00115788       0x60 C:/devkitPro/libctru/lib\libctru.a(srv.o)
                0x00115788                srvEnableNotification
 .text.srvGetServiceHandleDirect
                0x001157e8       0xa0 C:/devkitPro/libctru/lib\libctru.a(srv.o)
                0x001157e8                srvGetServiceHandleDirect
 .text.srvGetServiceHandle
                0x00115888       0x48 C:/devkitPro/libctru/lib\libctru.a(srv.o)
                0x00115888                srvGetServiceHandle
 .text.srvSubscribe
                0x001158d0       0x34 C:/devkitPro/libctru/lib\libctru.a(srv.o)
                0x001158d0                srvSubscribe
 .text.srvReceiveNotification
                0x00115904       0x60 C:/devkitPro/libctru/lib\libctru.a(srv.o)
                0x00115904                srvReceiveNotification
 .text.srvPublishToSubscriber
                0x00115964       0x38 C:/devkitPro/libctru/lib\libctru.a(srv.o)
                0x00115964                srvPublishToSubscriber
 .text.__sync_init
                0x0011599c        0xc C:/devkitPro/libctru/lib\libctru.a(synchronization.o)
                0x0011599c                __sync_init
 .text.__sync_fini
                0x001159a8       0x18 C:/devkitPro/libctru/lib\libctru.a(synchronization.o)
                0x001159a8                __sync_fini
 .text.syncArbitrateAddress
                0x001159c0       0x28 C:/devkitPro/libctru/lib\libctru.a(synchronization.o)
                0x001159c0                syncArbitrateAddress
 .text.LightLock_Init
                0x001159e8       0x1c C:/devkitPro/libctru/lib\libctru.a(synchronization.o)
                0x001159e8                LightLock_Init
 .text.LightLock_Lock
                0x00115a04       0xac C:/devkitPro/libctru/lib\libctru.a(synchronization.o)
                0x00115a04                LightLock_Lock
 .text.LightLock_Unlock
                0x00115ab0       0x40 C:/devkitPro/libctru/lib\libctru.a(synchronization.o)
                0x00115ab0                LightLock_Unlock
 .text.RecursiveLock_Lock
                0x00115af0       0x54 C:/devkitPro/libctru/lib\libctru.a(synchronization.o)
                0x00115af0                RecursiveLock_Lock
 .text.RecursiveLock_Unlock
                0x00115b44       0x54 C:/devkitPro/libctru/lib\libctru.a(synchronization.o)
                0x00115b44                RecursiveLock_Unlock
 .text.LightEvent_Init
                0x00115b98       0x44 C:/devkitPro/libctru/lib\libctru.a(synchronization.o)
                0x00115b98                LightEvent_Init
 .text.LightEvent_Clear
                0x00115bdc       0xb8 C:/devkitPro/libctru/lib\libctru.a(synchronization.o)
                0x00115bdc                LightEvent_Clear
 .text.LightEvent_Signal
                0x00115c94       0xdc C:/devkitPro/libctru/lib\libctru.a(synchronization.o)
                0x00115c94                LightEvent_Signal
 .text.LightEvent_TryWait
                0x00115d70       0x50 C:/devkitPro/libctru/lib\libctru.a(synchronization.o)
                0x00115d70                LightEvent_TryWait
 .text.LightEvent_Wait
                0x00115dc0       0xac C:/devkitPro/libctru/lib\libctru.a(synchronization.o)
                0x00115dc0                LightEvent_Wait
 .text.threadCreate
                0x00115e6c      0x1fc C:/devkitPro/libctru/lib\libctru.a(thread.o)
                0x00115e6c                threadCreate
 .text.threadFree
                0x00116068       0x38 C:/devkitPro/libctru/lib\libctru.a(thread.o)
                0x00116068                threadFree
 .text.threadJoin
                0x001160a0       0x24 C:/devkitPro/libctru/lib\libctru.a(thread.o)
                0x001160a0                threadJoin
 .text.threadGetCurrent
                0x001160c4       0x30 C:/devkitPro/libctru/lib\libctru.a(thread.o)
                0x001160c4                threadGetCurrent
 .text.threadExit
                0x001160f4       0x40 C:/devkitPro/libctru/lib\libctru.a(thread.o)
                0x001160f4                threadExit
 .text._thread_begin
                0x00116134       0x20 C:/devkitPro/libctru/lib\libctru.a(thread.o)
 .text.mappableFindAddressWithin
                0x00116154       0x90 C:/devkitPro/libctru/lib\libctru.a(mappable.o)
 .text.mappableInit
                0x001161e4       0x28 C:/devkitPro/libctru/lib\libctru.a(mappable.o)
                0x001161e4                mappableInit
 .text.mappableAlloc
                0x0011620c       0x7c C:/devkitPro/libctru/lib\libctru.a(mappable.o)
                0x0011620c                mappableAlloc
 .text.mappableFree
                0x00116288        0x4 C:/devkitPro/libctru/lib\libctru.a(mappable.o)
                0x00116288                mappableFree
 .text.srvPmGetSessionHandle
                0x0011628c        0xc C:/devkitPro/libctru/lib\libctru.a(srvpm.o)
                0x0011628c                srvPmGetSessionHandle
 .text.rbtree_node_next
                0x00116298       0x60 C:/devkitPro/libctru/lib\libctru.a(rbtree_iterator.o)
                0x00116298                rbtree_node_next
 .text.decode_utf16
                0x001162f8       0x54 C:/devkitPro/libctru/lib\libctru.a(decode_utf16.o)
                0x001162f8                decode_utf16
 .text.encode_utf16
                0x0011634c       0x54 C:/devkitPro/libctru/lib\libctru.a(encode_utf16.o)
                0x0011634c                encode_utf16
 .text.encode_utf8
                0x001163a0       0xe0 C:/devkitPro/libctru/lib\libctru.a(encode_utf8.o)
                0x001163a0                encode_utf8
 .text.__appExit
                0x00116480       0x30 C:/devkitPro/libctru/lib\libctru.a(appExit.o)
                0x00116480                __appExit
 .text.__appInit
                0x001164b0       0x30 C:/devkitPro/libctru/lib\libctru.a(appInit.o)
                0x001164b0                __appInit
 .text.__libctru_exit
                0x001164e0       0x90 C:/devkitPro/libctru/lib\libctru.a(ctru_exit.o)
                0x001164e0                __libctru_exit
 .text.error_cmp
                0x00116570       0x24 C:/devkitPro/libctru/lib\libctru.a(archive_dev.o)
 .text.archive_translate_error
                0x00116594       0x50 C:/devkitPro/libctru/lib\libctru.a(archive_dev.o)
 .text.archive_seek
                0x001165e4       0xc0 C:/devkitPro/libctru/lib\libctru.a(archive_dev.o)
 .text._archiveInit.part.0
                0x001166a4       0x78 C:/devkitPro/libctru/lib\libctru.a(archive_dev.o)
 .text.archiveFindDevice.part.0
                0x0011671c      0x110 C:/devkitPro/libctru/lib\libctru.a(archive_dev.o)
 .text.archive_utf16path
                0x0011682c      0x298 C:/devkitPro/libctru/lib\libctru.a(archive_dev.o)
 .text._archiveUnmountDeviceStruct.part.0
                0x00116ac4       0x98 C:/devkitPro/libctru/lib\libctru.a(archive_dev.o)
 .text._archiveMountDevice
                0x00116b5c      0x178 C:/devkitPro/libctru/lib\libctru.a(archive_dev.o)
 .text.archive_diropen
                0x00116cd4       0xf8 C:/devkitPro/libctru/lib\libctru.a(archive_dev.o)
 .text.archive_fstat
                0x00116dcc       0xac C:/devkitPro/libctru/lib\libctru.a(archive_dev.o)
 .text.archive_fsync
                0x00116e78       0x74 C:/devkitPro/libctru/lib\libctru.a(archive_dev.o)
 .text.archive_close
                0x00116eec       0x74 C:/devkitPro/libctru/lib\libctru.a(archive_dev.o)
 .text.archive_dirclose
                0x00116f60       0x78 C:/devkitPro/libctru/lib\libctru.a(archive_dev.o)
 .text.sdmc_statvfs
                0x00116fd8       0xec C:/devkitPro/libctru/lib\libctru.a(archive_dev.o)
 .text.archive_chdir
                0x001170c4       0xf8 C:/devkitPro/libctru/lib\libctru.a(archive_dev.o)
 .text.archive_ftruncate
                0x001171bc       0x8c C:/devkitPro/libctru/lib\libctru.a(archive_dev.o)
 .text.archive_read
                0x00117248       0xbc C:/devkitPro/libctru/lib\libctru.a(archive_dev.o)
 .text.archive_unlink
                0x00117304       0xa8 C:/devkitPro/libctru/lib\libctru.a(archive_dev.o)
 .text.archive_rmdir
                0x001173ac       0xc0 C:/devkitPro/libctru/lib\libctru.a(archive_dev.o)
 .text.archive_mkdir
                0x0011746c       0xd8 C:/devkitPro/libctru/lib\libctru.a(archive_dev.o)
 .text.archive_stat
                0x00117544      0x1a0 C:/devkitPro/libctru/lib\libctru.a(archive_dev.o)
 .text.archive_dirnext
                0x001176e4      0x164 C:/devkitPro/libctru/lib\libctru.a(archive_dev.o)
 .text.archive_write
                0x00117848      0x13c C:/devkitPro/libctru/lib\libctru.a(archive_dev.o)
 *fill*         0x00117984        0x4 
 .text.archive_open
                0x00117988      0x254 C:/devkitPro/libctru/lib\libctru.a(archive_dev.o)
 .text.archive_rename
                0x00117bdc      0x270 C:/devkitPro/libctru/lib\libctru.a(archive_dev.o)
 .text.archiveMountSdmc
                0x00117e4c      0x1c8 C:/devkitPro/libctru/lib\libctru.a(archive_dev.o)
                0x00117e4c                archiveMountSdmc
 .text.archiveUnmountAll
                0x00118014       0x54 C:/devkitPro/libctru/lib\libctru.a(archive_dev.o)
                0x00118014                archiveUnmountAll
 .text.sinf     0x00118068      0x264 C:/devkitPro/devkitARM/bin/../lib/gcc/arm-none-eabi/16.1.0/../../../../arm-none-eabi/lib/armv6k/fpu\libm.a(libm_a-sinf.o)
                0x00118068                sinf
 .text.with_errnof
                0x001182cc       0x24 C:/devkitPro/devkitARM/bin/../lib/gcc/arm-none-eabi/16.1.0/../../../../arm-none-eabi/lib/armv6k/fpu\libm.a(libm_a-math_errf.o)
 .text.__math_invalidf
                0x001182f0       0x1c C:/devkitPro/devkitARM/bin/../lib/gcc/arm-none-eabi/16.1.0/../../../../arm-none-eabi/lib/armv6k/fpu\libm.a(libm_a-math_errf.o)
                0x001182f0                __math_invalidf
 .text.ceilf    0x0011830c       0xc0 C:/devkitPro/devkitARM/bin/../lib/gcc/arm-none-eabi/16.1.0/../../../../arm-none-eabi/lib/armv6k/fpu\libm.a(libm_a-sf_ceil.o)
                0x0011830c                ceilf
 *fill*         0x001183cc        0x4 
 .text.cosf     0x001183d0      0x25c C:/devkitPro/devkitARM/bin/../lib/gcc/arm-none-eabi/16.1.0/../../../../arm-none-eabi/lib/armv6k/fpu\libm.a(libm_a-cosf.o)
                0x001183d0                cosf
 .text.__udivmoddi4
                0x0011862c      0x130 C:/devkitPro/devkitARM/bin/../lib/gcc/arm-none-eabi/16.1.0/armv6k/fpu\libgcc.a(_udivmoddi4.o)
                0x0011862c                __udivmoddi4
 .text.strncat  0x0011875c       0xe4 C:/devkitPro/devkitARM/bin/../lib/gcc/arm-none-eabi/16.1.0/../../../../arm-none-eabi/lib/armv6k/fpu\libg.a(libc_a-strncat.o)
                0x0011875c                strncat
 .text.ftell    0x00118840       0x34 C:/devkitPro/devkitARM/bin/../lib/gcc/arm-none-eabi/16.1.0/../../../../arm-none-eabi/lib/armv6k/fpu\libg.a(libc_a-ftell.o)
                0x00118840                ftell
 .text.memcpy   0x00118874      0x128 C:/devkitPro/devkitARM/bin/../lib/gcc/arm-none-eabi/16.1.0/../../../../arm-none-eabi/lib/armv6k/fpu\libg.a(libc_a-memcpy-stub.o)
                0x00118874                memcpy
 .text.strlen   0x0011899c       0x8c C:/devkitPro/devkitARM/bin/../lib/gcc/arm-none-eabi/16.1.0/../../../../arm-none-eabi/lib/armv6k/fpu\libg.a(libc_a-strlen.o)
                0x0011899c                strlen
 .text._fread_r
                0x00118a28      0x334 C:/devkitPro/devkitARM/bin/../lib/gcc/arm-none-eabi/16.1.0/../../../../arm-none-eabi/lib/armv6k/fpu\libg.a(libc_a-fread.o)
                0x00118a28                _fread_r
 .text.fread    0x00118d5c       0x38 C:/devkitPro/devkitARM/bin/../lib/gcc/arm-none-eabi/16.1.0/../../../../arm-none-eabi/lib/armv6k/fpu\libg.a(libc_a-fread.o)
                0x00118d5c                fread
 .text.bsearch  0x00118d94       0x78 C:/devkitPro/devkitARM/bin/../lib/gcc/arm-none-eabi/16.1.0/../../../../arm-none-eabi/lib/armv6k/fpu\libg.a(libc_a-bsearch.o)
                0x00118d94                bsearch
 .text._fopen_r
                0x00118e0c      0x134 C:/devkitPro/devkitARM/bin/../lib/gcc/arm-none-eabi/16.1.0/../../../../arm-none-eabi/lib/armv6k/fpu\libg.a(libc_a-fopen.o)
                0x00118e0c                _fopen_r
 .text.fopen    0x00118f40       0x28 C:/devkitPro/devkitARM/bin/../lib/gcc/arm-none-eabi/16.1.0/../../../../arm-none-eabi/lib/armv6k/fpu\libg.a(libc_a-fopen.o)
                0x00118f40                fopen
 .text.memalign
                0x00118f68       0x28 C:/devkitPro/devkitARM/bin/../lib/gcc/arm-none-eabi/16.1.0/../../../../arm-none-eabi/lib/armv6k/fpu\libg.a(libc_a-malign.o)
                0x00118f68                memalign
 .text._strtoul_l.isra.0
                0x00118f90      0x1ec C:/devkitPro/devkitARM/bin/../lib/gcc/arm-none-eabi/16.1.0/../../../../arm-none-eabi/lib/armv6k/fpu\libg.a(libc_a-strtoul.o)
 .text.strtoul  0x0011917c       0x3c C:/devkitPro/devkitARM/bin/../lib/gcc/arm-none-eabi/16.1.0/../../../../arm-none-eabi/lib/armv6k/fpu\libg.a(libc_a-strtoul.o)
                0x0011917c                strtoul
 .text.strchr   0x001191b8      0x140 C:/devkitPro/devkitARM/bin/../lib/gcc/arm-none-eabi/16.1.0/../../../../arm-none-eabi/lib/armv6k/fpu\libg.a(libc_a-strchr.o)
                0x001191b8                strchr
 .text.memcmp   0x001192f8       0xd8 C:/devkitPro/devkitARM/bin/../lib/gcc/arm-none-eabi/16.1.0/../../../../arm-none-eabi/lib/armv6k/fpu\libg.a(libc_a-memcmp.o)
                0x001192f8                memcmp
 .text.calloc   0x001193d0       0x28 C:/devkitPro/devkitARM/bin/../lib/gcc/arm-none-eabi/16.1.0/../../../../arm-none-eabi/lib/armv6k/fpu\libg.a(libc_a-calloc.o)
                0x001193d0                calloc
 .text._memalign_r
                0x001193f8      0x16c C:/devkitPro/devkitARM/bin/../lib/gcc/arm-none-eabi/16.1.0/../../../../arm-none-eabi/lib/armv6k/fpu\libg.a(libc_a-malignr.o)
                0x001193f8                _memalign_r
 .text.__errno  0x00119564        0xc C:/devkitPro/devkitARM/bin/../lib/gcc/arm-none-eabi/16.1.0/../../../../arm-none-eabi/lib/armv6k/fpu\libg.a(libc_a-errno.o)
                0x00119564                __errno
 .text.__smakebuf_r
                0x00119570      0x164 C:/devkitPro/devkitARM/bin/../lib/gcc/arm-none-eabi/16.1.0/../../../../arm-none-eabi/lib/armv6k/fpu\libg.a(libc_a-makebuf.o)
                0x00119570                __smakebuf_r
 .text.__swhatbuf_r
                0x001196d4       0x90 C:/devkitPro/devkitARM/bin/../lib/gcc/arm-none-eabi/16.1.0/../../../../arm-none-eabi/lib/armv6k/fpu\libg.a(libc_a-makebuf.o)
                0x001196d4                __swhatbuf_r
 .text.memset   0x00119764       0xe4 C:/devkitPro/devkitARM/bin/../lib/gcc/arm-none-eabi/16.1.0/../../../../arm-none-eabi/lib/armv6k/fpu\libg.a(libc_a-memset.o)
                0x00119764                memset
 .text._calloc_r
                0x00119848       0xd8 C:/devkitPro/devkitARM/bin/../lib/gcc/arm-none-eabi/16.1.0/../../../../arm-none-eabi/lib/armv6k/fpu\libg.a(libc_a-callocr.o)
                0x00119848                _calloc_r
 .text.__sflush_r
                0x00119920      0x22c C:/devkitPro/devkitARM/bin/../lib/gcc/arm-none-eabi/16.1.0/../../../../arm-none-eabi/lib/armv6k/fpu\libg.a(libc_a-fflush.o)
                0x00119920                __sflush_r
 .text._fflush_r
                0x00119b4c       0xc4 C:/devkitPro/devkitARM/bin/../lib/gcc/arm-none-eabi/16.1.0/../../../../arm-none-eabi/lib/armv6k/fpu\libg.a(libc_a-fflush.o)
                0x00119b4c                _fflush_r
 .text.qsort    0x00119c10      0x8e8 C:/devkitPro/devkitARM/bin/../lib/gcc/arm-none-eabi/16.1.0/../../../../arm-none-eabi/lib/armv6k/fpu\libg.a(libc_a-qsort.o)
                0x00119c10                qsort
 .text._ftello_r
                0x0011a4f8      0x1c4 C:/devkitPro/devkitARM/bin/../lib/gcc/arm-none-eabi/16.1.0/../../../../arm-none-eabi/lib/armv6k/fpu\libg.a(libc_a-ftello.o)
                0x0011a4f8                _ftello_r
 .text._malloc_r
                0x0011a6bc      0x82c C:/devkitPro/devkitARM/bin/../lib/gcc/arm-none-eabi/16.1.0/../../../../arm-none-eabi/lib/armv6k/fpu\libg.a(libc_a-mallocr.o)
                0x0011a6bc                _malloc_r
 .text._malloc_trim_r
                0x0011aee8      0x114 C:/devkitPro/devkitARM/bin/../lib/gcc/arm-none-eabi/16.1.0/../../../../arm-none-eabi/lib/armv6k/fpu\libg.a(libc_a-freer.o)
                0x0011aee8                _malloc_trim_r
 .text._free_r  0x0011affc      0x314 C:/devkitPro/devkitARM/bin/../lib/gcc/arm-none-eabi/16.1.0/../../../../arm-none-eabi/lib/armv6k/fpu\libg.a(libc_a-freer.o)
                0x0011affc                _free_r
 .text.setvbuf  0x0011b310      0x294 C:/devkitPro/devkitARM/bin/../lib/gcc/arm-none-eabi/16.1.0/../../../../arm-none-eabi/lib/armv6k/fpu\libg.a(libc_a-setvbuf.o)
                0x0011b310                setvbuf
 .text.stdio_exit_handler
                0x0011b5a4       0x1c C:/devkitPro/devkitARM/bin/../lib/gcc/arm-none-eabi/16.1.0/../../../../arm-none-eabi/lib/armv6k/fpu\libg.a(libc_a-findfp.o)
 .text.cleanup_stdio
                0x0011b5c0       0x5c C:/devkitPro/devkitARM/bin/../lib/gcc/arm-none-eabi/16.1.0/../../../../arm-none-eabi/lib/armv6k/fpu\libg.a(libc_a-findfp.o)
 .text.global_stdio_init.part.0
                0x0011b61c      0x154 C:/devkitPro/devkitARM/bin/../lib/gcc/arm-none-eabi/16.1.0/../../../../arm-none-eabi/lib/armv6k/fpu\libg.a(libc_a-findfp.o)
 .text.__sfp    0x0011b770      0x138 C:/devkitPro/devkitARM/bin/../lib/gcc/arm-none-eabi/16.1.0/../../../../arm-none-eabi/lib/armv6k/fpu\libg.a(libc_a-findfp.o)
                0x0011b770                __sfp
 .text.__sinit  0x0011b8a8       0x5c C:/devkitPro/devkitARM/bin/../lib/gcc/arm-none-eabi/16.1.0/../../../../arm-none-eabi/lib/armv6k/fpu\libg.a(libc_a-findfp.o)
                0x0011b8a8                __sinit
 .text.__sfp_lock_acquire
                0x0011b904        0xc C:/devkitPro/devkitARM/bin/../lib/gcc/arm-none-eabi/16.1.0/../../../../arm-none-eabi/lib/armv6k/fpu\libg.a(libc_a-findfp.o)
                0x0011b904                __sfp_lock_acquire
 .text.__sfp_lock_release
                0x0011b910        0xc C:/devkitPro/devkitARM/bin/../lib/gcc/arm-none-eabi/16.1.0/../../../../arm-none-eabi/lib/armv6k/fpu\libg.a(libc_a-findfp.o)
                0x0011b910                __sfp_lock_release
 .text.__libc_init_array
                0x0011b91c       0x84 C:/devkitPro/devkitARM/bin/../lib/gcc/arm-none-eabi/16.1.0/../../../../arm-none-eabi/lib/armv6k/fpu\libg.a(libc_a-init.o)
                0x0011b91c                __libc_init_array
 .text.strncpy  0x0011b9a0       0xd4 C:/devkitPro/devkitARM/bin/../lib/gcc/arm-none-eabi/16.1.0/../../../../arm-none-eabi/lib/armv6k/fpu\libg.a(libc_a-strncpy.o)
                0x0011b9a0                strncpy
 .text._fseek_r
                0x0011ba74       0x1c C:/devkitPro/devkitARM/bin/../lib/gcc/arm-none-eabi/16.1.0/../../../../arm-none-eabi/lib/armv6k/fpu\libg.a(libc_a-fseek.o)
                0x0011ba74                _fseek_r
 .text.fseek    0x0011ba90       0x34 C:/devkitPro/devkitARM/bin/../lib/gcc/arm-none-eabi/16.1.0/../../../../arm-none-eabi/lib/armv6k/fpu\libg.a(libc_a-fseek.o)
                0x0011ba90                fseek
 .text.malloc   0x0011bac4       0x40 C:/devkitPro/devkitARM/bin/../lib/gcc/arm-none-eabi/16.1.0/../../../../arm-none-eabi/lib/armv6k/fpu\libg.a(libc_a-malloc.o)
                0x0011bac4                malloc
 .text.free     0x0011bb04       0x20 C:/devkitPro/devkitARM/bin/../lib/gcc/arm-none-eabi/16.1.0/../../../../arm-none-eabi/lib/armv6k/fpu\libg.a(libc_a-malloc.o)
                0x0011bb04                free
 .text._puts_r  0x0011bb24       0xe0 C:/devkitPro/devkitARM/bin/../lib/gcc/arm-none-eabi/16.1.0/../../../../arm-none-eabi/lib/armv6k/fpu\libg.a(libc_a-puts.o)
                0x0011bb24                _puts_r
 .text.puts     0x0011bc04       0x20 C:/devkitPro/devkitARM/bin/../lib/gcc/arm-none-eabi/16.1.0/../../../../arm-none-eabi/lib/armv6k/fpu\libg.a(libc_a-puts.o)
                0x0011bc04                puts
 .text.__sread  0x0011bc24       0x44 C:/devkitPro/devkitARM/bin/../lib/gcc/arm-none-eabi/16.1.0/../../../../arm-none-eabi/lib/armv6k/fpu\libg.a(libc_a-stdio.o)
                0x0011bc24                __sread
 .text.__swrite
                0x0011bc68       0x68 C:/devkitPro/devkitARM/bin/../lib/gcc/arm-none-eabi/16.1.0/../../../../arm-none-eabi/lib/armv6k/fpu\libg.a(libc_a-stdio.o)
                0x0011bc68                __swrite
 .text.__sseek  0x0011bcd0       0x40 C:/devkitPro/devkitARM/bin/../lib/gcc/arm-none-eabi/16.1.0/../../../../arm-none-eabi/lib/armv6k/fpu\libg.a(libc_a-stdio.o)
                0x0011bcd0                __sseek
 .text.__sclose
                0x0011bd10        0x8 C:/devkitPro/devkitARM/bin/../lib/gcc/arm-none-eabi/16.1.0/../../../../arm-none-eabi/lib/armv6k/fpu\libg.a(libc_a-stdio.o)
                0x0011bd10                __sclose
 .text._realloc_r
                0x0011bd18      0x4f0 C:/devkitPro/devkitARM/bin/../lib/gcc/arm-none-eabi/16.1.0/../../../../arm-none-eabi/lib/armv6k/fpu\libg.a(libc_a-reallocr.o)
                0x0011bd18                _realloc_r
 .text.__malloc_lock
                0x0011c208        0xc C:/devkitPro/devkitARM/bin/../lib/gcc/arm-none-eabi/16.1.0/../../../../arm-none-eabi/lib/armv6k/fpu\libg.a(libc_a-mlock.o)
                0x0011c208                __malloc_lock
 .text.__malloc_unlock
                0x0011c214        0xc C:/devkitPro/devkitARM/bin/../lib/gcc/arm-none-eabi/16.1.0/../../../../arm-none-eabi/lib/armv6k/fpu\libg.a(libc_a-mlock.o)
                0x0011c214                __malloc_unlock
 .text._fseeko_r
                0x0011c220      0x588 C:/devkitPro/devkitARM/bin/../lib/gcc/arm-none-eabi/16.1.0/../../../../arm-none-eabi/lib/armv6k/fpu\libg.a(libc_a-fseeko.o)
                0x0011c220                _fseeko_r
 .text._fclose_r
                0x0011c7a8      0x148 C:/devkitPro/devkitARM/bin/../lib/gcc/arm-none-eabi/16.1.0/../../../../arm-none-eabi/lib/armv6k/fpu\libg.a(libc_a-fclose.o)
                0x0011c7a8                _fclose_r
 .text.fclose   0x0011c8f0       0x20 C:/devkitPro/devkitARM/bin/../lib/gcc/arm-none-eabi/16.1.0/../../../../arm-none-eabi/lib/armv6k/fpu\libg.a(libc_a-fclose.o)
                0x0011c8f0                fclose
 .text.time     0x0011c910       0x48 C:/devkitPro/devkitARM/bin/../lib/gcc/arm-none-eabi/16.1.0/../../../../arm-none-eabi/lib/armv6k/fpu\libg.a(libc_a-time.o)
                0x0011c910                time
 .text.__call_exitprocs
                0x0011c958        0x4 C:/devkitPro/devkitARM/bin/../lib/gcc/arm-none-eabi/16.1.0/../../../../arm-none-eabi/lib/armv6k/fpu\libg.a(libc_a-exit.o)
                0x0011c958                __call_exitprocs
 .text.exit     0x0011c95c       0x30 C:/devkitPro/devkitARM/bin/../lib/gcc/arm-none-eabi/16.1.0/../../../../arm-none-eabi/lib/armv6k/fpu\libg.a(libc_a-exit.o)
                0x0011c95c                exit
 .text.__sflags
                0x0011c98c       0xb8 C:/devkitPro/devkitARM/bin/../lib/gcc/arm-none-eabi/16.1.0/../../../../arm-none-eabi/lib/armv6k/fpu\libg.a(libc_a-flags.o)
                0x0011c98c                __sflags
 .text.__libc_fini_array
                0x0011ca44       0x3c C:/devkitPro/devkitARM/bin/../lib/gcc/arm-none-eabi/16.1.0/../../../../arm-none-eabi/lib/armv6k/fpu\libg.a(libc_a-fini.o)
                0x0011ca44                __libc_fini_array
 .text.strnlen  0x0011ca80       0x3c C:/devkitPro/devkitARM/bin/../lib/gcc/arm-none-eabi/16.1.0/../../../../arm-none-eabi/lib/armv6k/fpu\libg.a(libc_a-strnlen.o)
                0x0011ca80                strnlen
 .text.rewind   0x0011cabc       0x2c C:/devkitPro/devkitARM/bin/../lib/gcc/arm-none-eabi/16.1.0/../../../../arm-none-eabi/lib/armv6k/fpu\libg.a(libc_a-rewind.o)
                0x0011cabc                rewind
 .text.strncmp  0x0011cae8       0xd8 C:/devkitPro/devkitARM/bin/../lib/gcc/arm-none-eabi/16.1.0/../../../../arm-none-eabi/lib/armv6k/fpu\libg.a(libc_a-strncmp.o)
                0x0011cae8                strncmp
 .text.lflush   0x0011cbc0       0x38 C:/devkitPro/devkitARM/bin/../lib/gcc/arm-none-eabi/16.1.0/../../../../arm-none-eabi/lib/armv6k/fpu\libg.a(libc_a-refill.o)
 .text.__srefill_r
                0x0011cbf8      0x1a8 C:/devkitPro/devkitARM/bin/../lib/gcc/arm-none-eabi/16.1.0/../../../../arm-none-eabi/lib/armv6k/fpu\libg.a(libc_a-refill.o)
                0x0011cbf8                __srefill_r
 .text._fwalk_sglue
                0x0011cda0       0x70 C:/devkitPro/devkitARM/bin/../lib/gcc/arm-none-eabi/16.1.0/../../../../arm-none-eabi/lib/armv6k/fpu\libg.a(libc_a-fwalk.o)
                0x0011cda0                _fwalk_sglue
 .text.__sfvwrite_r
                0x0011ce10      0x4a4 C:/devkitPro/devkitARM/bin/../lib/gcc/arm-none-eabi/16.1.0/../../../../arm-none-eabi/lib/armv6k/fpu\libg.a(libc_a-fvwrite.o)
                0x0011ce10                __sfvwrite_r
 .text.memchr   0x0011d2b4       0xe8 C:/devkitPro/devkitARM/bin/../lib/gcc/arm-none-eabi/16.1.0/../../../../arm-none-eabi/lib/armv6k/fpu\libg.a(libc_a-memchr-stub.o)
                0x0011d2b4                memchr
 .text.__swsetup_r
                0x0011d39c      0x140 C:/devkitPro/devkitARM/bin/../lib/gcc/arm-none-eabi/16.1.0/../../../../arm-none-eabi/lib/armv6k/fpu\libg.a(libc_a-wsetup.o)
                0x0011d39c                __swsetup_r
 .text.memmove  0x0011d4dc      0x1a8 C:/devkitPro/devkitARM/bin/../lib/gcc/arm-none-eabi/16.1.0/../../../../arm-none-eabi/lib/armv6k/fpu\libg.a(libc_a-memmove.o)
                0x0011d4dc                memmove
 .text._exit    0x0011d684       0x20 C:/devkitPro/devkitARM/bin/../lib/gcc/arm-none-eabi/16.1.0/../../../../arm-none-eabi/lib/armv6k/fpu\libsysbase.a(libsysbase_libsysbase_a-_exit.o)
                0x0011d684                _exit
 .text.chdir    0x0011d6a4      0x140 C:/devkitPro/devkitARM/bin/../lib/gcc/arm-none-eabi/16.1.0/../../../../arm-none-eabi/lib/armv6k/fpu\libsysbase.a(libsysbase_libsysbase_a-chdir.o)
                0x0011d6a4                chdir
 .text._concatenate_path
                0x0011d7e4      0x1c8 C:/devkitPro/devkitARM/bin/../lib/gcc/arm-none-eabi/16.1.0/../../../../arm-none-eabi/lib/armv6k/fpu\libsysbase.a(libsysbase_libsysbase_a-concatenate.o)
                0x0011d7e4                _concatenate_path
 .text._fstat_r
                0x0011d9ac       0x9c C:/devkitPro/devkitARM/bin/../lib/gcc/arm-none-eabi/16.1.0/../../../../arm-none-eabi/lib/armv6k/fpu\libsysbase.a(libsysbase_libsysbase_a-fstat.o)
                0x0011d9ac                _fstat_r
 .text.__getreent
                0x0011da48       0x2c C:/devkitPro/devkitARM/bin/../lib/gcc/arm-none-eabi/16.1.0/../../../../arm-none-eabi/lib/armv6k/fpu\libsysbase.a(libsysbase_libsysbase_a-getreent.o)
                0x0011da48                __getreent
 .text._gettimeofday_r
                0x0011da74       0x30 C:/devkitPro/devkitARM/bin/../lib/gcc/arm-none-eabi/16.1.0/../../../../arm-none-eabi/lib/armv6k/fpu\libsysbase.a(libsysbase_libsysbase_a-gettod.o)
                0x0011da74                _gettimeofday_r
 .text.__release_handle
                0x0011daa4       0xa0 C:/devkitPro/devkitARM/bin/../lib/gcc/arm-none-eabi/16.1.0/../../../../arm-none-eabi/lib/armv6k/fpu\libsysbase.a(libsysbase_libsysbase_a-handle_manager.o)
                0x0011daa4                __release_handle
 .text.__alloc_handle
                0x0011db44       0xb0 C:/devkitPro/devkitARM/bin/../lib/gcc/arm-none-eabi/16.1.0/../../../../arm-none-eabi/lib/armv6k/fpu\libsysbase.a(libsysbase_libsysbase_a-handle_manager.o)
                0x0011db44                __alloc_handle
 .text.__get_handle
                0x0011dbf4       0x58 C:/devkitPro/devkitARM/bin/../lib/gcc/arm-none-eabi/16.1.0/../../../../arm-none-eabi/lib/armv6k/fpu\libsysbase.a(libsysbase_libsysbase_a-handle_manager.o)
                0x0011dbf4                __get_handle
 .text._close_r
                0x0011dc4c      0x110 C:/devkitPro/devkitARM/bin/../lib/gcc/arm-none-eabi/16.1.0/../../../../arm-none-eabi/lib/armv6k/fpu\libsysbase.a(libsysbase_libsysbase_a-handle_manager.o)
                0x0011dc4c                _close_r
 .text.null_write
                0x0011dd5c        0x8 C:/devkitPro/devkitARM/bin/../lib/gcc/arm-none-eabi/16.1.0/../../../../arm-none-eabi/lib/armv6k/fpu\libsysbase.a(libsysbase_libsysbase_a-iosupport.o)
 .text.setDefaultDevice
                0x0011dd64       0x18 C:/devkitPro/devkitARM/bin/../lib/gcc/arm-none-eabi/16.1.0/../../../../arm-none-eabi/lib/armv6k/fpu\libsysbase.a(libsysbase_libsysbase_a-iosupport.o)
                0x0011dd64                setDefaultDevice
 .text.FindDevice
                0x0011dd7c       0x98 C:/devkitPro/devkitARM/bin/../lib/gcc/arm-none-eabi/16.1.0/../../../../arm-none-eabi/lib/armv6k/fpu\libsysbase.a(libsysbase_libsysbase_a-iosupport.o)
                0x0011dd7c                FindDevice
 .text.RemoveDevice
                0x0011de14       0x24 C:/devkitPro/devkitARM/bin/../lib/gcc/arm-none-eabi/16.1.0/../../../../arm-none-eabi/lib/armv6k/fpu\libsysbase.a(libsysbase_libsysbase_a-iosupport.o)
                0x0011de14                RemoveDevice
 .text.AddDevice